ILI9341_TFT_LCD_init.c:9:6:ILI9341_gamma_set	24	static
ILI9341_TFT_LCD_init.c:22:6:ILI9341_color_set	4	static
ILI9341_TFT_LCD_init.c:26:6:ILI9341_pixel_format_set	24	static
ILI9341_TFT_LCD_init.c:40:6:ILI9341_set_memory_data_access_control	24	static
ILI9341_TFT_LCD_init.c:55:6:ILI9341_RGB_interface_signal_control	24	static
ILI9341_TFT_LCD_init.c:67:6:ILI9341_Frame_control_in_Normal_mode	24	static
ILI9341_TFT_LCD_init.c:80:6:ILI9341_Frame_control_in_Idle_mode	24	static
ILI9341_TFT_LCD_init.c:92:6:ILI9341_Frame_control_in_Partial_mode	24	static
ILI9341_TFT_LCD_init.c:105:6:ILI9341_blanking_porch_control	24	static
ILI9341_TFT_LCD_init.c:118:6:ILI9341_display_function_control	24	static
ILI9341_TFT_LCD_init.c:132:6:ILI9341_Enable_3G	24	static
ILI9341_TFT_LCD_init.c:146:6:ILI9341_positive_Gamma_correction	32	static
ILI9341_TFT_LCD_init.c:152:6:ILI9341_negative_Gamma_correction	32	static
ILI9341_TFT_LCD_init.c:158:6:ILI9341_digital_Gamma_control_1	4	static
ILI9341_TFT_LCD_init.c:162:6:ILI9341_digital_Gamma_control_2	4	static
ILI9341_TFT_LCD_init.c:168:6:ILI9341_interface_control	24	static
ILI9341_TFT_LCD_init.c:181:6:ILI9341_Backlight_control_1	24	static
ILI9341_TFT_LCD_init.c:193:6:ILI9341_Backlight_control_2	24	static
ILI9341_TFT_LCD_init.c:205:6:ILI9341_Backlight_control_3	24	static
ILI9341_TFT_LCD_init.c:217:6:ILI9341_Backlight_control_4	24	static
ILI9341_TFT_LCD_init.c:229:6:ILI9341_Backlight_control_5	24	static
ILI9341_TFT_LCD_init.c:242:6:ILI9341_Backlight_control_7	24	static
ILI9341_TFT_LCD_init.c:254:6:ILI9341_Backlight_control_8	24	static
ILI9341_TFT_LCD_init.c:267:6:ILI9341_entry_mode_set	24	static
ILI9341_TFT_LCD_init.c:280:6:ILI9341_power_control_1	24	static
ILI9341_TFT_LCD_init.c:293:6:ILI9341_power_control_2	24	static
ILI9341_TFT_LCD_init.c:306:6:ILI9341_VCOM_control_1	24	static
ILI9341_TFT_LCD_init.c:319:6:ILI9341_VCOM_control_2	24	static
ILI9341_TFT_LCD_init.c:333:6:ILI9341_power_control_A	32	static
ILI9341_TFT_LCD_init.c:346:6:ILI9341_power_control_B	24	static
ILI9341_TFT_LCD_init.c:359:6:ILI9341_driver_timming_control_A	24	static
ILI9341_TFT_LCD_init.c:371:6:ILI9341_driver_timming_control_A_	24	static
ILI9341_TFT_LCD_init.c:384:6:ILI9341_driver_timming_control_B	24	static
ILI9341_TFT_LCD_init.c:397:6:ILI9341_power_sequence_control	24	static
ILI9341_TFT_LCD_init.c:410:6:ILI9341_pump_ratio_control	24	static
ILI9341_TFT_LCD_init.c:424:6:setting_all	8	static
