ILI9341_TFT_LCD.c:19:6:ILI9341_init	8	static
ILI9341_TFT_LCD.c:34:6:ILI9341_chip_select	8	static
ILI9341_TFT_LCD.c:39:6:ILI9341_chip_deselect	8	static
ILI9341_TFT_LCD.c:45:6:ILI9341_select_send_command	8	static
ILI9341_TFT_LCD.c:49:6:ILI9341_select_send_data	8	static
ILI9341_TFT_LCD.c:54:6:ILI9341_write_data	24	static
ILI9341_TFT_LCD.c:67:6:ILI9341_write_pixel	24	static
ILI9341_TFT_LCD.c:78:6:ILI9341_read_data	32	static
ILI9341_TFT_LCD.c:95:6:ILI9341_software_reset	8	static
ILI9341_TFT_LCD.c:101:6:ILI9341_after_reset_init	8	static
ILI9341_TFT_LCD.c:106:6:ILI9341_read_display_id_information	16	static
ILI9341_TFT_LCD.c:119:6:ILI9341_read_display_status	16	static
ILI9341_TFT_LCD.c:129:6:ILI9341_read_display_power_mode	16	static
ILI9341_TFT_LCD.c:136:6:ILI9341_read_display_MADCTL	16	static
ILI9341_TFT_LCD.c:143:6:ILI9341_read_display_pixel_format	16	static
ILI9341_TFT_LCD.c:149:6:ILI9341_read_display_image_format	16	static
ILI9341_TFT_LCD.c:155:6:ILI9341_read_display_signal_mode	4	static
ILI9341_TFT_LCD.c:159:6:ILI9341_read_dispaly_self_diagnostic_result	16	static
ILI9341_TFT_LCD.c:166:6:ILI9341_display_on	8	static
ILI9341_TFT_LCD.c:172:6:ILI9341_display_off	8	static
ILI9341_TFT_LCD.c:178:6:ILI9341_display_init	8	static
ILI9341_TFT_LCD.c:183:6:ILI9341_tearing_effect_line_off	4	static
ILI9341_TFT_LCD.c:187:6:ILI9341_tearing_effect_line_on	4	static
ILI9341_TFT_LCD.c:192:6:ILI9341_normal_display_mode_on	8	static
ILI9341_TFT_LCD.c:197:6:ILI9341_partial_mode_on	16	static
ILI9341_TFT_LCD.c:203:6:ILI9341_partial_mode_off	8	static
ILI9341_TFT_LCD.c:211:6:ILI9341_set_partial_area	24	static
ILI9341_TFT_LCD.c:221:6:ILI9341_set_column_address	24	static
ILI9341_TFT_LCD.c:231:6:ILI9341_set_page_address	24	static
ILI9341_TFT_LCD.c:241:6:ILI9341_vertical_scrolling_definition	24	static
ILI9341_TFT_LCD.c:253:6:ILI9341_vertical_scrolling_start_address	24	static
ILI9341_TFT_LCD.c:261:6:ILI9341_enter_scroll_mode	8	static
ILI9341_TFT_LCD.c:272:6:ILI9341_run_continue_scroll_mode	4	static
ILI9341_TFT_LCD.c:276:6:ILI9341_leave_scroll_mode	8	static
ILI9341_TFT_LCD.c:286:6:ILI9341_sleep_out	8	static
ILI9341_TFT_LCD.c:292:9:color_convert_8_to_6	16	static
ILI9341_TFT_LCD.c:297:10:color_convert_to_data	24	static
ILI9341_TFT_LCD.c:312:6:ILI9341_fill_screen	24	static
ILI9341_TFT_LCD.c:330:6:ILI9341_write_char_5x5	64	static
ILI9341_TFT_LCD.c:366:6:ILI9341_write_string	64	static
ILI9341_TFT_LCD.c:412:6:ILI9341_write_char_15x15	152	static
