Archive member included to satisfy reference by file (symbol)

c:/program files (x86)/atmel/studio/7.0/toolchain/avr8/avr8-gnu-toolchain/bin/../lib/gcc/avr/5.4.0/avr51\libgcc.a(_udivmodhi4.o)
                              source_file/i2c.o (__udivmodhi4)
c:/program files (x86)/atmel/studio/7.0/toolchain/avr8/avr8-gnu-toolchain/bin/../lib/gcc/avr/5.4.0/avr51\libgcc.a(_udivmodsi4.o)
                              source_file/ILI9341_LCD_input_data.o (__udivmodsi4)
c:/program files (x86)/atmel/studio/7.0/toolchain/avr8/avr8-gnu-toolchain/bin/../lib/gcc/avr/5.4.0/avr51\libgcc.a(_exit.o)
                              C:/Program Files (x86)/Atmel/Studio/7.0/Packs/atmel/ATmega_DFP/1.6.364/gcc/dev/atmega128/avr51/crtatmega128.o (exit)
c:/program files (x86)/atmel/studio/7.0/toolchain/avr8/avr8-gnu-toolchain/bin/../lib/gcc/avr/5.4.0/avr51\libgcc.a(_copy_data.o)
                              source_file/CCS811_air_quality_sensor.o (__do_copy_data)
c:/program files (x86)/atmel/studio/7.0/toolchain/avr8/avr8-gnu-toolchain/bin/../lib/gcc/avr/5.4.0/avr51\libgcc.a(_clear_bss.o)
                              source_file/CCS811_air_quality_sensor.o (__do_clear_bss)
c:/program files (x86)/atmel/studio/7.0/toolchain/avr8/avr8-gnu-toolchain/bin/../lib/gcc/avr/5.4.0/avr51\libgcc.a(_umulhisi3.o)
                              source_file/ILI9341_LCD_input_data.o (__umulhisi3)
c:/program files (x86)/atmel/studio/7.0/toolchain/avr8/avr8-gnu-toolchain/bin/../lib/gcc/avr/5.4.0/avr51\libgcc.a(_muluhisi3.o)
                              source_file/SHT31_temp_humi_sensor.o (__muluhisi3)
c:/program files (x86)/atmel/studio/7.0/toolchain/avr8/avr8-gnu-toolchain/bin/../lib/gcc/avr/5.4.0/../../../../avr/lib/avr51\libc.a(isalpha.o)
                              source_file/ILI9341_TFT_LCD.o (isupper)
c:/program files (x86)/atmel/studio/7.0/toolchain/avr8/avr8-gnu-toolchain/bin/../lib/gcc/avr/5.4.0/../../../../avr/lib/avr51\libc.a(isspace.o)
                              source_file/ILI9341_TFT_LCD.o (isspace)
c:/program files (x86)/atmel/studio/7.0/toolchain/avr8/avr8-gnu-toolchain/bin/../lib/gcc/avr/5.4.0/../../../../avr/lib/avr51\libc.a(ispunct.o)
                              source_file/ILI9341_TFT_LCD.o (ispunct)
c:/program files (x86)/atmel/studio/7.0/toolchain/avr8/avr8-gnu-toolchain/bin/../lib/gcc/avr/5.4.0/../../../../avr/lib/avr51\libc.a(strcmp.o)
                              source_file/ESP8266.o (strcmp)
c:/program files (x86)/atmel/studio/7.0/toolchain/avr8/avr8-gnu-toolchain/bin/../lib/gcc/avr/5.4.0/../../../../avr/lib/avr51\libc.a(strstr.o)
                              source_file/ESP8266.o (strstr)
c:/program files (x86)/atmel/studio/7.0/toolchain/avr8/avr8-gnu-toolchain/bin/../lib/gcc/avr/5.4.0/../../../../avr/lib/avr51\libc.a(iob.o)
                              source_file/uart1.o (__iob)
c:/program files (x86)/atmel/studio/7.0/toolchain/avr8/avr8-gnu-toolchain/bin/../lib/gcc/avr/5.4.0/../../../../avr/lib/avr51\libc.a(printf.o)
                              source_file/CCS811_air_quality_sensor.o (printf)
c:/program files (x86)/atmel/studio/7.0/toolchain/avr8/avr8-gnu-toolchain/bin/../lib/gcc/avr/5.4.0/../../../../avr/lib/avr51\libc.a(putchar.o)
                              source_file/ESP8266.o (putchar)
c:/program files (x86)/atmel/studio/7.0/toolchain/avr8/avr8-gnu-toolchain/bin/../lib/gcc/avr/5.4.0/../../../../avr/lib/avr51\libc.a(vfprintf_std.o)
                              c:/program files (x86)/atmel/studio/7.0/toolchain/avr8/avr8-gnu-toolchain/bin/../lib/gcc/avr/5.4.0/../../../../avr/lib/avr51\libc.a(printf.o) (vfprintf)
c:/program files (x86)/atmel/studio/7.0/toolchain/avr8/avr8-gnu-toolchain/bin/../lib/gcc/avr/5.4.0/../../../../avr/lib/avr51\libc.a(isalnum.o)
                              c:/program files (x86)/atmel/studio/7.0/toolchain/avr8/avr8-gnu-toolchain/bin/../lib/gcc/avr/5.4.0/../../../../avr/lib/avr51\libc.a(ispunct.o) (isalnum)
c:/program files (x86)/atmel/studio/7.0/toolchain/avr8/avr8-gnu-toolchain/bin/../lib/gcc/avr/5.4.0/../../../../avr/lib/avr51\libc.a(cty_isfalse.o)
                              c:/program files (x86)/atmel/studio/7.0/toolchain/avr8/avr8-gnu-toolchain/bin/../lib/gcc/avr/5.4.0/../../../../avr/lib/avr51\libc.a(isalpha.o) (__ctype_isfalse)
c:/program files (x86)/atmel/studio/7.0/toolchain/avr8/avr8-gnu-toolchain/bin/../lib/gcc/avr/5.4.0/../../../../avr/lib/avr51\libc.a(strnlen_P.o)
                              c:/program files (x86)/atmel/studio/7.0/toolchain/avr8/avr8-gnu-toolchain/bin/../lib/gcc/avr/5.4.0/../../../../avr/lib/avr51\libc.a(vfprintf_std.o) (strnlen_P)
c:/program files (x86)/atmel/studio/7.0/toolchain/avr8/avr8-gnu-toolchain/bin/../lib/gcc/avr/5.4.0/../../../../avr/lib/avr51\libc.a(strnlen.o)
                              c:/program files (x86)/atmel/studio/7.0/toolchain/avr8/avr8-gnu-toolchain/bin/../lib/gcc/avr/5.4.0/../../../../avr/lib/avr51\libc.a(vfprintf_std.o) (strnlen)
c:/program files (x86)/atmel/studio/7.0/toolchain/avr8/avr8-gnu-toolchain/bin/../lib/gcc/avr/5.4.0/../../../../avr/lib/avr51\libc.a(fputc.o)
                              c:/program files (x86)/atmel/studio/7.0/toolchain/avr8/avr8-gnu-toolchain/bin/../lib/gcc/avr/5.4.0/../../../../avr/lib/avr51\libc.a(putchar.o) (fputc)
c:/program files (x86)/atmel/studio/7.0/toolchain/avr8/avr8-gnu-toolchain/bin/../lib/gcc/avr/5.4.0/../../../../avr/lib/avr51\libc.a(ultoa_invert.o)
                              c:/program files (x86)/atmel/studio/7.0/toolchain/avr8/avr8-gnu-toolchain/bin/../lib/gcc/avr/5.4.0/../../../../avr/lib/avr51\libc.a(vfprintf_std.o) (__ultoa_invert)

Allocating common symbols
Common symbol       size              file

result_receive_string
                    0x1f9             source_file/ESP8266.o
current_time        0xe               source_file/ILI9341_LCD_input_data.o
received_time_string
                    0xca              source_file/ESP8266.o
receive_sleep_mode_string
                    0x65              source_file/ESP8266.o
time_index          0xc               source_file/ILI9341_LCD_input_data.o
__iob               0x6               c:/program files (x86)/atmel/studio/7.0/toolchain/avr8/avr8-gnu-toolchain/bin/../lib/gcc/avr/5.4.0/../../../../avr/lib/avr51\libc.a(iob.o)
esp8266_user_status
                    0x1               source_file/ESP8266.o

Discarded input sections

 .data          0x00000000        0x0 C:/Program Files (x86)/Atmel/Studio/7.0/Packs/atmel/ATmega_DFP/1.6.364/gcc/dev/atmega128/avr51/crtatmega128.o
 .bss           0x00000000        0x0 C:/Program Files (x86)/Atmel/Studio/7.0/Packs/atmel/ATmega_DFP/1.6.364/gcc/dev/atmega128/avr51/crtatmega128.o
 .text          0x00000000        0x0 main.o
 .data          0x00000000        0x0 main.o
 .bss           0x00000000        0x0 main.o
 .text          0x00000000        0x0 source_file/CCS811_air_quality_sensor.o
 .data          0x00000000        0x0 source_file/CCS811_air_quality_sensor.o
 .bss           0x00000000        0x0 source_file/CCS811_air_quality_sensor.o
 .text.CCS811_receive_2bytes_data
                0x00000000       0x1c source_file/CCS811_air_quality_sensor.o
 .text.CCS811_read_Measure_mode
                0x00000000       0x4e source_file/CCS811_air_quality_sensor.o
 .text.CCS811_check_error
                0x00000000       0x4c source_file/CCS811_air_quality_sensor.o
 .text.CCS811_write_baseline
                0x00000000       0x1c source_file/CCS811_air_quality_sensor.o
 .text.CCS811_store_baseline
                0x00000000       0x3c source_file/CCS811_air_quality_sensor.o
 .text.CCS811_bootloader_verify
                0x00000000       0x2a source_file/CCS811_air_quality_sensor.o
 .text          0x00000000        0x0 source_file/ESP8266.o
 .data          0x00000000        0x0 source_file/ESP8266.o
 .bss           0x00000000        0x0 source_file/ESP8266.o
 .text          0x00000000        0x0 source_file/Exinterrupt.o
 .data          0x00000000        0x0 source_file/Exinterrupt.o
 .bss           0x00000000        0x0 source_file/Exinterrupt.o
 .text          0x00000000        0x0 source_file/i2c.o
 .data          0x00000000        0x0 source_file/i2c.o
 .bss           0x00000000        0x0 source_file/i2c.o
 .text.find_8bit_address
                0x00000000       0x76 source_file/i2c.o
 .text          0x00000000        0x0 source_file/ILI9341_LCD_input_data.o
 .data          0x00000000        0x0 source_file/ILI9341_LCD_input_data.o
 .bss           0x00000000        0x0 source_file/ILI9341_LCD_input_data.o
 .data.lower_alphabet_mv
                0x00000000       0x68 source_file/ILI9341_LCD_input_data.o
 .data.dot_mv   0x00000000        0x4 source_file/ILI9341_LCD_input_data.o
 .text          0x00000000        0x0 source_file/ILI9341_TFT_LCD.o
 .data          0x00000000        0x0 source_file/ILI9341_TFT_LCD.o
 .bss           0x00000000        0x0 source_file/ILI9341_TFT_LCD.o
 .text.ILI9341_read_data
                0x00000000       0x62 source_file/ILI9341_TFT_LCD.o
 .rodata.str1.1
                0x00000000       0xb3 source_file/ILI9341_TFT_LCD.o
 .text.ILI9341_read_display_id_information
                0x00000000       0x6e source_file/ILI9341_TFT_LCD.o
 .text.ILI9341_read_display_status
                0x00000000       0x64 source_file/ILI9341_TFT_LCD.o
 .text.ILI9341_read_display_power_mode
                0x00000000       0x3c source_file/ILI9341_TFT_LCD.o
 .text.ILI9341_read_display_MADCTL
                0x00000000       0x3c source_file/ILI9341_TFT_LCD.o
 .text.ILI9341_read_display_pixel_format
                0x00000000       0x3a source_file/ILI9341_TFT_LCD.o
 .text.ILI9341_read_display_image_format
                0x00000000       0x3a source_file/ILI9341_TFT_LCD.o
 .text.ILI9341_read_display_signal_mode
                0x00000000        0x2 source_file/ILI9341_TFT_LCD.o
 .text.ILI9341_read_dispaly_self_diagnostic_result
                0x00000000       0x3c source_file/ILI9341_TFT_LCD.o
 .text.ILI9341_display_off
                0x00000000       0x20 source_file/ILI9341_TFT_LCD.o
 .text.ILI9341_tearing_effect_line_off
                0x00000000        0x2 source_file/ILI9341_TFT_LCD.o
 .text.ILI9341_tearing_effect_line_on
                0x00000000        0x2 source_file/ILI9341_TFT_LCD.o
 .text.ILI9341_partial_mode_off
                0x00000000       0x1a source_file/ILI9341_TFT_LCD.o
 .text.ILI9341_set_partial_area
                0x00000000       0x30 source_file/ILI9341_TFT_LCD.o
 .text.ILI9341_partial_mode_on
                0x00000000       0x12 source_file/ILI9341_TFT_LCD.o
 .text.ILI9341_run_continue_scroll_mode
                0x00000000        0x2 source_file/ILI9341_TFT_LCD.o
 .text.ILI9341_leave_scroll_mode
                0x00000000       0x1a source_file/ILI9341_TFT_LCD.o
 .text.color_convert_8_to_6
                0x00000000        0x6 source_file/ILI9341_TFT_LCD.o
 .text.color_convert_to_data
                0x00000000       0x90 source_file/ILI9341_TFT_LCD.o
 .text.ILI9341_write_string
                0x00000000      0x242 source_file/ILI9341_TFT_LCD.o
 .bss.touch_count
                0x00000000        0x1 source_file/ILI9341_TFT_LCD.o
 .text          0x00000000        0x0 source_file/ILI9341_TFT_LCD_init.o
 .data          0x00000000        0x0 source_file/ILI9341_TFT_LCD_init.o
 .bss           0x00000000        0x0 source_file/ILI9341_TFT_LCD_init.o
 .text.ILI9341_color_set
                0x00000000        0x2 source_file/ILI9341_TFT_LCD_init.o
 .text.ILI9341_digital_Gamma_control_1
                0x00000000        0x2 source_file/ILI9341_TFT_LCD_init.o
 .text.ILI9341_digital_Gamma_control_2
                0x00000000        0x2 source_file/ILI9341_TFT_LCD_init.o
 .text          0x00000000        0x0 source_file/SHT31_temp_humi_sensor.o
 .data          0x00000000        0x0 source_file/SHT31_temp_humi_sensor.o
 .bss           0x00000000        0x0 source_file/SHT31_temp_humi_sensor.o
 .text.SHT31_Measure_single
                0x00000000      0x16a source_file/SHT31_temp_humi_sensor.o
 .text.SHT31_read_Status
                0x00000000       0x3a source_file/SHT31_temp_humi_sensor.o
 .text.SHT31_soft_reset
                0x00000000       0x14 source_file/SHT31_temp_humi_sensor.o
 .text          0x00000000        0x0 source_file/spi.o
 .data          0x00000000        0x0 source_file/spi.o
 .bss           0x00000000        0x0 source_file/spi.o
 .text.spi_receive_start
                0x00000000        0x8 source_file/spi.o
 .text.spi_receive_data
                0x00000000        0x4 source_file/spi.o
 .text          0x00000000        0x0 source_file/Timer8.o
 .data          0x00000000        0x0 source_file/Timer8.o
 .bss           0x00000000        0x0 source_file/Timer8.o
 .text          0x00000000        0x0 source_file/uart0.o
 .data          0x00000000        0x0 source_file/uart0.o
 .bss           0x00000000        0x0 source_file/uart0.o
 .text          0x00000000        0x0 source_file/uart1.o
 .data          0x00000000        0x0 source_file/uart1.o
 .bss           0x00000000        0x0 source_file/uart1.o
 .text          0x00000000        0x0 c:/program files (x86)/atmel/studio/7.0/toolchain/avr8/avr8-gnu-toolchain/bin/../lib/gcc/avr/5.4.0/avr51\libgcc.a(_udivmodhi4.o)
 .data          0x00000000        0x0 c:/program files (x86)/atmel/studio/7.0/toolchain/avr8/avr8-gnu-toolchain/bin/../lib/gcc/avr/5.4.0/avr51\libgcc.a(_udivmodhi4.o)
 .bss           0x00000000        0x0 c:/program files (x86)/atmel/studio/7.0/toolchain/avr8/avr8-gnu-toolchain/bin/../lib/gcc/avr/5.4.0/avr51\libgcc.a(_udivmodhi4.o)
 .text.libgcc.mul
                0x00000000        0x0 c:/program files (x86)/atmel/studio/7.0/toolchain/avr8/avr8-gnu-toolchain/bin/../lib/gcc/avr/5.4.0/avr51\libgcc.a(_udivmodhi4.o)
 .text.libgcc   0x00000000        0x0 c:/program files (x86)/atmel/studio/7.0/toolchain/avr8/avr8-gnu-toolchain/bin/../lib/gcc/avr/5.4.0/avr51\libgcc.a(_udivmodhi4.o)
 .text.libgcc.prologue
                0x00000000        0x0 c:/program files (x86)/atmel/studio/7.0/toolchain/avr8/avr8-gnu-toolchain/bin/../lib/gcc/avr/5.4.0/avr51\libgcc.a(_udivmodhi4.o)
 .text.libgcc.builtins
                0x00000000        0x0 c:/program files (x86)/atmel/studio/7.0/toolchain/avr8/avr8-gnu-toolchain/bin/../lib/gcc/avr/5.4.0/avr51\libgcc.a(_udivmodhi4.o)
 .text.libgcc.fmul
                0x00000000        0x0 c:/program files (x86)/atmel/studio/7.0/toolchain/avr8/avr8-gnu-toolchain/bin/../lib/gcc/avr/5.4.0/avr51\libgcc.a(_udivmodhi4.o)
 .text.libgcc.fixed
                0x00000000        0x0 c:/program files (x86)/atmel/studio/7.0/toolchain/avr8/avr8-gnu-toolchain/bin/../lib/gcc/avr/5.4.0/avr51\libgcc.a(_udivmodhi4.o)
 .text          0x00000000        0x0 c:/program files (x86)/atmel/studio/7.0/toolchain/avr8/avr8-gnu-toolchain/bin/../lib/gcc/avr/5.4.0/avr51\libgcc.a(_udivmodsi4.o)
 .data          0x00000000        0x0 c:/program files (x86)/atmel/studio/7.0/toolchain/avr8/avr8-gnu-toolchain/bin/../lib/gcc/avr/5.4.0/avr51\libgcc.a(_udivmodsi4.o)
 .bss           0x00000000        0x0 c:/program files (x86)/atmel/studio/7.0/toolchain/avr8/avr8-gnu-toolchain/bin/../lib/gcc/avr/5.4.0/avr51\libgcc.a(_udivmodsi4.o)
 .text.libgcc.mul
                0x00000000        0x0 c:/program files (x86)/atmel/studio/7.0/toolchain/avr8/avr8-gnu-toolchain/bin/../lib/gcc/avr/5.4.0/avr51\libgcc.a(_udivmodsi4.o)
 .text.libgcc   0x00000000        0x0 c:/program files (x86)/atmel/studio/7.0/toolchain/avr8/avr8-gnu-toolchain/bin/../lib/gcc/avr/5.4.0/avr51\libgcc.a(_udivmodsi4.o)
 .text.libgcc.prologue
                0x00000000        0x0 c:/program files (x86)/atmel/studio/7.0/toolchain/avr8/avr8-gnu-toolchain/bin/../lib/gcc/avr/5.4.0/avr51\libgcc.a(_udivmodsi4.o)
 .text.libgcc.builtins
                0x00000000        0x0 c:/program files (x86)/atmel/studio/7.0/toolchain/avr8/avr8-gnu-toolchain/bin/../lib/gcc/avr/5.4.0/avr51\libgcc.a(_udivmodsi4.o)
 .text.libgcc.fmul
                0x00000000        0x0 c:/program files (x86)/atmel/studio/7.0/toolchain/avr8/avr8-gnu-toolchain/bin/../lib/gcc/avr/5.4.0/avr51\libgcc.a(_udivmodsi4.o)
 .text.libgcc.fixed
                0x00000000        0x0 c:/program files (x86)/atmel/studio/7.0/toolchain/avr8/avr8-gnu-toolchain/bin/../lib/gcc/avr/5.4.0/avr51\libgcc.a(_udivmodsi4.o)
 .text          0x00000000        0x0 c:/program files (x86)/atmel/studio/7.0/toolchain/avr8/avr8-gnu-toolchain/bin/../lib/gcc/avr/5.4.0/avr51\libgcc.a(_exit.o)
 .data          0x00000000        0x0 c:/program files (x86)/atmel/studio/7.0/toolchain/avr8/avr8-gnu-toolchain/bin/../lib/gcc/avr/5.4.0/avr51\libgcc.a(_exit.o)
 .bss           0x00000000        0x0 c:/program files (x86)/atmel/studio/7.0/toolchain/avr8/avr8-gnu-toolchain/bin/../lib/gcc/avr/5.4.0/avr51\libgcc.a(_exit.o)
 .text.libgcc.mul
                0x00000000        0x0 c:/program files (x86)/atmel/studio/7.0/toolchain/avr8/avr8-gnu-toolchain/bin/../lib/gcc/avr/5.4.0/avr51\libgcc.a(_exit.o)
 .text.libgcc.div
                0x00000000        0x0 c:/program files (x86)/atmel/studio/7.0/toolchain/avr8/avr8-gnu-toolchain/bin/../lib/gcc/avr/5.4.0/avr51\libgcc.a(_exit.o)
 .text.libgcc   0x00000000        0x0 c:/program files (x86)/atmel/studio/7.0/toolchain/avr8/avr8-gnu-toolchain/bin/../lib/gcc/avr/5.4.0/avr51\libgcc.a(_exit.o)
 .text.libgcc.prologue
                0x00000000        0x0 c:/program files (x86)/atmel/studio/7.0/toolchain/avr8/avr8-gnu-toolchain/bin/../lib/gcc/avr/5.4.0/avr51\libgcc.a(_exit.o)
 .text.libgcc.builtins
                0x00000000        0x0 c:/program files (x86)/atmel/studio/7.0/toolchain/avr8/avr8-gnu-toolchain/bin/../lib/gcc/avr/5.4.0/avr51\libgcc.a(_exit.o)
 .text.libgcc.fmul
                0x00000000        0x0 c:/program files (x86)/atmel/studio/7.0/toolchain/avr8/avr8-gnu-toolchain/bin/../lib/gcc/avr/5.4.0/avr51\libgcc.a(_exit.o)
 .text.libgcc.fixed
                0x00000000        0x0 c:/program files (x86)/atmel/studio/7.0/toolchain/avr8/avr8-gnu-toolchain/bin/../lib/gcc/avr/5.4.0/avr51\libgcc.a(_exit.o)
 .text          0x00000000        0x0 c:/program files (x86)/atmel/studio/7.0/toolchain/avr8/avr8-gnu-toolchain/bin/../lib/gcc/avr/5.4.0/avr51\libgcc.a(_copy_data.o)
 .data          0x00000000        0x0 c:/program files (x86)/atmel/studio/7.0/toolchain/avr8/avr8-gnu-toolchain/bin/../lib/gcc/avr/5.4.0/avr51\libgcc.a(_copy_data.o)
 .bss           0x00000000        0x0 c:/program files (x86)/atmel/studio/7.0/toolchain/avr8/avr8-gnu-toolchain/bin/../lib/gcc/avr/5.4.0/avr51\libgcc.a(_copy_data.o)
 .text.libgcc.mul
                0x00000000        0x0 c:/program files (x86)/atmel/studio/7.0/toolchain/avr8/avr8-gnu-toolchain/bin/../lib/gcc/avr/5.4.0/avr51\libgcc.a(_copy_data.o)
 .text.libgcc.div
                0x00000000        0x0 c:/program files (x86)/atmel/studio/7.0/toolchain/avr8/avr8-gnu-toolchain/bin/../lib/gcc/avr/5.4.0/avr51\libgcc.a(_copy_data.o)
 .text.libgcc   0x00000000        0x0 c:/program files (x86)/atmel/studio/7.0/toolchain/avr8/avr8-gnu-toolchain/bin/../lib/gcc/avr/5.4.0/avr51\libgcc.a(_copy_data.o)
 .text.libgcc.prologue
                0x00000000        0x0 c:/program files (x86)/atmel/studio/7.0/toolchain/avr8/avr8-gnu-toolchain/bin/../lib/gcc/avr/5.4.0/avr51\libgcc.a(_copy_data.o)
 .text.libgcc.builtins
                0x00000000        0x0 c:/program files (x86)/atmel/studio/7.0/toolchain/avr8/avr8-gnu-toolchain/bin/../lib/gcc/avr/5.4.0/avr51\libgcc.a(_copy_data.o)
 .text.libgcc.fmul
                0x00000000        0x0 c:/program files (x86)/atmel/studio/7.0/toolchain/avr8/avr8-gnu-toolchain/bin/../lib/gcc/avr/5.4.0/avr51\libgcc.a(_copy_data.o)
 .text.libgcc.fixed
                0x00000000        0x0 c:/program files (x86)/atmel/studio/7.0/toolchain/avr8/avr8-gnu-toolchain/bin/../lib/gcc/avr/5.4.0/avr51\libgcc.a(_copy_data.o)
 .text          0x00000000        0x0 c:/program files (x86)/atmel/studio/7.0/toolchain/avr8/avr8-gnu-toolchain/bin/../lib/gcc/avr/5.4.0/avr51\libgcc.a(_clear_bss.o)
 .data          0x00000000        0x0 c:/program files (x86)/atmel/studio/7.0/toolchain/avr8/avr8-gnu-toolchain/bin/../lib/gcc/avr/5.4.0/avr51\libgcc.a(_clear_bss.o)
 .bss           0x00000000        0x0 c:/program files (x86)/atmel/studio/7.0/toolchain/avr8/avr8-gnu-toolchain/bin/../lib/gcc/avr/5.4.0/avr51\libgcc.a(_clear_bss.o)
 .text.libgcc.mul
                0x00000000        0x0 c:/program files (x86)/atmel/studio/7.0/toolchain/avr8/avr8-gnu-toolchain/bin/../lib/gcc/avr/5.4.0/avr51\libgcc.a(_clear_bss.o)
 .text.libgcc.div
                0x00000000        0x0 c:/program files (x86)/atmel/studio/7.0/toolchain/avr8/avr8-gnu-toolchain/bin/../lib/gcc/avr/5.4.0/avr51\libgcc.a(_clear_bss.o)
 .text.libgcc   0x00000000        0x0 c:/program files (x86)/atmel/studio/7.0/toolchain/avr8/avr8-gnu-toolchain/bin/../lib/gcc/avr/5.4.0/avr51\libgcc.a(_clear_bss.o)
 .text.libgcc.prologue
                0x00000000        0x0 c:/program files (x86)/atmel/studio/7.0/toolchain/avr8/avr8-gnu-toolchain/bin/../lib/gcc/avr/5.4.0/avr51\libgcc.a(_clear_bss.o)
 .text.libgcc.builtins
                0x00000000        0x0 c:/program files (x86)/atmel/studio/7.0/toolchain/avr8/avr8-gnu-toolchain/bin/../lib/gcc/avr/5.4.0/avr51\libgcc.a(_clear_bss.o)
 .text.libgcc.fmul
                0x00000000        0x0 c:/program files (x86)/atmel/studio/7.0/toolchain/avr8/avr8-gnu-toolchain/bin/../lib/gcc/avr/5.4.0/avr51\libgcc.a(_clear_bss.o)
 .text.libgcc.fixed
                0x00000000        0x0 c:/program files (x86)/atmel/studio/7.0/toolchain/avr8/avr8-gnu-toolchain/bin/../lib/gcc/avr/5.4.0/avr51\libgcc.a(_clear_bss.o)
 .text          0x00000000        0x0 c:/program files (x86)/atmel/studio/7.0/toolchain/avr8/avr8-gnu-toolchain/bin/../lib/gcc/avr/5.4.0/avr51\libgcc.a(_umulhisi3.o)
 .data          0x00000000        0x0 c:/program files (x86)/atmel/studio/7.0/toolchain/avr8/avr8-gnu-toolchain/bin/../lib/gcc/avr/5.4.0/avr51\libgcc.a(_umulhisi3.o)
 .bss           0x00000000        0x0 c:/program files (x86)/atmel/studio/7.0/toolchain/avr8/avr8-gnu-toolchain/bin/../lib/gcc/avr/5.4.0/avr51\libgcc.a(_umulhisi3.o)
 .text.libgcc.div
                0x00000000        0x0 c:/program files (x86)/atmel/studio/7.0/toolchain/avr8/avr8-gnu-toolchain/bin/../lib/gcc/avr/5.4.0/avr51\libgcc.a(_umulhisi3.o)
 .text.libgcc   0x00000000        0x0 c:/program files (x86)/atmel/studio/7.0/toolchain/avr8/avr8-gnu-toolchain/bin/../lib/gcc/avr/5.4.0/avr51\libgcc.a(_umulhisi3.o)
 .text.libgcc.prologue
                0x00000000        0x0 c:/program files (x86)/atmel/studio/7.0/toolchain/avr8/avr8-gnu-toolchain/bin/../lib/gcc/avr/5.4.0/avr51\libgcc.a(_umulhisi3.o)
 .text.libgcc.builtins
                0x00000000        0x0 c:/program files (x86)/atmel/studio/7.0/toolchain/avr8/avr8-gnu-toolchain/bin/../lib/gcc/avr/5.4.0/avr51\libgcc.a(_umulhisi3.o)
 .text.libgcc.fmul
                0x00000000        0x0 c:/program files (x86)/atmel/studio/7.0/toolchain/avr8/avr8-gnu-toolchain/bin/../lib/gcc/avr/5.4.0/avr51\libgcc.a(_umulhisi3.o)
 .text.libgcc.fixed
                0x00000000        0x0 c:/program files (x86)/atmel/studio/7.0/toolchain/avr8/avr8-gnu-toolchain/bin/../lib/gcc/avr/5.4.0/avr51\libgcc.a(_umulhisi3.o)
 .text          0x00000000        0x0 c:/program files (x86)/atmel/studio/7.0/toolchain/avr8/avr8-gnu-toolchain/bin/../lib/gcc/avr/5.4.0/avr51\libgcc.a(_muluhisi3.o)
 .data          0x00000000        0x0 c:/program files (x86)/atmel/studio/7.0/toolchain/avr8/avr8-gnu-toolchain/bin/../lib/gcc/avr/5.4.0/avr51\libgcc.a(_muluhisi3.o)
 .bss           0x00000000        0x0 c:/program files (x86)/atmel/studio/7.0/toolchain/avr8/avr8-gnu-toolchain/bin/../lib/gcc/avr/5.4.0/avr51\libgcc.a(_muluhisi3.o)
 .text.libgcc.div
                0x00000000        0x0 c:/program files (x86)/atmel/studio/7.0/toolchain/avr8/avr8-gnu-toolchain/bin/../lib/gcc/avr/5.4.0/avr51\libgcc.a(_muluhisi3.o)
 .text.libgcc   0x00000000        0x0 c:/program files (x86)/atmel/studio/7.0/toolchain/avr8/avr8-gnu-toolchain/bin/../lib/gcc/avr/5.4.0/avr51\libgcc.a(_muluhisi3.o)
 .text.libgcc.prologue
                0x00000000        0x0 c:/program files (x86)/atmel/studio/7.0/toolchain/avr8/avr8-gnu-toolchain/bin/../lib/gcc/avr/5.4.0/avr51\libgcc.a(_muluhisi3.o)
 .text.libgcc.builtins
                0x00000000        0x0 c:/program files (x86)/atmel/studio/7.0/toolchain/avr8/avr8-gnu-toolchain/bin/../lib/gcc/avr/5.4.0/avr51\libgcc.a(_muluhisi3.o)
 .text.libgcc.fmul
                0x00000000        0x0 c:/program files (x86)/atmel/studio/7.0/toolchain/avr8/avr8-gnu-toolchain/bin/../lib/gcc/avr/5.4.0/avr51\libgcc.a(_muluhisi3.o)
 .text.libgcc.fixed
                0x00000000        0x0 c:/program files (x86)/atmel/studio/7.0/toolchain/avr8/avr8-gnu-toolchain/bin/../lib/gcc/avr/5.4.0/avr51\libgcc.a(_muluhisi3.o)
 .text          0x00000000        0x0 c:/program files (x86)/atmel/studio/7.0/toolchain/avr8/avr8-gnu-toolchain/bin/../lib/gcc/avr/5.4.0/../../../../avr/lib/avr51\libc.a(isalpha.o)
 .data          0x00000000        0x0 c:/program files (x86)/atmel/studio/7.0/toolchain/avr8/avr8-gnu-toolchain/bin/../lib/gcc/avr/5.4.0/../../../../avr/lib/avr51\libc.a(isalpha.o)
 .bss           0x00000000        0x0 c:/program files (x86)/atmel/studio/7.0/toolchain/avr8/avr8-gnu-toolchain/bin/../lib/gcc/avr/5.4.0/../../../../avr/lib/avr51\libc.a(isalpha.o)
 .text.avr-libc
                0x00000000       0x16 c:/program files (x86)/atmel/studio/7.0/toolchain/avr8/avr8-gnu-toolchain/bin/../lib/gcc/avr/5.4.0/../../../../avr/lib/avr51\libc.a(isalpha.o)
 .text          0x00000000        0x0 c:/program files (x86)/atmel/studio/7.0/toolchain/avr8/avr8-gnu-toolchain/bin/../lib/gcc/avr/5.4.0/../../../../avr/lib/avr51\libc.a(isspace.o)
 .data          0x00000000        0x0 c:/program files (x86)/atmel/studio/7.0/toolchain/avr8/avr8-gnu-toolchain/bin/../lib/gcc/avr/5.4.0/../../../../avr/lib/avr51\libc.a(isspace.o)
 .bss           0x00000000        0x0 c:/program files (x86)/atmel/studio/7.0/toolchain/avr8/avr8-gnu-toolchain/bin/../lib/gcc/avr/5.4.0/../../../../avr/lib/avr51\libc.a(isspace.o)
 .text.avr-libc
                0x00000000       0x12 c:/program files (x86)/atmel/studio/7.0/toolchain/avr8/avr8-gnu-toolchain/bin/../lib/gcc/avr/5.4.0/../../../../avr/lib/avr51\libc.a(isspace.o)
 .text          0x00000000        0x0 c:/program files (x86)/atmel/studio/7.0/toolchain/avr8/avr8-gnu-toolchain/bin/../lib/gcc/avr/5.4.0/../../../../avr/lib/avr51\libc.a(ispunct.o)
 .data          0x00000000        0x0 c:/program files (x86)/atmel/studio/7.0/toolchain/avr8/avr8-gnu-toolchain/bin/../lib/gcc/avr/5.4.0/../../../../avr/lib/avr51\libc.a(ispunct.o)
 .bss           0x00000000        0x0 c:/program files (x86)/atmel/studio/7.0/toolchain/avr8/avr8-gnu-toolchain/bin/../lib/gcc/avr/5.4.0/../../../../avr/lib/avr51\libc.a(ispunct.o)
 .text.avr-libc
                0x00000000       0x1a c:/program files (x86)/atmel/studio/7.0/toolchain/avr8/avr8-gnu-toolchain/bin/../lib/gcc/avr/5.4.0/../../../../avr/lib/avr51\libc.a(ispunct.o)
 .text          0x00000000        0x0 c:/program files (x86)/atmel/studio/7.0/toolchain/avr8/avr8-gnu-toolchain/bin/../lib/gcc/avr/5.4.0/../../../../avr/lib/avr51\libc.a(strcmp.o)
 .data          0x00000000        0x0 c:/program files (x86)/atmel/studio/7.0/toolchain/avr8/avr8-gnu-toolchain/bin/../lib/gcc/avr/5.4.0/../../../../avr/lib/avr51\libc.a(strcmp.o)
 .bss           0x00000000        0x0 c:/program files (x86)/atmel/studio/7.0/toolchain/avr8/avr8-gnu-toolchain/bin/../lib/gcc/avr/5.4.0/../../../../avr/lib/avr51\libc.a(strcmp.o)
 .text          0x00000000        0x0 c:/program files (x86)/atmel/studio/7.0/toolchain/avr8/avr8-gnu-toolchain/bin/../lib/gcc/avr/5.4.0/../../../../avr/lib/avr51\libc.a(strstr.o)
 .data          0x00000000        0x0 c:/program files (x86)/atmel/studio/7.0/toolchain/avr8/avr8-gnu-toolchain/bin/../lib/gcc/avr/5.4.0/../../../../avr/lib/avr51\libc.a(strstr.o)
 .bss           0x00000000        0x0 c:/program files (x86)/atmel/studio/7.0/toolchain/avr8/avr8-gnu-toolchain/bin/../lib/gcc/avr/5.4.0/../../../../avr/lib/avr51\libc.a(strstr.o)
 .text          0x00000000        0x0 c:/program files (x86)/atmel/studio/7.0/toolchain/avr8/avr8-gnu-toolchain/bin/../lib/gcc/avr/5.4.0/../../../../avr/lib/avr51\libc.a(iob.o)
 .data          0x00000000        0x0 c:/program files (x86)/atmel/studio/7.0/toolchain/avr8/avr8-gnu-toolchain/bin/../lib/gcc/avr/5.4.0/../../../../avr/lib/avr51\libc.a(iob.o)
 .bss           0x00000000        0x0 c:/program files (x86)/atmel/studio/7.0/toolchain/avr8/avr8-gnu-toolchain/bin/../lib/gcc/avr/5.4.0/../../../../avr/lib/avr51\libc.a(iob.o)
 .text          0x00000000        0x0 c:/program files (x86)/atmel/studio/7.0/toolchain/avr8/avr8-gnu-toolchain/bin/../lib/gcc/avr/5.4.0/../../../../avr/lib/avr51\libc.a(printf.o)
 .data          0x00000000        0x0 c:/program files (x86)/atmel/studio/7.0/toolchain/avr8/avr8-gnu-toolchain/bin/../lib/gcc/avr/5.4.0/../../../../avr/lib/avr51\libc.a(printf.o)
 .bss           0x00000000        0x0 c:/program files (x86)/atmel/studio/7.0/toolchain/avr8/avr8-gnu-toolchain/bin/../lib/gcc/avr/5.4.0/../../../../avr/lib/avr51\libc.a(printf.o)
 .text          0x00000000        0x0 c:/program files (x86)/atmel/studio/7.0/toolchain/avr8/avr8-gnu-toolchain/bin/../lib/gcc/avr/5.4.0/../../../../avr/lib/avr51\libc.a(putchar.o)
 .data          0x00000000        0x0 c:/program files (x86)/atmel/studio/7.0/toolchain/avr8/avr8-gnu-toolchain/bin/../lib/gcc/avr/5.4.0/../../../../avr/lib/avr51\libc.a(putchar.o)
 .bss           0x00000000        0x0 c:/program files (x86)/atmel/studio/7.0/toolchain/avr8/avr8-gnu-toolchain/bin/../lib/gcc/avr/5.4.0/../../../../avr/lib/avr51\libc.a(putchar.o)
 .text          0x00000000        0x0 c:/program files (x86)/atmel/studio/7.0/toolchain/avr8/avr8-gnu-toolchain/bin/../lib/gcc/avr/5.4.0/../../../../avr/lib/avr51\libc.a(vfprintf_std.o)
 .data          0x00000000        0x0 c:/program files (x86)/atmel/studio/7.0/toolchain/avr8/avr8-gnu-toolchain/bin/../lib/gcc/avr/5.4.0/../../../../avr/lib/avr51\libc.a(vfprintf_std.o)
 .bss           0x00000000        0x0 c:/program files (x86)/atmel/studio/7.0/toolchain/avr8/avr8-gnu-toolchain/bin/../lib/gcc/avr/5.4.0/../../../../avr/lib/avr51\libc.a(vfprintf_std.o)
 .text          0x00000000        0x0 c:/program files (x86)/atmel/studio/7.0/toolchain/avr8/avr8-gnu-toolchain/bin/../lib/gcc/avr/5.4.0/../../../../avr/lib/avr51\libc.a(isalnum.o)
 .data          0x00000000        0x0 c:/program files (x86)/atmel/studio/7.0/toolchain/avr8/avr8-gnu-toolchain/bin/../lib/gcc/avr/5.4.0/../../../../avr/lib/avr51\libc.a(isalnum.o)
 .bss           0x00000000        0x0 c:/program files (x86)/atmel/studio/7.0/toolchain/avr8/avr8-gnu-toolchain/bin/../lib/gcc/avr/5.4.0/../../../../avr/lib/avr51\libc.a(isalnum.o)
 .text.avr-libc
                0x00000000       0x14 c:/program files (x86)/atmel/studio/7.0/toolchain/avr8/avr8-gnu-toolchain/bin/../lib/gcc/avr/5.4.0/../../../../avr/lib/avr51\libc.a(isalnum.o)
 .text          0x00000000        0x0 c:/program files (x86)/atmel/studio/7.0/toolchain/avr8/avr8-gnu-toolchain/bin/../lib/gcc/avr/5.4.0/../../../../avr/lib/avr51\libc.a(cty_isfalse.o)
 .data          0x00000000        0x0 c:/program files (x86)/atmel/studio/7.0/toolchain/avr8/avr8-gnu-toolchain/bin/../lib/gcc/avr/5.4.0/../../../../avr/lib/avr51\libc.a(cty_isfalse.o)
 .bss           0x00000000        0x0 c:/program files (x86)/atmel/studio/7.0/toolchain/avr8/avr8-gnu-toolchain/bin/../lib/gcc/avr/5.4.0/../../../../avr/lib/avr51\libc.a(cty_isfalse.o)
 .text.avr-libc
                0x00000000        0x6 c:/program files (x86)/atmel/studio/7.0/toolchain/avr8/avr8-gnu-toolchain/bin/../lib/gcc/avr/5.4.0/../../../../avr/lib/avr51\libc.a(cty_isfalse.o)
 .text          0x00000000        0x0 c:/program files (x86)/atmel/studio/7.0/toolchain/avr8/avr8-gnu-toolchain/bin/../lib/gcc/avr/5.4.0/../../../../avr/lib/avr51\libc.a(strnlen_P.o)
 .data          0x00000000        0x0 c:/program files (x86)/atmel/studio/7.0/toolchain/avr8/avr8-gnu-toolchain/bin/../lib/gcc/avr/5.4.0/../../../../avr/lib/avr51\libc.a(strnlen_P.o)
 .bss           0x00000000        0x0 c:/program files (x86)/atmel/studio/7.0/toolchain/avr8/avr8-gnu-toolchain/bin/../lib/gcc/avr/5.4.0/../../../../avr/lib/avr51\libc.a(strnlen_P.o)
 .text          0x00000000        0x0 c:/program files (x86)/atmel/studio/7.0/toolchain/avr8/avr8-gnu-toolchain/bin/../lib/gcc/avr/5.4.0/../../../../avr/lib/avr51\libc.a(strnlen.o)
 .data          0x00000000        0x0 c:/program files (x86)/atmel/studio/7.0/toolchain/avr8/avr8-gnu-toolchain/bin/../lib/gcc/avr/5.4.0/../../../../avr/lib/avr51\libc.a(strnlen.o)
 .bss           0x00000000        0x0 c:/program files (x86)/atmel/studio/7.0/toolchain/avr8/avr8-gnu-toolchain/bin/../lib/gcc/avr/5.4.0/../../../../avr/lib/avr51\libc.a(strnlen.o)
 .text          0x00000000        0x0 c:/program files (x86)/atmel/studio/7.0/toolchain/avr8/avr8-gnu-toolchain/bin/../lib/gcc/avr/5.4.0/../../../../avr/lib/avr51\libc.a(fputc.o)
 .data          0x00000000        0x0 c:/program files (x86)/atmel/studio/7.0/toolchain/avr8/avr8-gnu-toolchain/bin/../lib/gcc/avr/5.4.0/../../../../avr/lib/avr51\libc.a(fputc.o)
 .bss           0x00000000        0x0 c:/program files (x86)/atmel/studio/7.0/toolchain/avr8/avr8-gnu-toolchain/bin/../lib/gcc/avr/5.4.0/../../../../avr/lib/avr51\libc.a(fputc.o)
 .text          0x00000000        0x0 c:/program files (x86)/atmel/studio/7.0/toolchain/avr8/avr8-gnu-toolchain/bin/../lib/gcc/avr/5.4.0/../../../../avr/lib/avr51\libc.a(ultoa_invert.o)
 .data          0x00000000        0x0 c:/program files (x86)/atmel/studio/7.0/toolchain/avr8/avr8-gnu-toolchain/bin/../lib/gcc/avr/5.4.0/../../../../avr/lib/avr51\libc.a(ultoa_invert.o)
 .bss           0x00000000        0x0 c:/program files (x86)/atmel/studio/7.0/toolchain/avr8/avr8-gnu-toolchain/bin/../lib/gcc/avr/5.4.0/../../../../avr/lib/avr51\libc.a(ultoa_invert.o)

Memory Configuration

Name             Origin             Length             Attributes
text             0x00000000         0x00020000         xr
data             0x00800100         0x00001000         rw !x
eeprom           0x00810000         0x00001000         rw !x
fuse             0x00820000         0x00000003         rw !x
lock             0x00830000         0x00000400         rw !x
signature        0x00840000         0x00000400         rw !x
user_signatures  0x00850000         0x00000400         rw !x
*default*        0x00000000         0xffffffff

Linker script and memory map

Address of section .data set to 0x800100
LOAD C:/Program Files (x86)/Atmel/Studio/7.0/Packs/atmel/ATmega_DFP/1.6.364/gcc/dev/atmega128/avr51/crtatmega128.o
LOAD main.o
LOAD source_file/CCS811_air_quality_sensor.o
LOAD source_file/ESP8266.o
LOAD source_file/Exinterrupt.o
LOAD source_file/i2c.o
LOAD source_file/ILI9341_LCD_input_data.o
LOAD source_file/ILI9341_TFT_LCD.o
LOAD source_file/ILI9341_TFT_LCD_init.o
LOAD source_file/SHT31_temp_humi_sensor.o
LOAD source_file/spi.o
LOAD source_file/Timer8.o
LOAD source_file/uart0.o
LOAD source_file/uart1.o
START GROUP
LOAD c:/program files (x86)/atmel/studio/7.0/toolchain/avr8/avr8-gnu-toolchain/bin/../lib/gcc/avr/5.4.0/../../../../avr/lib/avr51\libm.a
END GROUP
START GROUP
LOAD c:/program files (x86)/atmel/studio/7.0/toolchain/avr8/avr8-gnu-toolchain/bin/../lib/gcc/avr/5.4.0/avr51\libgcc.a
LOAD c:/program files (x86)/atmel/studio/7.0/toolchain/avr8/avr8-gnu-toolchain/bin/../lib/gcc/avr/5.4.0/../../../../avr/lib/avr51\libm.a
LOAD c:/program files (x86)/atmel/studio/7.0/toolchain/avr8/avr8-gnu-toolchain/bin/../lib/gcc/avr/5.4.0/../../../../avr/lib/avr51\libc.a
LOAD C:/Program Files (x86)/Atmel/Studio/7.0/Packs/atmel/ATmega_DFP/1.6.364/gcc/dev/atmega128/avr51\libatmega128.a
END GROUP
                0x00000000                __TEXT_REGION_ORIGIN__ = DEFINED (__TEXT_REGION_ORIGIN__)?__TEXT_REGION_ORIGIN__:0x0
                [0x00800100]                __DATA_REGION_ORIGIN__ = DEFINED (__DATA_REGION_ORIGIN__)?__DATA_REGION_ORIGIN__:0x800100
                [0x00020000]                __TEXT_REGION_LENGTH__ = DEFINED (__TEXT_REGION_LENGTH__)?__TEXT_REGION_LENGTH__:0x20000
                [0x00001000]                __DATA_REGION_LENGTH__ = DEFINED (__DATA_REGION_LENGTH__)?__DATA_REGION_LENGTH__:0xff00
                [0x00001000]                __EEPROM_REGION_LENGTH__ = DEFINED (__EEPROM_REGION_LENGTH__)?__EEPROM_REGION_LENGTH__:0x10000
                [0x00000003]                __FUSE_REGION_LENGTH__ = DEFINED (__FUSE_REGION_LENGTH__)?__FUSE_REGION_LENGTH__:0x400
                0x00000400                __LOCK_REGION_LENGTH__ = DEFINED (__LOCK_REGION_LENGTH__)?__LOCK_REGION_LENGTH__:0x400
                0x00000400                __SIGNATURE_REGION_LENGTH__ = DEFINED (__SIGNATURE_REGION_LENGTH__)?__SIGNATURE_REGION_LENGTH__:0x400
                0x00000400                __USER_SIGNATURE_REGION_LENGTH__ = DEFINED (__USER_SIGNATURE_REGION_LENGTH__)?__USER_SIGNATURE_REGION_LENGTH__:0x400

.hash
 *(.hash)

.dynsym
 *(.dynsym)

.dynstr
 *(.dynstr)

.gnu.version
 *(.gnu.version)

.gnu.version_d
 *(.gnu.version_d)

.gnu.version_r
 *(.gnu.version_r)

.rel.init
 *(.rel.init)

.rela.init
 *(.rela.init)

.rel.text
 *(.rel.text)
 *(.rel.text.*)
 *(.rel.gnu.linkonce.t*)

.rela.text
 *(.rela.text)
 *(.rela.text.*)
 *(.rela.gnu.linkonce.t*)

.rel.fini
 *(.rel.fini)

.rela.fini
 *(.rela.fini)

.rel.rodata
 *(.rel.rodata)
 *(.rel.rodata.*)
 *(.rel.gnu.linkonce.r*)

.rela.rodata
 *(.rela.rodata)
 *(.rela.rodata.*)
 *(.rela.gnu.linkonce.r*)

.rel.data
 *(.rel.data)
 *(.rel.data.*)
 *(.rel.gnu.linkonce.d*)

.rela.data
 *(.rela.data)
 *(.rela.data.*)
 *(.rela.gnu.linkonce.d*)

.rel.ctors
 *(.rel.ctors)

.rela.ctors
 *(.rela.ctors)

.rel.dtors
 *(.rel.dtors)

.rela.dtors
 *(.rela.dtors)

.rel.got
 *(.rel.got)

.rela.got
 *(.rela.got)

.rel.bss
 *(.rel.bss)

.rela.bss
 *(.rela.bss)

.rel.plt
 *(.rel.plt)

.rela.plt
 *(.rela.plt)

.text           0x00000000     0x43f6
 *(.vectors)
 .vectors       0x00000000       0x8c C:/Program Files (x86)/Atmel/Studio/7.0/Packs/atmel/ATmega_DFP/1.6.364/gcc/dev/atmega128/avr51/crtatmega128.o
                0x00000000                __vector_default
                0x00000000                __vectors
 *(.vectors)
 *(.progmem.gcc*)
                0x0000008c                . = ALIGN (0x2)
                0x0000008c                __trampolines_start = .
 *(.trampolines)
 .trampolines   0x0000008c        0x0 linker stubs
 *(.trampolines*)
                0x0000008c                __trampolines_end = .
 *libprintf_flt.a:*(.progmem.data)
 *libc.a:*(.progmem.data)
 *(.progmem*)
                0x0000008c                . = ALIGN (0x2)
 *(.jumptables)
 *(.jumptables*)
 *(.lowtext)
 *(.lowtext*)
                0x0000008c                __ctors_start = .
 *(.ctors)
                0x0000008c                __ctors_end = .
                0x0000008c                __dtors_start = .
 *(.dtors)
                0x0000008c                __dtors_end = .
 SORT(*)(.ctors)
 SORT(*)(.dtors)
 *(.init0)
 .init0         0x0000008c        0x0 C:/Program Files (x86)/Atmel/Studio/7.0/Packs/atmel/ATmega_DFP/1.6.364/gcc/dev/atmega128/avr51/crtatmega128.o
                0x0000008c                __init
 *(.init0)
 *(.init1)
 *(.init1)
 *(.init2)
 .init2         0x0000008c        0xc C:/Program Files (x86)/Atmel/Studio/7.0/Packs/atmel/ATmega_DFP/1.6.364/gcc/dev/atmega128/avr51/crtatmega128.o
 *(.init2)
 *(.init3)
 *(.init3)
 *(.init4)
 .init4         0x00000098       0x1a c:/program files (x86)/atmel/studio/7.0/toolchain/avr8/avr8-gnu-toolchain/bin/../lib/gcc/avr/5.4.0/avr51\libgcc.a(_copy_data.o)
                0x00000098                __do_copy_data
 .init4         0x000000b2       0x10 c:/program files (x86)/atmel/studio/7.0/toolchain/avr8/avr8-gnu-toolchain/bin/../lib/gcc/avr/5.4.0/avr51\libgcc.a(_clear_bss.o)
                0x000000b2                __do_clear_bss
 *(.init4)
 *(.init5)
 *(.init5)
 *(.init6)
 *(.init6)
 *(.init7)
 *(.init7)
 *(.init8)
 *(.init8)
 *(.init9)
 .init9         0x000000c2        0x6 C:/Program Files (x86)/Atmel/Studio/7.0/Packs/atmel/ATmega_DFP/1.6.364/gcc/dev/atmega128/avr51/crtatmega128.o
 *(.init9)
 *(.text)
 .text          0x000000c8        0x2 C:/Program Files (x86)/Atmel/Studio/7.0/Packs/atmel/ATmega_DFP/1.6.364/gcc/dev/atmega128/avr51/crtatmega128.o
                0x000000c8                __vector_22
                0x000000c8                __vector_28
                0x000000c8                __vector_1
                0x000000c8                __vector_32
                0x000000c8                __vector_34
                0x000000c8                __vector_24
                0x000000c8                __vector_12
                0x000000c8                __bad_interrupt
                0x000000c8                __vector_31
                0x000000c8                __vector_3
                0x000000c8                __vector_23
                0x000000c8                __vector_30
                0x000000c8                __vector_25
                0x000000c8                __vector_11
                0x000000c8                __vector_13
                0x000000c8                __vector_17
                0x000000c8                __vector_19
                0x000000c8                __vector_7
                0x000000c8                __vector_27
                0x000000c8                __vector_33
                0x000000c8                __vector_4
                0x000000c8                __vector_2
                0x000000c8                __vector_21
                0x000000c8                __vector_15
                0x000000c8                __vector_29
                0x000000c8                __vector_8
                0x000000c8                __vector_26
                0x000000c8                __vector_14
                0x000000c8                __vector_10
                0x000000c8                __vector_16
                0x000000c8                __vector_20
                0x000000ca                . = ALIGN (0x2)
 *(.text.*)
 .text.main     0x000000ca       0x10 main.o
                0x000000ca                main
 .text.CCS811_start_address_write
                0x000000da        0xe source_file/CCS811_air_quality_sensor.o
                0x000000da                CCS811_start_address_write
 .text.CCS811_start_address_read
                0x000000e8        0xe source_file/CCS811_air_quality_sensor.o
                0x000000e8                CCS811_start_address_read
 .text.CCS811_send_command_and_data
                0x000000f6       0x2e source_file/CCS811_air_quality_sensor.o
                0x000000f6                CCS811_send_command_and_data
 .text.CCS811_receive_1bytes_data
                0x00000124       0x12 source_file/CCS811_air_quality_sensor.o
                0x00000124                CCS811_receive_1bytes_data
 .text.CCS811_set_Measure_mode
                0x00000136       0x26 source_file/CCS811_air_quality_sensor.o
                0x00000136                CCS811_set_Measure_mode
 .text.CCS811_read_CO2_TVOC
                0x0000015c       0xc4 source_file/CCS811_air_quality_sensor.o
                0x0000015c                CCS811_read_CO2_TVOC
 .text.CCS811_read_Status
                0x00000220       0x48 source_file/CCS811_air_quality_sensor.o
                0x00000220                CCS811_read_Status
 .text.CCS811_soft_reset
                0x00000268       0x40 source_file/CCS811_air_quality_sensor.o
                0x00000268                CCS811_soft_reset
 .text.CCS811_bootloader_start
                0x000002a8       0x10 source_file/CCS811_air_quality_sensor.o
                0x000002a8                CCS811_bootloader_start
 .text.CCS811_read_hardware_ID
                0x000002b8       0x2e source_file/CCS811_air_quality_sensor.o
                0x000002b8                CCS811_read_hardware_ID
 .text.CCS811_init
                0x000002e6       0xac source_file/CCS811_air_quality_sensor.o
                0x000002e6                CCS811_init
 .text.ESP8266_send_AT_command
                0x00000392       0x4a source_file/ESP8266.o
                0x00000392                ESP8266_send_AT_command
 .text.ESP8266_receive_time
                0x000003dc      0x282 source_file/ESP8266.o
                0x000003dc                ESP8266_receive_time
 .text.ESP8266_check_receive_data
                0x0000065e       0x14 source_file/ESP8266.o
                0x0000065e                ESP8266_check_receive_data
 .text.ESP8266_get_time_init
                0x00000672       0xae source_file/ESP8266.o
                0x00000672                ESP8266_get_time_init
 .text.ESP8266_enter_modem_sleep_mode
                0x00000720       0xd8 source_file/ESP8266.o
                0x00000720                ESP8266_enter_modem_sleep_mode
 .text.ESP8266_init
                0x000007f8       0xbc source_file/ESP8266.o
                0x000007f8                ESP8266_init
 .text.ESP8266_leave_modem_sleep_mode
                0x000008b4       0xd8 source_file/ESP8266.o
                0x000008b4                ESP8266_leave_modem_sleep_mode
 .text.__vector_18
                0x0000098c      0x136 source_file/ESP8266.o
                0x0000098c                __vector_18
 .text.exinterrupt_init
                0x00000ac2        0xe source_file/Exinterrupt.o
                0x00000ac2                exinterrupt_init
 .text.i2c_init
                0x00000ad0       0x6a source_file/i2c.o
                0x00000ad0                i2c_init
 .text.i2c_start
                0x00000b3a       0x3c source_file/i2c.o
                0x00000b3a                i2c_start
 .text.i2c_transmit
                0x00000b76       0x14 source_file/i2c.o
                0x00000b76                i2c_transmit
 .text.i2c_send_address_write
                0x00000b8a       0x32 source_file/i2c.o
                0x00000b8a                i2c_send_address_write
 .text.i2c_send_address_read
                0x00000bbc       0x34 source_file/i2c.o
                0x00000bbc                i2c_send_address_read
 .text.i2c_send_data_ACK
                0x00000bf0       0x48 source_file/i2c.o
                0x00000bf0                i2c_send_data_ACK
 .text.i2c_receive_ACK
                0x00000c38       0x40 source_file/i2c.o
                0x00000c38                i2c_receive_ACK
 .text.i2c_receive_NACK
                0x00000c78       0x40 source_file/i2c.o
                0x00000c78                i2c_receive_NACK
 .text.i2c_stop
                0x00000cb8       0x18 source_file/i2c.o
                0x00000cb8                i2c_stop
 .text.__vector_9
                0x00000cd0      0x180 source_file/ILI9341_LCD_input_data.o
                0x00000cd0                __vector_9
 .text.__vector_5
                0x00000e50       0xca source_file/ILI9341_LCD_input_data.o
                0x00000e50                __vector_5
 .text.__vector_6
                0x00000f1a       0x96 source_file/ILI9341_LCD_input_data.o
                0x00000f1a                __vector_6
 .text.ILI9341_current_time_data_init
                0x00000fb0       0x20 source_file/ILI9341_LCD_input_data.o
                0x00000fb0                ILI9341_current_time_data_init
 .text.ILI9341_convert_received_time_string
                0x00000fd0      0x204 source_file/ILI9341_LCD_input_data.o
                0x00000fd0                ILI9341_convert_received_time_string
 .text.ILI9341_check_0h_11h_or_12h_23h
                0x000011d4       0xd8 source_file/ILI9341_LCD_input_data.o
                0x000011d4                ILI9341_check_0h_11h_or_12h_23h
 .text.ILI9341_check_hour
                0x000012ac      0x274 source_file/ILI9341_LCD_input_data.o
                0x000012ac                ILI9341_check_hour
 .text.ILI9341_check_minutes
                0x00001520       0xaa source_file/ILI9341_LCD_input_data.o
                0x00001520                ILI9341_check_minutes
 .text.ILI9341_check_day_num
                0x000015ca      0x174 source_file/ILI9341_LCD_input_data.o
                0x000015ca                ILI9341_check_day_num
 .text.ILI9341_check_date
                0x0000173e      0x1a4 source_file/ILI9341_LCD_input_data.o
                0x0000173e                ILI9341_check_date
 .text.ILI9341_check_month
                0x000018e2      0x1a4 source_file/ILI9341_LCD_input_data.o
                0x000018e2                ILI9341_check_month
 .text.ILI9341_check_year
                0x00001a86      0x150 source_file/ILI9341_LCD_input_data.o
                0x00001a86                ILI9341_check_year
 .text.ILI9341_LCD_input_data_time
                0x00001bd6       0xc0 source_file/ILI9341_LCD_input_data.o
                0x00001bd6                ILI9341_LCD_input_data_time
 .text.ILI9341_LCD_input_data_temperature_humidity
                0x00001c96      0x334 source_file/ILI9341_LCD_input_data.o
                0x00001c96                ILI9341_LCD_input_data_temperature_humidity
 .text.ILI9341_LCD_input_data_air_quality
                0x00001fca      0x992 source_file/ILI9341_LCD_input_data.o
                0x00001fca                ILI9341_LCD_input_data_air_quality
 .text.ILI9341_LCD_input_data_update
                0x0000295c       0xfa source_file/ILI9341_LCD_input_data.o
                0x0000295c                ILI9341_LCD_input_data_update
 .text.ILI9341_LCD_input_data_init
                0x00002a56       0xa2 source_file/ILI9341_LCD_input_data.o
                0x00002a56                ILI9341_LCD_input_data_init
 .text.ILI9341_chip_select
                0x00002af8        0xe source_file/ILI9341_TFT_LCD.o
                0x00002af8                ILI9341_chip_select
 .text.ILI9341_chip_deselect
                0x00002b06        0xe source_file/ILI9341_TFT_LCD.o
                0x00002b06                ILI9341_chip_deselect
 .text.ILI9341_select_send_command
                0x00002b14        0xc source_file/ILI9341_TFT_LCD.o
                0x00002b14                ILI9341_select_send_command
 .text.ILI9341_select_send_data
                0x00002b20        0xc source_file/ILI9341_TFT_LCD.o
                0x00002b20                ILI9341_select_send_data
 .text.ILI9341_write_data
                0x00002b2c       0x48 source_file/ILI9341_TFT_LCD.o
                0x00002b2c                ILI9341_write_data
 .text.ILI9341_write_pixel
                0x00002b74       0x74 source_file/ILI9341_TFT_LCD.o
                0x00002b74                ILI9341_write_pixel
 .text.ILI9341_software_reset
                0x00002be8       0x1e source_file/ILI9341_TFT_LCD.o
                0x00002be8                ILI9341_software_reset
 .text.ILI9341_after_reset_init
                0x00002c06        0x4 source_file/ILI9341_TFT_LCD.o
                0x00002c06                ILI9341_after_reset_init
 .text.ILI9341_display_on
                0x00002c0a       0x1e source_file/ILI9341_TFT_LCD.o
                0x00002c0a                ILI9341_display_on
 .text.ILI9341_normal_display_mode_on
                0x00002c28        0xc source_file/ILI9341_TFT_LCD.o
                0x00002c28                ILI9341_normal_display_mode_on
 .text.ILI9341_set_column_address
                0x00002c34       0x2e source_file/ILI9341_TFT_LCD.o
                0x00002c34                ILI9341_set_column_address
 .text.ILI9341_set_page_address
                0x00002c62       0x2e source_file/ILI9341_TFT_LCD.o
                0x00002c62                ILI9341_set_page_address
 .text.ILI9341_vertical_scrolling_definition
                0x00002c90       0x38 source_file/ILI9341_TFT_LCD.o
                0x00002c90                ILI9341_vertical_scrolling_definition
 .text.ILI9341_vertical_scrolling_start_address
                0x00002cc8       0x24 source_file/ILI9341_TFT_LCD.o
                0x00002cc8                ILI9341_vertical_scrolling_start_address
 .text.ILI9341_enter_scroll_mode
                0x00002cec       0x36 source_file/ILI9341_TFT_LCD.o
                0x00002cec                ILI9341_enter_scroll_mode
 .text.ILI9341_display_init
                0x00002d22        0x4 source_file/ILI9341_TFT_LCD.o
                0x00002d22                ILI9341_display_init
 .text.ILI9341_sleep_out
                0x00002d26       0x1e source_file/ILI9341_TFT_LCD.o
                0x00002d26                ILI9341_sleep_out
 .text.ILI9341_init
                0x00002d44       0x20 source_file/ILI9341_TFT_LCD.o
                0x00002d44                ILI9341_init
 .text.ILI9341_fill_screen
                0x00002d64       0x76 source_file/ILI9341_TFT_LCD.o
                0x00002d64                ILI9341_fill_screen
 .text.ILI9341_write_char_5x5
                0x00002dda      0x140 source_file/ILI9341_TFT_LCD.o
                0x00002dda                ILI9341_write_char_5x5
 .text.ILI9341_write_char_15x15
                0x00002f1a      0x2fc source_file/ILI9341_TFT_LCD.o
                0x00002f1a                ILI9341_write_char_15x15
 .text.ILI9341_gamma_set
                0x00003216       0x38 source_file/ILI9341_TFT_LCD_init.o
                0x00003216                ILI9341_gamma_set
 .text.ILI9341_pixel_format_set
                0x0000324e       0x3a source_file/ILI9341_TFT_LCD_init.o
                0x0000324e                ILI9341_pixel_format_set
 .text.ILI9341_set_memory_data_access_control
                0x00003288       0x38 source_file/ILI9341_TFT_LCD_init.o
                0x00003288                ILI9341_set_memory_data_access_control
 .text.ILI9341_RGB_interface_signal_control
                0x000032c0       0x26 source_file/ILI9341_TFT_LCD_init.o
                0x000032c0                ILI9341_RGB_interface_signal_control
 .text.ILI9341_Frame_control_in_Normal_mode
                0x000032e6       0x44 source_file/ILI9341_TFT_LCD_init.o
                0x000032e6                ILI9341_Frame_control_in_Normal_mode
 .text.ILI9341_Frame_control_in_Idle_mode
                0x0000332a       0x2a source_file/ILI9341_TFT_LCD_init.o
                0x0000332a                ILI9341_Frame_control_in_Idle_mode
 .text.ILI9341_Frame_control_in_Partial_mode
                0x00003354       0x2a source_file/ILI9341_TFT_LCD_init.o
                0x00003354                ILI9341_Frame_control_in_Partial_mode
 .text.ILI9341_blanking_porch_control
                0x0000337e       0x38 source_file/ILI9341_TFT_LCD_init.o
                0x0000337e                ILI9341_blanking_porch_control
 .text.ILI9341_display_function_control
                0x000033b6       0x52 source_file/ILI9341_TFT_LCD_init.o
                0x000033b6                ILI9341_display_function_control
 .text.ILI9341_Enable_3G
                0x00003408       0x38 source_file/ILI9341_TFT_LCD_init.o
                0x00003408                ILI9341_Enable_3G
 .text.ILI9341_positive_Gamma_correction
                0x00003440       0x44 source_file/ILI9341_TFT_LCD_init.o
                0x00003440                ILI9341_positive_Gamma_correction
 .text.ILI9341_negative_Gamma_correction
                0x00003484       0x44 source_file/ILI9341_TFT_LCD_init.o
                0x00003484                ILI9341_negative_Gamma_correction
 .text.ILI9341_interface_control
                0x000034c8       0x30 source_file/ILI9341_TFT_LCD_init.o
                0x000034c8                ILI9341_interface_control
 .text.ILI9341_Backlight_control_1
                0x000034f8       0x26 source_file/ILI9341_TFT_LCD_init.o
                0x000034f8                ILI9341_Backlight_control_1
 .text.ILI9341_Backlight_control_2
                0x0000351e       0x26 source_file/ILI9341_TFT_LCD_init.o
                0x0000351e                ILI9341_Backlight_control_2
 .text.ILI9341_Backlight_control_3
                0x00003544       0x26 source_file/ILI9341_TFT_LCD_init.o
                0x00003544                ILI9341_Backlight_control_3
 .text.ILI9341_Backlight_control_4
                0x0000356a       0x26 source_file/ILI9341_TFT_LCD_init.o
                0x0000356a                ILI9341_Backlight_control_4
 .text.ILI9341_Backlight_control_5
                0x00003590       0x26 source_file/ILI9341_TFT_LCD_init.o
                0x00003590                ILI9341_Backlight_control_5
 .text.ILI9341_Backlight_control_7
                0x000035b6       0x26 source_file/ILI9341_TFT_LCD_init.o
                0x000035b6                ILI9341_Backlight_control_7
 .text.ILI9341_Backlight_control_8
                0x000035dc       0x24 source_file/ILI9341_TFT_LCD_init.o
                0x000035dc                ILI9341_Backlight_control_8
 .text.ILI9341_entry_mode_set
                0x00003600       0x26 source_file/ILI9341_TFT_LCD_init.o
                0x00003600                ILI9341_entry_mode_set
 .text.ILI9341_power_control_1
                0x00003626       0x3a source_file/ILI9341_TFT_LCD_init.o
                0x00003626                ILI9341_power_control_1
 .text.ILI9341_power_control_2
                0x00003660       0x38 source_file/ILI9341_TFT_LCD_init.o
                0x00003660                ILI9341_power_control_2
 .text.ILI9341_VCOM_control_1
                0x00003698       0x48 source_file/ILI9341_TFT_LCD_init.o
                0x00003698                ILI9341_VCOM_control_1
 .text.ILI9341_VCOM_control_2
                0x000036e0       0x3a source_file/ILI9341_TFT_LCD_init.o
                0x000036e0                ILI9341_VCOM_control_2
 .text.ILI9341_power_control_A
                0x0000371a       0x68 source_file/ILI9341_TFT_LCD_init.o
                0x0000371a                ILI9341_power_control_A
 .text.ILI9341_power_control_B
                0x00003782       0x50 source_file/ILI9341_TFT_LCD_init.o
                0x00003782                ILI9341_power_control_B
 .text.ILI9341_driver_timming_control_A
                0x000037d2       0x34 source_file/ILI9341_TFT_LCD_init.o
                0x000037d2                ILI9341_driver_timming_control_A
 .text.ILI9341_driver_timming_control_A_
                0x00003806       0x54 source_file/ILI9341_TFT_LCD_init.o
                0x00003806                ILI9341_driver_timming_control_A_
 .text.ILI9341_driver_timming_control_B
                0x0000385a       0x42 source_file/ILI9341_TFT_LCD_init.o
                0x0000385a                ILI9341_driver_timming_control_B
 .text.ILI9341_power_sequence_control
                0x0000389c       0x62 source_file/ILI9341_TFT_LCD_init.o
                0x0000389c                ILI9341_power_sequence_control
 .text.ILI9341_pump_ratio_control
                0x000038fe       0x3a source_file/ILI9341_TFT_LCD_init.o
                0x000038fe                ILI9341_pump_ratio_control
 .text.setting_all
                0x00003938       0x7e source_file/ILI9341_TFT_LCD_init.o
                0x00003938                setting_all
 .text.SHT31_CRC8
                0x000039b6       0x38 source_file/SHT31_temp_humi_sensor.o
                0x000039b6                SHT31_CRC8
 .text.SHT31_start_address_write
                0x000039ee       0x12 source_file/SHT31_temp_humi_sensor.o
                0x000039ee                SHT31_start_address_write
 .text.SHT31_start_address_read
                0x00003a00       0x12 source_file/SHT31_temp_humi_sensor.o
                0x00003a00                SHT31_start_address_read
 .text.SHT31_send_command
                0x00003a12       0x14 source_file/SHT31_temp_humi_sensor.o
                0x00003a12                SHT31_send_command
 .text.SHT31_receive_data
                0x00003a26       0x62 source_file/SHT31_temp_humi_sensor.o
                0x00003a26                SHT31_receive_data
 .text.SHT31_Measure_period
                0x00003a88       0x14 source_file/SHT31_temp_humi_sensor.o
                0x00003a88                SHT31_Measure_period
 .text.SHT31_init
                0x00003a9c       0x34 source_file/SHT31_temp_humi_sensor.o
                0x00003a9c                SHT31_init
 .text.SHT31_convert_temp_humi
                0x00003ad0       0x74 source_file/SHT31_temp_humi_sensor.o
                0x00003ad0                SHT31_convert_temp_humi
 .text.SHT31_read_period
                0x00003b44      0x142 source_file/SHT31_temp_humi_sensor.o
                0x00003b44                SHT31_read_period
 .text.spi_init
                0x00003c86       0x18 source_file/spi.o
                0x00003c86                spi_init
 .text.spi_chip_select
                0x00003c9e        0x8 source_file/spi.o
                0x00003c9e                spi_chip_select
 .text.spi_chip_deselect
                0x00003ca6        0x8 source_file/spi.o
                0x00003ca6                spi_chip_deselect
 .text.spi_write_data
                0x00003cae        0x8 source_file/spi.o
                0x00003cae                spi_write_data
 .text.Timer8_use2_init
                0x00003cb6       0x66 source_file/Timer8.o
                0x00003cb6                Timer8_use2_init
 .text.uart0_init
                0x00003d1c        0xe source_file/uart0.o
                0x00003d1c                uart0_init
 .text.uart0_transmit
                0x00003d2a        0xc source_file/uart0.o
                0x00003d2a                uart0_transmit
 .text.uart0_receive
                0x00003d36        0xa source_file/uart0.o
                0x00003d36                uart0_receive
 .text.uart1_transmit
                0x00003d40       0x12 source_file/uart1.o
                0x00003d40                uart1_transmit
 .text.uart1_receive
                0x00003d52       0x10 source_file/uart1.o
                0x00003d52                uart1_receive
 .text.uart1_init
                0x00003d62       0x22 source_file/uart1.o
                0x00003d62                uart1_init
 .text.libgcc.div
                0x00003d84       0x28 c:/program files (x86)/atmel/studio/7.0/toolchain/avr8/avr8-gnu-toolchain/bin/../lib/gcc/avr/5.4.0/avr51\libgcc.a(_udivmodhi4.o)
                0x00003d84                __udivmodhi4
 .text.libgcc.div
                0x00003dac       0x44 c:/program files (x86)/atmel/studio/7.0/toolchain/avr8/avr8-gnu-toolchain/bin/../lib/gcc/avr/5.4.0/avr51\libgcc.a(_udivmodsi4.o)
                0x00003dac                __udivmodsi4
 .text.libgcc.mul
                0x00003df0       0x1e c:/program files (x86)/atmel/studio/7.0/toolchain/avr8/avr8-gnu-toolchain/bin/../lib/gcc/avr/5.4.0/avr51\libgcc.a(_umulhisi3.o)
                0x00003df0                __umulhisi3
 .text.libgcc.mul
                0x00003e0e       0x14 c:/program files (x86)/atmel/studio/7.0/toolchain/avr8/avr8-gnu-toolchain/bin/../lib/gcc/avr/5.4.0/avr51\libgcc.a(_muluhisi3.o)
                0x00003e0e                __muluhisi3
 .text.avr-libc
                0x00003e22       0x12 c:/program files (x86)/atmel/studio/7.0/toolchain/avr8/avr8-gnu-toolchain/bin/../lib/gcc/avr/5.4.0/../../../../avr/lib/avr51\libc.a(strcmp.o)
                0x00003e22                strcmp
 .text.avr-libc
                0x00003e34       0x34 c:/program files (x86)/atmel/studio/7.0/toolchain/avr8/avr8-gnu-toolchain/bin/../lib/gcc/avr/5.4.0/../../../../avr/lib/avr51\libc.a(strstr.o)
                0x00003e34                strstr
 .text.avr-libc
                0x00003e68       0x26 c:/program files (x86)/atmel/studio/7.0/toolchain/avr8/avr8-gnu-toolchain/bin/../lib/gcc/avr/5.4.0/../../../../avr/lib/avr51\libc.a(printf.o)
                0x00003e68                printf
 .text.avr-libc
                0x00003e8e        0xa c:/program files (x86)/atmel/studio/7.0/toolchain/avr8/avr8-gnu-toolchain/bin/../lib/gcc/avr/5.4.0/../../../../avr/lib/avr51\libc.a(putchar.o)
                0x00003e8e                putchar
 .text.avr-libc
                0x00003e98      0x3fa c:/program files (x86)/atmel/studio/7.0/toolchain/avr8/avr8-gnu-toolchain/bin/../lib/gcc/avr/5.4.0/../../../../avr/lib/avr51\libc.a(vfprintf_std.o)
                0x00003e98                vfprintf
 .text.avr-libc
                0x00004292       0x16 c:/program files (x86)/atmel/studio/7.0/toolchain/avr8/avr8-gnu-toolchain/bin/../lib/gcc/avr/5.4.0/../../../../avr/lib/avr51\libc.a(strnlen_P.o)
                0x00004292                strnlen_P
 .text.avr-libc
                0x000042a8       0x16 c:/program files (x86)/atmel/studio/7.0/toolchain/avr8/avr8-gnu-toolchain/bin/../lib/gcc/avr/5.4.0/../../../../avr/lib/avr51\libc.a(strnlen.o)
                0x000042a8                strnlen
 .text.avr-libc
                0x000042be       0x78 c:/program files (x86)/atmel/studio/7.0/toolchain/avr8/avr8-gnu-toolchain/bin/../lib/gcc/avr/5.4.0/../../../../avr/lib/avr51\libc.a(fputc.o)
                0x000042be                fputc
 .text.avr-libc
                0x00004336       0xbc c:/program files (x86)/atmel/studio/7.0/toolchain/avr8/avr8-gnu-toolchain/bin/../lib/gcc/avr/5.4.0/../../../../avr/lib/avr51\libc.a(ultoa_invert.o)
                0x00004336                __ultoa_invert
                0x000043f2                . = ALIGN (0x2)
 *(.fini9)
 .fini9         0x000043f2        0x0 c:/program files (x86)/atmel/studio/7.0/toolchain/avr8/avr8-gnu-toolchain/bin/../lib/gcc/avr/5.4.0/avr51\libgcc.a(_exit.o)
                0x000043f2                _exit
                0x000043f2                exit
 *(.fini9)
 *(.fini8)
 *(.fini8)
 *(.fini7)
 *(.fini7)
 *(.fini6)
 *(.fini6)
 *(.fini5)
 *(.fini5)
 *(.fini4)
 *(.fini4)
 *(.fini3)
 *(.fini3)
 *(.fini2)
 *(.fini2)
 *(.fini1)
 *(.fini1)
 *(.fini0)
 .fini0         0x000043f2        0x4 c:/program files (x86)/atmel/studio/7.0/toolchain/avr8/avr8-gnu-toolchain/bin/../lib/gcc/avr/5.4.0/avr51\libgcc.a(_exit.o)
 *(.fini0)
                0x000043f6                _etext = .

.data           0x00800100      0xab4 load address 0x000043f6
                0x00800100                PROVIDE (__data_start, .)
 *(.data)
 *(.data*)
 .data.send_string
                0x00800100       0xfa source_file/ESP8266.o
                0x00800100                send_string
 .data.is_time_update
                0x008001fa        0x1 source_file/ILI9341_LCD_input_data.o
                0x008001fa                is_time_update
 .data.day_string
                0x008001fb       0x1c source_file/ILI9341_LCD_input_data.o
                0x008001fb                day_string
 .data.month_string
                0x00800217       0x30 source_file/ILI9341_LCD_input_data.o
                0x00800217                month_string
 .data.percent_symbol_mv
                0x00800247       0x24 source_file/ILI9341_LCD_input_data.o
                0x00800247                percent_symbol_mv
 .data.parts_per_billion_symbol_mv
                0x0080026b       0x24 source_file/ILI9341_LCD_input_data.o
                0x0080026b                parts_per_billion_symbol_mv
 .data.parts_per_million_symbol_mv
                0x0080028f       0x24 source_file/ILI9341_LCD_input_data.o
                0x0080028f                parts_per_million_symbol_mv
 .data.celsius_symbol_mv
                0x008002b3       0x24 source_file/ILI9341_LCD_input_data.o
                0x008002b3                celsius_symbol_mv
 .data.kor_humidity_2_mv
                0x008002d7       0x24 source_file/ILI9341_LCD_input_data.o
                0x008002d7                kor_humidity_2_mv
 .data.kor_humidity_1_mv
                0x008002fb       0x24 source_file/ILI9341_LCD_input_data.o
                0x008002fb                kor_humidity_1_mv
 .data.kor_temperature_2_mv
                0x0080031f       0x24 source_file/ILI9341_LCD_input_data.o
                0x0080031f                kor_temperature_2_mv
 .data.kor_temperature_1_mv
                0x00800343       0x24 source_file/ILI9341_LCD_input_data.o
                0x00800343                kor_temperature_1_mv
 .data.kor_good_2_mv
                0x00800367       0x24 source_file/ILI9341_LCD_input_data.o
                0x00800367                kor_good_2_mv
 .data.kor_good_1_mv
                0x0080038b       0x24 source_file/ILI9341_LCD_input_data.o
                0x0080038b                kor_good_1_mv
 .data.kor_normal_2_mv
                0x008003af       0x24 source_file/ILI9341_LCD_input_data.o
                0x008003af                kor_normal_2_mv
 .data.kor_normal_1_mv
                0x008003d3       0x24 source_file/ILI9341_LCD_input_data.o
                0x008003d3                kor_normal_1_mv
 .data.kor_bad_2_mv
                0x008003f7       0x24 source_file/ILI9341_LCD_input_data.o
                0x008003f7                kor_bad_2_mv
 .data.kor_bad_1_mv
                0x0080041b       0x24 source_file/ILI9341_LCD_input_data.o
                0x0080041b                kor_bad_1_mv
 .data.kor_air_2_mv
                0x0080043f       0x24 source_file/ILI9341_LCD_input_data.o
                0x0080043f                kor_air_2_mv
 .data.kor_air_1_mv
                0x00800463       0x24 source_file/ILI9341_LCD_input_data.o
                0x00800463                kor_air_1_mv
 .data.kor_date_mv
                0x00800487        0xe source_file/ILI9341_LCD_input_data.o
                0x00800487                kor_date_mv
 .data.kor_date_2_mv
                0x00800495       0x24 source_file/ILI9341_LCD_input_data.o
                0x00800495                kor_date_2_mv
 .data.kor_date_1_mv
                0x008004b9       0x24 source_file/ILI9341_LCD_input_data.o
                0x008004b9                kor_date_1_mv
 .data.kor_day_mv
                0x008004dd       0x24 source_file/ILI9341_LCD_input_data.o
                0x008004dd                kor_day_mv
 .data.kor_month_mv
                0x00800501       0x24 source_file/ILI9341_LCD_input_data.o
                0x00800501                kor_month_mv
 .data.kor_year_mv
                0x00800525       0x24 source_file/ILI9341_LCD_input_data.o
                0x00800525                kor_year_mv
 .data.kor_sun_mv
                0x00800549       0x24 source_file/ILI9341_LCD_input_data.o
                0x00800549                kor_sun_mv
 .data.kor_sat_mv
                0x0080056d       0x24 source_file/ILI9341_LCD_input_data.o
                0x0080056d                kor_sat_mv
 .data.kor_fri_mv
                0x00800591       0x24 source_file/ILI9341_LCD_input_data.o
                0x00800591                kor_fri_mv
 .data.kor_thu_mv
                0x008005b5       0x24 source_file/ILI9341_LCD_input_data.o
                0x008005b5                kor_thu_mv
 .data.kor_wed_mv
                0x008005d9       0x24 source_file/ILI9341_LCD_input_data.o
                0x008005d9                kor_wed_mv
 .data.kor_tue_mv
                0x008005fd       0x24 source_file/ILI9341_LCD_input_data.o
                0x008005fd                kor_tue_mv
 .data.kor_mon_mv
                0x00800621       0x24 source_file/ILI9341_LCD_input_data.o
                0x00800621                kor_mon_mv
 .data.kor_day_12h_23h_2_mv
                0x00800645       0x24 source_file/ILI9341_LCD_input_data.o
                0x00800645                kor_day_12h_23h_2_mv
 .data.kor_day_12h_23h_1_mv
                0x00800669       0x24 source_file/ILI9341_LCD_input_data.o
                0x00800669                kor_day_12h_23h_1_mv
 .data.kor_day_0h_11h_2_mv
                0x0080068d       0x24 source_file/ILI9341_LCD_input_data.o
                0x0080068d                kor_day_0h_11h_2_mv
 .data.kor_day_0h_11h_1_mv
                0x008006b1       0x24 source_file/ILI9341_LCD_input_data.o
                0x008006b1                kor_day_0h_11h_1_mv
 .data.upper_alphabet_mv
                0x008006d5       0x68 source_file/ILI9341_LCD_input_data.o
                0x008006d5                upper_alphabet_mv
 .data.numbers_mv
                0x0080073d       0x28 source_file/ILI9341_LCD_input_data.o
                0x0080073d                numbers_mv
 .data.colon_mv
                0x00800765        0x4 source_file/ILI9341_LCD_input_data.o
                0x00800765                colon_mv
 .data.check_char
                0x00800769       0x64 source_file/ILI9341_TFT_LCD.o
                0x00800769                check_char
 .data.IOPUT    0x008007cd        0xe source_file/uart1.o
                0x008007cd                IOPUT
 *(.gnu.linkonce.d*)
 *(.rodata)
 .rodata        0x008007db        0xf source_file/ILI9341_TFT_LCD.o
 .rodata        0x008007ea       0x23 source_file/ILI9341_TFT_LCD_init.o
 *(.rodata*)
 .rodata.str1.1
                0x0080080d       0x7a source_file/CCS811_air_quality_sensor.o
 .rodata.str1.1
                0x00800887       0x96 source_file/ESP8266.o
 .rodata.str1.1
                0x0080091d      0x1f6 source_file/i2c.o
 .rodata.str1.1
                0x00800b13       0x2d source_file/ILI9341_LCD_input_data.o
 .rodata.str1.1
                0x00800b40       0x74 source_file/SHT31_temp_humi_sensor.o
                                 0x8d (size before relaxing)
 *(.gnu.linkonce.r*)
                0x00800bb4                . = ALIGN (0x2)
                0x00800bb4                _edata = .
                0x00800bb4                PROVIDE (__data_end, .)

.bss            0x00800bb4      0x36e
                0x00800bb4                PROVIDE (__bss_start, .)
 *(.bss)
 *(.bss*)
 .bss.TVOC      0x00800bb4        0x4 source_file/CCS811_air_quality_sensor.o
                0x00800bb4                TVOC
 .bss.CO2       0x00800bb8        0x4 source_file/CCS811_air_quality_sensor.o
                0x00800bb8                CO2
 .bss.receive_time_diff
                0x00800bbc        0x2 source_file/ESP8266.o
                0x00800bbc                receive_time_diff
 .bss.second_receive_time_sec
                0x00800bbe        0x1 source_file/ESP8266.o
                0x00800bbe                second_receive_time_sec
 .bss.second_receive_time_mili_sec
                0x00800bbf        0x2 source_file/ESP8266.o
                0x00800bbf                second_receive_time_mili_sec
 .bss.first_receive_time_sec
                0x00800bc1        0x1 source_file/ESP8266.o
                0x00800bc1                first_receive_time_sec
 .bss.first_receive_time_mili_sec
                0x00800bc2        0x2 source_file/ESP8266.o
                0x00800bc2                first_receive_time_mili_sec
 .bss.sleep_mode_index
                0x00800bc4        0x1 source_file/ESP8266.o
                0x00800bc4                sleep_mode_index
 .bss.receive_time_index
                0x00800bc5        0x1 source_file/ESP8266.o
                0x00800bc5                receive_time_index
 .bss.receive_time_first_index
                0x00800bc6        0x1 source_file/ESP8266.o
                0x00800bc6                receive_time_first_index
 .bss.command_receive_index
                0x00800bc7        0x1 source_file/ESP8266.o
                0x00800bc7                command_receive_index
 .bss.command_transmit_index
                0x00800bc8        0x1 source_file/ESP8266.o
                0x00800bc8                command_transmit_index
 .bss.isdisplay_changed
                0x00800bc9        0x1 source_file/ILI9341_LCD_input_data.o
                0x00800bc9                isdisplay_changed
 .bss.Display_mode_count
                0x00800bca        0x1 source_file/ILI9341_LCD_input_data.o
                0x00800bca                Display_mode_count
 .bss.Display_mode
                0x00800bcb        0x1 source_file/ILI9341_LCD_input_data.o
                0x00800bcb                Display_mode
 .bss.mili_sec  0x00800bcc        0x2 source_file/ILI9341_LCD_input_data.o
                0x00800bcc                mili_sec
 .bss.seconds   0x00800bce        0x1 source_file/ILI9341_LCD_input_data.o
                0x00800bce                seconds
 .bss.minute    0x00800bcf        0x1 source_file/ILI9341_LCD_input_data.o
                0x00800bcf                minute
 .bss.hour      0x00800bd0        0x1 source_file/ILI9341_LCD_input_data.o
                0x00800bd0                hour
 .bss.humidity  0x00800bd1        0x4 source_file/SHT31_temp_humi_sensor.o
                0x00800bd1                humidity
 .bss.temperature
                0x00800bd5        0x4 source_file/SHT31_temp_humi_sensor.o
                0x00800bd5                temperature
 *(COMMON)
 COMMON         0x00800bd9      0x329 source_file/ESP8266.o
                0x00800bd9                result_receive_string
                0x00800dd2                received_time_string
                0x00800e9c                receive_sleep_mode_string
                0x00800f01                esp8266_user_status
 COMMON         0x00800f02       0x1a source_file/ILI9341_LCD_input_data.o
                0x00800f02                current_time
                0x00800f10                time_index
 COMMON         0x00800f1c        0x6 c:/program files (x86)/atmel/studio/7.0/toolchain/avr8/avr8-gnu-toolchain/bin/../lib/gcc/avr/5.4.0/../../../../avr/lib/avr51\libc.a(iob.o)
                0x00800f1c                __iob
                0x00800f22                PROVIDE (__bss_end, .)
                0x000043f6                __data_load_start = LOADADDR (.data)
                0x00004eaa                __data_load_end = (__data_load_start + SIZEOF (.data))

.noinit         0x00800f22        0x0
                [!provide]                PROVIDE (__noinit_start, .)
 *(.noinit*)
                [!provide]                PROVIDE (__noinit_end, .)
                0x00800f22                _end = .
                [!provide]                PROVIDE (__heap_start, .)

.eeprom         0x00810000        0x0
 *(.eeprom*)
                0x00810000                __eeprom_end = .

.fuse
 *(.fuse)
 *(.lfuse)
 *(.hfuse)
 *(.efuse)

.lock
 *(.lock*)

.signature
 *(.signature*)

.user_signatures
 *(.user_signatures*)

.stab
 *(.stab)

.stabstr
 *(.stabstr)

.stab.excl
 *(.stab.excl)

.stab.exclstr
 *(.stab.exclstr)

.stab.index
 *(.stab.index)

.stab.indexstr
 *(.stab.indexstr)

.comment        0x00000000       0x5c
 *(.comment)
 .comment       0x00000000       0x30 main.o
                                 0x31 (size before relaxing)
 .comment       0x00000030       0x31 source_file/CCS811_air_quality_sensor.o
 .comment       0x00000030       0x31 source_file/ESP8266.o
 .comment       0x00000030       0x31 source_file/Exinterrupt.o
 .comment       0x00000030       0x31 source_file/i2c.o
 .comment       0x00000030       0x31 source_file/ILI9341_LCD_input_data.o
 .comment       0x00000030       0x31 source_file/ILI9341_TFT_LCD.o
 .comment       0x00000030       0x31 source_file/ILI9341_TFT_LCD_init.o
 .comment       0x00000030       0x31 source_file/SHT31_temp_humi_sensor.o
 .comment       0x00000030       0x31 source_file/spi.o
 .comment       0x00000030       0x31 source_file/Timer8.o
 .comment       0x00000030       0x31 source_file/uart0.o
 .comment       0x00000030       0x31 source_file/uart1.o
 .comment       0x00000030       0x31 c:/program files (x86)/atmel/studio/7.0/toolchain/avr8/avr8-gnu-toolchain/bin/../lib/gcc/avr/5.4.0/../../../../avr/lib/avr51\libc.a(iob.o)
 .comment       0x00000030       0x31 c:/program files (x86)/atmel/studio/7.0/toolchain/avr8/avr8-gnu-toolchain/bin/../lib/gcc/avr/5.4.0/../../../../avr/lib/avr51\libc.a(printf.o)
 .comment       0x00000030       0x31 c:/program files (x86)/atmel/studio/7.0/toolchain/avr8/avr8-gnu-toolchain/bin/../lib/gcc/avr/5.4.0/../../../../avr/lib/avr51\libc.a(putchar.o)
 .comment       0x00000030       0x2c c:/program files (x86)/atmel/studio/7.0/toolchain/avr8/avr8-gnu-toolchain/bin/../lib/gcc/avr/5.4.0/../../../../avr/lib/avr51\libc.a(vfprintf_std.o)
                                 0x2d (size before relaxing)
 .comment       0x0000005c       0x31 c:/program files (x86)/atmel/studio/7.0/toolchain/avr8/avr8-gnu-toolchain/bin/../lib/gcc/avr/5.4.0/../../../../avr/lib/avr51\libc.a(fputc.o)

.note.gnu.avr.deviceinfo
                0x00000000       0x3c
 .note.gnu.avr.deviceinfo
                0x00000000       0x3c C:/Program Files (x86)/Atmel/Studio/7.0/Packs/atmel/ATmega_DFP/1.6.364/gcc/dev/atmega128/avr51/crtatmega128.o

.note.gnu.build-id
 *(.note.gnu.build-id)

.debug
 *(.debug)

.line
 *(.line)

.debug_srcinfo
 *(.debug_srcinfo)

.debug_sfnames
 *(.debug_sfnames)

.debug_aranges  0x00000000      0x618
 *(.debug_aranges)
 .debug_aranges
                0x00000000       0x20 main.o
 .debug_aranges
                0x00000020       0xa0 source_file/CCS811_air_quality_sensor.o
 .debug_aranges
                0x000000c0       0x58 source_file/ESP8266.o
 .debug_aranges
                0x00000118       0x20 source_file/Exinterrupt.o
 .debug_aranges
                0x00000138       0x68 source_file/i2c.o
 .debug_aranges
                0x000001a0       0xa0 source_file/ILI9341_LCD_input_data.o
 .debug_aranges
                0x00000240      0x160 source_file/ILI9341_TFT_LCD.o
 .debug_aranges
                0x000003a0      0x138 source_file/ILI9341_TFT_LCD_init.o
 .debug_aranges
                0x000004d8       0x78 source_file/SHT31_temp_humi_sensor.o
 .debug_aranges
                0x00000550       0x48 source_file/spi.o
 .debug_aranges
                0x00000598       0x20 source_file/Timer8.o
 .debug_aranges
                0x000005b8       0x30 source_file/uart0.o
 .debug_aranges
                0x000005e8       0x30 source_file/uart1.o

.debug_pubnames
 *(.debug_pubnames)

.debug_info     0x00000000     0x8718
 *(.debug_info .gnu.linkonce.wi.*)
 .debug_info    0x00000000      0x780 C:/Program Files (x86)/Atmel/Studio/7.0/Packs/atmel/ATmega_DFP/1.6.364/gcc/dev/atmega128/avr51/crtatmega128.o
 .debug_info    0x00000780       0xd2 main.o
 .debug_info    0x00000852      0xa60 source_file/CCS811_air_quality_sensor.o
 .debug_info    0x000012b2      0x833 source_file/ESP8266.o
 .debug_info    0x00001ae5       0x82 source_file/Exinterrupt.o
 .debug_info    0x00001b67      0x399 source_file/i2c.o
 .debug_info    0x00001f00     0x2f50 source_file/ILI9341_LCD_input_data.o
 .debug_info    0x00004e50     0x1975 source_file/ILI9341_TFT_LCD.o
 .debug_info    0x000067c5     0x11b9 source_file/ILI9341_TFT_LCD_init.o
 .debug_info    0x0000797e      0x91a source_file/SHT31_temp_humi_sensor.o
 .debug_info    0x00008298      0x10e source_file/spi.o
 .debug_info    0x000083a6       0xb0 source_file/Timer8.o
 .debug_info    0x00008456       0xd0 source_file/uart0.o
 .debug_info    0x00008526      0x1f2 source_file/uart1.o

.debug_abbrev   0x00000000     0x18c3
 *(.debug_abbrev)
 .debug_abbrev  0x00000000      0x718 C:/Program Files (x86)/Atmel/Studio/7.0/Packs/atmel/ATmega_DFP/1.6.364/gcc/dev/atmega128/avr51/crtatmega128.o
 .debug_abbrev  0x00000718       0x68 main.o
 .debug_abbrev  0x00000780      0x1e3 source_file/CCS811_air_quality_sensor.o
 .debug_abbrev  0x00000963      0x1a5 source_file/ESP8266.o
 .debug_abbrev  0x00000b08       0x4f source_file/Exinterrupt.o
 .debug_abbrev  0x00000b57      0x18d source_file/i2c.o
 .debug_abbrev  0x00000ce4      0x2b5 source_file/ILI9341_LCD_input_data.o
 .debug_abbrev  0x00000f99      0x310 source_file/ILI9341_TFT_LCD.o
 .debug_abbrev  0x000012a9      0x142 source_file/ILI9341_TFT_LCD_init.o
 .debug_abbrev  0x000013eb      0x20d source_file/SHT31_temp_humi_sensor.o
 .debug_abbrev  0x000015f8       0x97 source_file/spi.o
 .debug_abbrev  0x0000168f       0x6f source_file/Timer8.o
 .debug_abbrev  0x000016fe       0x92 source_file/uart0.o
 .debug_abbrev  0x00001790      0x133 source_file/uart1.o

.debug_line     0x00000000     0x3751
 *(.debug_line .debug_line.* .debug_line_end)
 .debug_line    0x00000000      0x16a C:/Program Files (x86)/Atmel/Studio/7.0/Packs/atmel/ATmega_DFP/1.6.364/gcc/dev/atmega128/avr51/crtatmega128.o
 .debug_line    0x0000016a       0xce main.o
 .debug_line    0x00000238      0x507 source_file/CCS811_air_quality_sensor.o
 .debug_line    0x0000073f      0x612 source_file/ESP8266.o
 .debug_line    0x00000d51       0xc4 source_file/Exinterrupt.o
 .debug_line    0x00000e15      0x34d source_file/i2c.o
 .debug_line    0x00001162      0xa52 source_file/ILI9341_LCD_input_data.o
 .debug_line    0x00001bb4      0xa7b source_file/ILI9341_TFT_LCD.o
 .debug_line    0x0000262f      0x7eb source_file/ILI9341_TFT_LCD_init.o
 .debug_line    0x00002e1a      0x4b6 source_file/SHT31_temp_humi_sensor.o
 .debug_line    0x000032d0      0x155 source_file/spi.o
 .debug_line    0x00003425      0x113 source_file/Timer8.o
 .debug_line    0x00003538      0x104 source_file/uart0.o
 .debug_line    0x0000363c      0x115 source_file/uart1.o

.debug_frame    0x00000000     0x17f4
 *(.debug_frame)
 .debug_frame   0x00000000       0x24 main.o
 .debug_frame   0x00000024      0x218 source_file/CCS811_air_quality_sensor.o
 .debug_frame   0x0000023c      0x224 source_file/ESP8266.o
 .debug_frame   0x00000460       0x24 source_file/Exinterrupt.o
 .debug_frame   0x00000484      0x16c source_file/i2c.o
 .debug_frame   0x000005f0      0x568 source_file/ILI9341_LCD_input_data.o
 .debug_frame   0x00000b58      0x540 source_file/ILI9341_TFT_LCD.o
 .debug_frame   0x00001098      0x454 source_file/ILI9341_TFT_LCD_init.o
 .debug_frame   0x000014ec      0x1e8 source_file/SHT31_temp_humi_sensor.o
 .debug_frame   0x000016d4       0x74 source_file/spi.o
 .debug_frame   0x00001748       0x24 source_file/Timer8.o
 .debug_frame   0x0000176c       0x44 source_file/uart0.o
 .debug_frame   0x000017b0       0x44 source_file/uart1.o

.debug_str      0x00000000     0x1bd6
 *(.debug_str)
 .debug_str     0x00000000      0x27d C:/Program Files (x86)/Atmel/Studio/7.0/Packs/atmel/ATmega_DFP/1.6.364/gcc/dev/atmega128/avr51/crtatmega128.o
 .debug_str     0x0000027d      0x192 main.o
                                0x1cb (size before relaxing)
 .debug_str     0x0000040f      0x2fe source_file/CCS811_air_quality_sensor.o
                                0x49e (size before relaxing)
 .debug_str     0x0000070d      0x272 source_file/ESP8266.o
                                0x441 (size before relaxing)
 .debug_str     0x0000097f       0x2e source_file/Exinterrupt.o
                                0x19d (size before relaxing)
 .debug_str     0x000009ad       0x49 source_file/i2c.o
                                0x2a6 (size before relaxing)
 .debug_str     0x000009f6      0x57b source_file/ILI9341_LCD_input_data.o
                                0x896 (size before relaxing)
 .debug_str     0x00000f71      0x65e source_file/ILI9341_TFT_LCD.o
                                0x8ee (size before relaxing)
 .debug_str     0x000015cf      0x437 source_file/ILI9341_TFT_LCD_init.o
                                0x5d3 (size before relaxing)
 .debug_str     0x00001a06      0x11b source_file/SHT31_temp_humi_sensor.o
                                0x3cb (size before relaxing)
 .debug_str     0x00001b21       0x15 source_file/spi.o
                                0x1eb (size before relaxing)
 .debug_str     0x00001b36       0x2b source_file/Timer8.o
                                0x1b4 (size before relaxing)
 .debug_str     0x00001b61       0x17 source_file/uart0.o
                                0x1b8 (size before relaxing)
 .debug_str     0x00001b78       0x5e source_file/uart1.o
                                0x1e7 (size before relaxing)

.debug_loc      0x00000000     0x5aa0
 *(.debug_loc)
 .debug_loc     0x00000000      0x75d source_file/CCS811_air_quality_sensor.o
 .debug_loc     0x0000075d      0x807 source_file/ESP8266.o
 .debug_loc     0x00000f64      0x502 source_file/i2c.o
 .debug_loc     0x00001466     0x1621 source_file/ILI9341_LCD_input_data.o
 .debug_loc     0x00002a87     0x185d source_file/ILI9341_TFT_LCD.o
 .debug_loc     0x000042e4      0xe6a source_file/ILI9341_TFT_LCD_init.o
 .debug_loc     0x0000514e      0x8f3 source_file/SHT31_temp_humi_sensor.o
 .debug_loc     0x00005a41       0x21 source_file/Timer8.o
 .debug_loc     0x00005a62       0x1f source_file/uart0.o
 .debug_loc     0x00005a81       0x1f source_file/uart1.o

.debug_macinfo
 *(.debug_macinfo)

.debug_weaknames
 *(.debug_weaknames)

.debug_funcnames
 *(.debug_funcnames)

.debug_typenames
 *(.debug_typenames)

.debug_varnames
 *(.debug_varnames)

.debug_pubtypes
 *(.debug_pubtypes)

.debug_ranges   0x00000000      0x608
 *(.debug_ranges)
 .debug_ranges  0x00000000       0x10 main.o
 .debug_ranges  0x00000010       0x90 source_file/CCS811_air_quality_sensor.o
 .debug_ranges  0x000000a0       0x48 source_file/ESP8266.o
 .debug_ranges  0x000000e8       0x10 source_file/Exinterrupt.o
 .debug_ranges  0x000000f8       0x70 source_file/i2c.o
 .debug_ranges  0x00000168       0xc0 source_file/ILI9341_LCD_input_data.o
 .debug_ranges  0x00000228      0x1b0 source_file/ILI9341_TFT_LCD.o
 .debug_ranges  0x000003d8      0x128 source_file/ILI9341_TFT_LCD_init.o
 .debug_ranges  0x00000500       0x80 source_file/SHT31_temp_humi_sensor.o
 .debug_ranges  0x00000580       0x38 source_file/spi.o
 .debug_ranges  0x000005b8       0x10 source_file/Timer8.o
 .debug_ranges  0x000005c8       0x20 source_file/uart0.o
 .debug_ranges  0x000005e8       0x20 source_file/uart1.o

.debug_macro
 *(.debug_macro)
OUTPUT(electronic_clock.elf elf32-avr)
LOAD linker stubs
