Archive member included to satisfy reference by file (symbol)

c:/st/stm32cubeide_1.6.1/stm32cubeide/plugins/com.st.stm32cube.ide.mcu.externaltools.gnu-tools-for-stm32.9-2020-q2-update.win32_1.5.0.202011040924/tools/bin/../lib/gcc/arm-none-eabi/9.3.1/../../../../arm-none-eabi/lib/thumb/v7-m/nofp\libc.a(lib_a-ctype_.o)
                              E_Clock_source_file/ILI9341_LCD_input_data.o (_ctype_)
c:/st/stm32cubeide_1.6.1/stm32cubeide/plugins/com.st.stm32cube.ide.mcu.externaltools.gnu-tools-for-stm32.9-2020-q2-update.win32_1.5.0.202011040924/tools/bin/../lib/gcc/arm-none-eabi/9.3.1/../../../../arm-none-eabi/lib/thumb/v7-m/nofp\libc.a(lib_a-errno.o)
                              Core/Src/syscalls.o (__errno)
c:/st/stm32cubeide_1.6.1/stm32cubeide/plugins/com.st.stm32cube.ide.mcu.externaltools.gnu-tools-for-stm32.9-2020-q2-update.win32_1.5.0.202011040924/tools/bin/../lib/gcc/arm-none-eabi/9.3.1/../../../../arm-none-eabi/lib/thumb/v7-m/nofp\libc.a(lib_a-exit.o)
                              c:/st/stm32cubeide_1.6.1/stm32cubeide/plugins/com.st.stm32cube.ide.mcu.externaltools.gnu-tools-for-stm32.9-2020-q2-update.win32_1.5.0.202011040924/tools/bin/../lib/gcc/arm-none-eabi/9.3.1/../../../../arm-none-eabi/lib/thumb/v7-m/nofp/crt0.o (exit)
c:/st/stm32cubeide_1.6.1/stm32cubeide/plugins/com.st.stm32cube.ide.mcu.externaltools.gnu-tools-for-stm32.9-2020-q2-update.win32_1.5.0.202011040924/tools/bin/../lib/gcc/arm-none-eabi/9.3.1/../../../../arm-none-eabi/lib/thumb/v7-m/nofp\libc.a(lib_a-impure.o)
                              c:/st/stm32cubeide_1.6.1/stm32cubeide/plugins/com.st.stm32cube.ide.mcu.externaltools.gnu-tools-for-stm32.9-2020-q2-update.win32_1.5.0.202011040924/tools/bin/../lib/gcc/arm-none-eabi/9.3.1/../../../../arm-none-eabi/lib/thumb/v7-m/nofp\libc.a(lib_a-exit.o) (_global_impure_ptr)
c:/st/stm32cubeide_1.6.1/stm32cubeide/plugins/com.st.stm32cube.ide.mcu.externaltools.gnu-tools-for-stm32.9-2020-q2-update.win32_1.5.0.202011040924/tools/bin/../lib/gcc/arm-none-eabi/9.3.1/../../../../arm-none-eabi/lib/thumb/v7-m/nofp\libc.a(lib_a-init.o)
                              c:/st/stm32cubeide_1.6.1/stm32cubeide/plugins/com.st.stm32cube.ide.mcu.externaltools.gnu-tools-for-stm32.9-2020-q2-update.win32_1.5.0.202011040924/tools/bin/../lib/gcc/arm-none-eabi/9.3.1/../../../../arm-none-eabi/lib/thumb/v7-m/nofp/crt0.o (__libc_init_array)
c:/st/stm32cubeide_1.6.1/stm32cubeide/plugins/com.st.stm32cube.ide.mcu.externaltools.gnu-tools-for-stm32.9-2020-q2-update.win32_1.5.0.202011040924/tools/bin/../lib/gcc/arm-none-eabi/9.3.1/../../../../arm-none-eabi/lib/thumb/v7-m/nofp\libc.a(lib_a-memset.o)
                              c:/st/stm32cubeide_1.6.1/stm32cubeide/plugins/com.st.stm32cube.ide.mcu.externaltools.gnu-tools-for-stm32.9-2020-q2-update.win32_1.5.0.202011040924/tools/bin/../lib/gcc/arm-none-eabi/9.3.1/../../../../arm-none-eabi/lib/thumb/v7-m/nofp/crt0.o (memset)
c:/st/stm32cubeide_1.6.1/stm32cubeide/plugins/com.st.stm32cube.ide.mcu.externaltools.gnu-tools-for-stm32.9-2020-q2-update.win32_1.5.0.202011040924/tools/bin/../lib/gcc/arm-none-eabi/9.3.1/../../../../arm-none-eabi/lib/thumb/v7-m/nofp\libc.a(lib_a-printf.o)
                              Core/Src/main.o (printf)
c:/st/stm32cubeide_1.6.1/stm32cubeide/plugins/com.st.stm32cube.ide.mcu.externaltools.gnu-tools-for-stm32.9-2020-q2-update.win32_1.5.0.202011040924/tools/bin/../lib/gcc/arm-none-eabi/9.3.1/../../../../arm-none-eabi/lib/thumb/v7-m/nofp\libc.a(lib_a-putchar.o)
                              E_Clock_source_file/ESP8266.o (putchar)
c:/st/stm32cubeide_1.6.1/stm32cubeide/plugins/com.st.stm32cube.ide.mcu.externaltools.gnu-tools-for-stm32.9-2020-q2-update.win32_1.5.0.202011040924/tools/bin/../lib/gcc/arm-none-eabi/9.3.1/../../../../arm-none-eabi/lib/thumb/v7-m/nofp\libc.a(lib_a-puts.o)
                              E_Clock_source_file/CCS811_air_quality_sensor.o (puts)
c:/st/stm32cubeide_1.6.1/stm32cubeide/plugins/com.st.stm32cube.ide.mcu.externaltools.gnu-tools-for-stm32.9-2020-q2-update.win32_1.5.0.202011040924/tools/bin/../lib/gcc/arm-none-eabi/9.3.1/../../../../arm-none-eabi/lib/thumb/v7-m/nofp\libc.a(lib_a-setvbuf.o)
                              Core/Src/main.o (setvbuf)
c:/st/stm32cubeide_1.6.1/stm32cubeide/plugins/com.st.stm32cube.ide.mcu.externaltools.gnu-tools-for-stm32.9-2020-q2-update.win32_1.5.0.202011040924/tools/bin/../lib/gcc/arm-none-eabi/9.3.1/../../../../arm-none-eabi/lib/thumb/v7-m/nofp\libc.a(lib_a-strcmp.o)
                              E_Clock_source_file/ESP8266.o (strcmp)
c:/st/stm32cubeide_1.6.1/stm32cubeide/plugins/com.st.stm32cube.ide.mcu.externaltools.gnu-tools-for-stm32.9-2020-q2-update.win32_1.5.0.202011040924/tools/bin/../lib/gcc/arm-none-eabi/9.3.1/../../../../arm-none-eabi/lib/thumb/v7-m/nofp\libc.a(lib_a-strlen.o)
                              E_Clock_source_file/ESP8266.o (strlen)
[...]
Memory Configuration

Name             Origin             Length             Attributes
RAM              0x0000000020000000 0x0000000000005000 xrw
FLASH            0x0000000008000000 0x0000000000010000 xr
*default*        0x0000000000000000 0xffffffffffffffff

Linker script and memory map

LOAD c:/st/stm32cubeide_1.6.1/stm32cubeide/plugins/com.st.stm32cube.ide.mcu.externaltools.gnu-tools-for-stm32.9-2020-q2-update.win32_1.5.0.202011040924/tools/bin/../lib/gcc/arm-none-eabi/9.3.1/thumb/v7-m/nofp/crti.o
LOAD c:/st/stm32cubeide_1.6.1/stm32cubeide/plugins/com.st.stm32cube.ide.mcu.externaltools.gnu-tools-for-stm32.9-2020-q2-update.win32_1.5.0.202011040924/tools/bin/../lib/gcc/arm-none-eabi/9.3.1/thumb/v7-m/nofp/crtbegin.o
LOAD c:/st/stm32cubeide_1.6.1/stm32cubeide/plugins/com.st.stm32cube.ide.mcu.externaltools.gnu-tools-for-stm32.9-2020-q2-update.win32_1.5.0.202011040924/tools/bin/../lib/gcc/arm-none-eabi/9.3.1/../../../../arm-none-eabi/lib/thumb/v7-m/nofp/crt0.o
LOAD Core/Src/main.o
LOAD Core/Src/stm32f1xx_hal_msp.o
LOAD Core/Src/stm32f1xx_it.o
LOAD Core/Src/syscalls.o
LOAD Core/Src/sysmem.o
LOAD Core/Src/system_stm32f1xx.o
LOAD Core/Startup/startup_stm32f103r8tx.o
LOAD Drivers/STM32F1xx_HAL_Driver/Src/stm32f1xx_hal.o
LOAD Drivers/STM32F1xx_HAL_Driver/Src/stm32f1xx_hal_cortex.o
LOAD Drivers/STM32F1xx_HAL_Driver/Src/stm32f1xx_hal_dma.o
LOAD Drivers/STM32F1xx_HAL_Driver/Src/stm32f1xx_hal_exti.o
LOAD Drivers/STM32F1xx_HAL_Driver/Src/stm32f1xx_hal_flash.o
LOAD Drivers/STM32F1xx_HAL_Driver/Src/stm32f1xx_hal_flash_ex.o
LOAD Drivers/STM32F1xx_HAL_Driver/Src/stm32f1xx_hal_gpio.o
LOAD Drivers/STM32F1xx_HAL_Driver/Src/stm32f1xx_hal_gpio_ex.o
LOAD Drivers/STM32F1xx_HAL_Driver/Src/stm32f1xx_hal_i2c.o
LOAD Drivers/STM32F1xx_HAL_Driver/Src/stm32f1xx_hal_pwr.o
LOAD Drivers/STM32F1xx_HAL_Driver/Src/stm32f1xx_hal_rcc.o
LOAD Drivers/STM32F1xx_HAL_Driver/Src/stm32f1xx_hal_rcc_ex.o
LOAD Drivers/STM32F1xx_HAL_Driver/Src/stm32f1xx_hal_spi.o
LOAD Drivers/STM32F1xx_HAL_Driver/Src/stm32f1xx_hal_tim.o
LOAD Drivers/STM32F1xx_HAL_Driver/Src/stm32f1xx_hal_tim_ex.o
LOAD Drivers/STM32F1xx_HAL_Driver/Src/stm32f1xx_hal_uart.o
LOAD E_Clock_source_file/CCS811_air_quality_sensor.o
LOAD E_Clock_source_file/ESP8266.o
LOAD E_Clock_source_file/ILI9341_LCD_input_data.o
LOAD E_Clock_source_file/ILI9341_TFT_LCD.o
LOAD E_Clock_source_file/ILI9341_TFT_LCD_init.o
LOAD E_Clock_source_file/SHT31_temp_humi_sensor.o
LOAD E_Clock_source_file/gpio_init.o
LOAD E_Clock_source_file/i2c_init.o
LOAD E_Clock_source_file/interrupt_init.o
LOAD E_Clock_source_file/rcc_init.o
LOAD E_Clock_source_file/spi_init.o
LOAD E_Clock_source_file/stm32_delay_user_set.o
LOAD E_Clock_source_file/timer_init.o
LOAD E_Clock_source_file/uart.o
START GROUP
LOAD c:/st/stm32cubeide_1.6.1/stm32cubeide/plugins/com.st.stm32cube.ide.mcu.externaltools.gnu-tools-for-stm32.9-2020-q2-update.win32_1.5.0.202011040924/tools/bin/../lib/gcc/arm-none-eabi/9.3.1/../../../../arm-none-eabi/lib/thumb/v7-m/nofp\libc.a
LOAD c:/st/stm32cubeide_1.6.1/stm32cubeide/plugins/com.st.stm32cube.ide.mcu.externaltools.gnu-tools-for-stm32.9-2020-q2-update.win32_1.5.0.202011040924/tools/bin/../lib/gcc/arm-none-eabi/9.3.1/../../../../arm-none-eabi/lib/thumb/v7-m/nofp\libm.a
END GROUP
START GROUP
LOAD c:/st/stm32cubeide_1.6.1/stm32cubeide/plugins/com.st.stm32cube.ide.mcu.externaltools.gnu-tools-for-stm32.9-2020-q2-update.win32_1.5.0.202011040924/tools/bin/../lib/gcc/arm-none-eabi/9.3.1/thumb/v7-m/nofp\libgcc.a
LOAD c:/st/stm32cubeide_1.6.1/stm32cubeide/plugins/com.st.stm32cube.ide.mcu.externaltools.gnu-tools-for-stm32.9-2020-q2-update.win32_1.5.0.202011040924/tools/bin/../lib/gcc/arm-none-eabi/9.3.1/../../../../arm-none-eabi/lib/thumb/v7-m/nofp\libc.a
END GROUP
START GROUP
LOAD c:/st/stm32cubeide_1.6.1/stm32cubeide/plugins/com.st.stm32cube.ide.mcu.externaltools.gnu-tools-for-stm32.9-2020-q2-update.win32_1.5.0.202011040924/tools/bin/../lib/gcc/arm-none-eabi/9.3.1/thumb/v7-m/nofp\libgcc.a
LOAD c:/st/stm32cubeide_1.6.1/stm32cubeide/plugins/com.st.stm32cube.ide.mcu.externaltools.gnu-tools-for-stm32.9-2020-q2-update.win32_1.5.0.202011040924/tools/bin/../lib/gcc/arm-none-eabi/9.3.1/../../../../arm-none-eabi/lib/thumb/v7-m/nofp\libc.a
LOAD c:/st/stm32cubeide_1.6.1/stm32cubeide/plugins/com.st.stm32cube.ide.mcu.externaltools.gnu-tools-for-stm32.9-2020-q2-update.win32_1.5.0.202011040924/tools/bin/../lib/gcc/arm-none-eabi/9.3.1/../../../../arm-none-eabi/lib/thumb/v7-m/nofp\libnosys.a
END GROUP
LOAD c:/st/stm32cubeide_1.6.1/stm32cubeide/plugins/com.st.stm32cube.ide.mcu.externaltools.gnu-tools-for-stm32.9-2020-q2-update.win32_1.5.0.202011040924/tools/bin/../lib/gcc/arm-none-eabi/9.3.1/thumb/v7-m/nofp/crtend.o
LOAD c:/st/stm32cubeide_1.6.1/stm32cubeide/plugins/com.st.stm32cube.ide.mcu.externaltools.gnu-tools-for-stm32.9-2020-q2-update.win32_1.5.0.202011040924/tools/bin/../lib/gcc/arm-none-eabi/9.3.1/thumb/v7-m/nofp/crtn.o
                0x0000000020005000                _estack = (ORIGIN (RAM) + LENGTH (RAM))
                0x0000000000000200                _Min_Heap_Size = 0x200
                0x0000000000000400                _Min_Stack_Size = 0x400

.isr_vector     0x0000000008000000      0x10c
                0x0000000008000000                . = ALIGN (0x4)
 *(.isr_vector)
 .isr_vector    0x0000000008000000      0x10c Core/Startup/startup_stm32f103r8tx.o
                0x0000000008000000                g_pfnVectors
                0x000000000800010c                . = ALIGN (0x4)

.text           0x0000000008000110     0xcf48
                0x0000000008000110                . = ALIGN (0x4)
 *(.text)
 .text          0x0000000008000110       0x40 c:/st/stm32cubeide_1.6.1/stm32cubeide/plugins/com.st.stm32cube.ide.mcu.externaltools.gnu-tools-for-stm32.9-2020-q2-update.win32_1.5.0.202011040924/tools/bin/../lib/gcc/arm-none-eabi/9.3.1/thumb/v7-m/nofp/crtbegin.o
 .text          0x0000000008000150       0x14 c:/st/stm32cubeide_1.6.1/stm32cubeide/plugins/com.st.stm32cube.ide.mcu.externaltools.gnu-tools-for-stm32.9-2020-q2-update.win32_1.5.0.202011040924/tools/bin/../lib/gcc/arm-none-eabi/9.3.1/../../../../arm-none-eabi/lib/thumb/v7-m/nofp\libc.a(lib_a-strcmp.o)
                0x0000000008000150                strcmp
 .text          0x0000000008000164       0x10 c:/st/stm32cubeide_1.6.1/stm32cubeide/plugins/com.st.stm32cube.ide.mcu.externaltools.gnu-tools-for-stm32.9-2020-q2-update.win32_1.5.0.202011040924/tools/bin/../lib/gcc/arm-none-eabi/9.3.1/../../../../arm-none-eabi/lib/thumb/v7-m/nofp\libc.a(lib_a-strlen.o)
                0x0000000008000164                strlen
 .text          0x0000000008000174      0x378 c:/st/stm32cubeide_1.6.1/stm32cubeide/plugins/com.st.stm32cube.ide.mcu.externaltools.gnu-tools-for-stm32.9-2020-q2-update.win32_1.5.0.202011040924/tools/bin/../lib/gcc/arm-none-eabi/9.3.1/thumb/v7-m/nofp\libgcc.a(_arm_addsubdf3.o)
                0x0000000008000174                __aeabi_drsub
                0x000000000800017c                __aeabi_dsub
                0x000000000800017c                __subdf3
                0x0000000008000180                __aeabi_dadd
                0x0000000008000180                __adddf3
                0x00000000080003f8                __floatunsidf
                0x00000000080003f8                __aeabi_ui2d
                0x0000000008000418                __floatsidf
                0x0000000008000418                __aeabi_i2d
                0x000000000800043c                __aeabi_f2d
                0x000000000800043c                __extendsfdf2
                0x0000000008000480                __floatundidf
                0x0000000008000480                __aeabi_ul2d
                0x0000000008000490                __floatdidf
                0x0000000008000490                __aeabi_l2d
 .text          0x00000000080004ec      0x424 c:/st/stm32cubeide_1.6.1/stm32cubeide/plugins/com.st.stm32cube.ide.mcu.externaltools.gnu-tools-for-stm32.9-2020-q2-update.win32_1.5.0.202011040924/tools/bin/../lib/gcc/arm-none-eabi/9.3.1/thumb/v7-m/nofp\libgcc.a(_arm_muldivdf3.o)
                0x00000000080004ec                __aeabi_dmul
                0x00000000080004ec                __muldf3
                0x0000000008000740                __divdf3
                0x0000000008000740                __aeabi_ddiv
 .text          0x0000000008000910      0x110 c:/st/stm32cubeide_1.6.1/stm32cubeide/plugins/com.st.stm32cube.ide.mcu.externaltools.gnu-tools-for-stm32.9-2020-q2-update.win32_1.5.0.202011040924/tools/bin/../lib/gcc/arm-none-eabi/9.3.1/thumb/v7-m/nofp\libgcc.a(_arm_cmpdf2.o)
                0x0000000008000910                __gtdf2
                0x0000000008000910                __gedf2
                0x0000000008000918                __ltdf2
                0x0000000008000918                __ledf2
                0x0000000008000920                __nedf2
                0x0000000008000920                __eqdf2
                0x0000000008000920                __cmpdf2
                0x000000000800099c                __aeabi_cdrcmple
                0x00000000080009ac                __aeabi_cdcmpeq
                0x00000000080009ac                __aeabi_cdcmple
                0x00000000080009bc                __aeabi_dcmpeq
                0x00000000080009d0                __aeabi_dcmplt
                0x00000000080009e4                __aeabi_dcmple
                0x00000000080009f8                __aeabi_dcmpge
                0x0000000008000a0c                __aeabi_dcmpgt
 .text          0x0000000008000a20       0x2c c:/st/stm32cubeide_1.6.1/stm32cubeide/plugins/com.st.stm32cube.ide.mcu.externaltools.gnu-tools-for-stm32.9-2020-q2-update.win32_1.5.0.202011040924/tools/bin/../lib/gcc/arm-none-eabi/9.3.1/thumb/v7-m/nofp\libgcc.a(_arm_unorddf2.o)
                0x0000000008000a20                __unorddf2
                0x0000000008000a20                __aeabi_dcmpun
 .text          0x0000000008000a4c       0x50 c:/st/stm32cubeide_1.6.1/stm32cubeide/plugins/com.st.stm32cube.ide.mcu.externaltools.gnu-tools-for-stm32.9-2020-q2-update.win32_1.5.0.202011040924/tools/bin/../lib/gcc/arm-none-eabi/9.3.1/thumb/v7-m/nofp\libgcc.a(_arm_fixdfsi.o)
                0x0000000008000a4c                __aeabi_d2iz
                0x0000000008000a4c                __fixdfsi
 .text          0x0000000008000a9c       0x30 c:/st/stm32cubeide_1.6.1/stm32cubeide/plugins/com.st.stm32cube.ide.mcu.externaltools.gnu-tools-for-stm32.9-2020-q2-update.win32_1.5.0.202011040924/tools/bin/../lib/gcc/arm-none-eabi/9.3.1/thumb/v7-m/nofp\libgcc.a(_aeabi_uldivmod.o)
                0x0000000008000a9c                __aeabi_uldivmod
 .text          0x0000000008000acc      0x2c4 c:/st/stm32cubeide_1.6.1/stm32cubeide/plugins/com.st.stm32cube.ide.mcu.externaltools.gnu-tools-for-stm32.9-2020-q2-update.win32_1.5.0.202011040924/tools/bin/../lib/gcc/arm-none-eabi/9.3.1/thumb/v7-m/nofp\libgcc.a(_udivmoddi4.o)
                0x0000000008000acc                __udivmoddi4
 .text          0x0000000008000d90        0x4 c:/st/stm32cubeide_1.6.1/stm32cubeide/plugins/com.st.stm32cube.ide.mcu.externaltools.gnu-tools-for-stm32.9-2020-q2-update.win32_1.5.0.202011040924/tools/bin/../lib/gcc/arm-none-eabi/9.3.1/thumb/v7-m/nofp\libgcc.a(_dvmd_tls.o)
                0x0000000008000d90                __aeabi_idiv0
                0x0000000008000d90                __aeabi_ldiv0
 *(.text*)
 .text.main     0x0000000008000d94       0x4c Core/Src/main.o
                0x0000000008000d94                main
 .text.SystemClock_Config
                0x0000000008000de0       0x80 Core/Src/main.o
                0x0000000008000de0                SystemClock_Config
 .text.MX_I2C1_Init
                0x0000000008000e60       0x5c Core/Src/main.o
 .text.MX_SPI1_Init
                0x0000000008000ebc       0x6c Core/Src/main.o
 .text.MX_TIM3_Init
                0x0000000008000f28       0xe8 Core/Src/main.o
 .text.MX_USART2_UART_Init
                0x0000000008001010       0x54 Core/Src/main.o
 .text.MX_USART3_UART_Init
                0x0000000008001064       0x64 Core/Src/main.o
 .text.MX_GPIO_Init
                0x00000000080010c8       0xc4 Core/Src/main.o
 .text.Error_Handler
                0x000000000800118c        0xa Core/Src/main.o
                0x000000000800118c                Error_Handler
 *fill*         0x0000000008001196        0x2 
 .text.HAL_MspInit
                0x0000000008001198       0x64 Core/Src/stm32f1xx_hal_msp.o
                0x0000000008001198                HAL_MspInit
 .text.HAL_I2C_MspInit
                0x00000000080011fc       0x7c Core/Src/stm32f1xx_hal_msp.o
                0x00000000080011fc                HAL_I2C_MspInit
 .text.HAL_SPI_MspInit
                0x0000000008001278       0x94 Core/Src/stm32f1xx_hal_msp.o
                0x0000000008001278                HAL_SPI_MspInit
 .text.HAL_TIM_Base_MspInit
                0x000000000800130c       0x4c Core/Src/stm32f1xx_hal_msp.o
                0x000000000800130c                HAL_TIM_Base_MspInit
 .text.HAL_UART_MspInit
                0x0000000008001358      0x11c Core/Src/stm32f1xx_hal_msp.o
                0x0000000008001358                HAL_UART_MspInit
 .text.NMI_Handler
                0x0000000008001474        0x6 Core/Src/stm32f1xx_it.o
                0x0000000008001474                NMI_Handler
 .text.HardFault_Handler
                0x000000000800147a        0x6 Core/Src/stm32f1xx_it.o
                0x000000000800147a                HardFault_Handler
 .text.MemManage_Handler
                0x0000000008001480        0x6 Core/Src/stm32f1xx_it.o
                0x0000000008001480                MemManage_Handler
 .text.BusFault_Handler
                0x0000000008001486        0x6 Core/Src/stm32f1xx_it.o
                0x0000000008001486                BusFault_Handler
 .text.UsageFault_Handler
                0x000000000800148c        0x6 Core/Src/stm32f1xx_it.o
                0x000000000800148c                UsageFault_Handler
 .text.SVC_Handler
                0x0000000008001492        0xc Core/Src/stm32f1xx_it.o
                0x0000000008001492                SVC_Handler
 .text.DebugMon_Handler
                0x000000000800149e        0xc Core/Src/stm32f1xx_it.o
                0x000000000800149e                DebugMon_Handler
 .text.PendSV_Handler
                0x00000000080014aa        0xc Core/Src/stm32f1xx_it.o
                0x00000000080014aa                PendSV_Handler
 .text.SysTick_Handler
                0x00000000080014b6        0xc Core/Src/stm32f1xx_it.o
                0x00000000080014b6                SysTick_Handler
 *fill*         0x00000000080014c2        0x2 
 .text.TIM3_IRQHandler
                0x00000000080014c4       0x18 Core/Src/stm32f1xx_it.o
                0x00000000080014c4                TIM3_IRQHandler
 .text.USART3_IRQHandler
                0x00000000080014dc       0x18 Core/Src/stm32f1xx_it.o
                0x00000000080014dc                USART3_IRQHandler
 .text.EXTI0_IRQHandler
                0x00000000080014f4       0x18 Core/Src/stm32f1xx_it.o
                0x00000000080014f4                EXTI0_IRQHandler
 .text.EXTI1_IRQHandler
                0x000000000800150c       0x18 Core/Src/stm32f1xx_it.o
                0x000000000800150c                EXTI1_IRQHandler
 .text._getpid  0x0000000008001524        0xe Core/Src/syscalls.o
                0x0000000008001524                _getpid
 .text._kill    0x0000000008001532       0x20 Core/Src/syscalls.o
                0x0000000008001532                _kill
 .text._exit    0x0000000008001552       0x14 Core/Src/syscalls.o
                0x0000000008001552                _exit
 .text._read    0x0000000008001566       0x3a Core/Src/syscalls.o
                0x0000000008001566                _read
 .text._write   0x00000000080015a0       0x38 Core/Src/syscalls.o
                0x00000000080015a0                _write
 .text._close   0x00000000080015d8       0x16 Core/Src/syscalls.o
                0x00000000080015d8                _close
 .text._fstat   0x00000000080015ee       0x1e Core/Src/syscalls.o
                0x00000000080015ee                _fstat
 .text._isatty  0x000000000800160c       0x14 Core/Src/syscalls.o
                0x000000000800160c                _isatty
 .text._lseek   0x0000000008001620       0x18 Core/Src/syscalls.o
                0x0000000008001620                _lseek
 .text._sbrk    0x0000000008001638       0x6c Core/Src/sysmem.o
                0x0000000008001638                _sbrk
 .text.SystemInit
                0x00000000080016a4        0xc Core/Src/system_stm32f1xx.o
                0x00000000080016a4                SystemInit
 .text.Reset_Handler
                0x00000000080016b0       0x48 Core/Startup/startup_stm32f103r8tx.o
                0x00000000080016b0                Reset_Handler
 .text.Default_Handler
                0x00000000080016f8        0x2 Core/Startup/startup_stm32f103r8tx.o
                0x00000000080016f8                RTC_Alarm_IRQHandler
                0x00000000080016f8                EXTI2_IRQHandler
                0x00000000080016f8                TIM1_CC_IRQHandler
                0x00000000080016f8                PVD_IRQHandler
                0x00000000080016f8                EXTI3_IRQHandler
                0x00000000080016f8                I2C2_EV_IRQHandler
                0x00000000080016f8                ADC1_2_IRQHandler
                0x00000000080016f8                SPI1_IRQHandler
                0x00000000080016f8                TAMPER_IRQHandler
                0x00000000080016f8                DMA1_Channel4_IRQHandler
                0x00000000080016f8                RTC_IRQHandler
                0x00000000080016f8                DMA1_Channel7_IRQHandler
                0x00000000080016f8                CAN1_RX1_IRQHandler
                0x00000000080016f8                TIM4_IRQHandler
                0x00000000080016f8                I2C1_EV_IRQHandler
                0x00000000080016f8                DMA1_Channel6_IRQHandler
                0x00000000080016f8                RCC_IRQHandler
                0x00000000080016f8                TIM1_TRG_COM_IRQHandler
                0x00000000080016f8                DMA1_Channel1_IRQHandler
                0x00000000080016f8                Default_Handler
                0x00000000080016f8                EXTI15_10_IRQHandler
                0x00000000080016f8                EXTI9_5_IRQHandler
                0x00000000080016f8                SPI2_IRQHandler
                0x00000000080016f8                DMA1_Channel5_IRQHandler
                0x00000000080016f8                EXTI4_IRQHandler
                0x00000000080016f8                USB_LP_CAN1_RX0_IRQHandler
                0x00000000080016f8                USB_HP_CAN1_TX_IRQHandler
                0x00000000080016f8                DMA1_Channel3_IRQHandler
                0x00000000080016f8                TIM1_UP_IRQHandler
                0x00000000080016f8                WWDG_IRQHandler
                0x00000000080016f8                TIM2_IRQHandler
                0x00000000080016f8                TIM1_BRK_IRQHandler
                0x00000000080016f8                USART2_IRQHandler
                0x00000000080016f8                I2C2_ER_IRQHandler
                0x00000000080016f8                DMA1_Channel2_IRQHandler
                0x00000000080016f8                CAN1_SCE_IRQHandler
                0x00000000080016f8                FLASH_IRQHandler
                0x00000000080016f8                USART1_IRQHandler
                0x00000000080016f8                I2C1_ER_IRQHandler
                0x00000000080016f8                USBWakeUp_IRQHandler
 *fill*         0x00000000080016fa        0x2 
 .text.HAL_Init
                0x00000000080016fc       0x2c Drivers/STM32F1xx_HAL_Driver/Src/stm32f1xx_hal.o
                0x00000000080016fc                HAL_Init
 .text.HAL_InitTick
                0x0000000008001728       0x60 Drivers/STM32F1xx_HAL_Driver/Src/stm32f1xx_hal.o
                0x0000000008001728                HAL_InitTick
 .text.HAL_IncTick
                0x0000000008001788       0x24 Drivers/STM32F1xx_HAL_Driver/Src/stm32f1xx_hal.o
                0x0000000008001788                HAL_IncTick
 .text.HAL_GetTick
                0x00000000080017ac       0x14 Drivers/STM32F1xx_HAL_Driver/Src/stm32f1xx_hal.o
                0x00000000080017ac                HAL_GetTick
 .text.__NVIC_SetPriorityGrouping
                0x00000000080017c0       0x48 Drivers/STM32F1xx_HAL_Driver/Src/stm32f1xx_hal_cortex.o
 .text.__NVIC_GetPriorityGrouping
                0x0000000008001808       0x1c Drivers/STM32F1xx_HAL_Driver/Src/stm32f1xx_hal_cortex.o
 .text.__NVIC_EnableIRQ
                0x0000000008001824       0x38 Drivers/STM32F1xx_HAL_Driver/Src/stm32f1xx_hal_cortex.o
 .text.__NVIC_SetPriority
                0x000000000800185c       0x54 Drivers/STM32F1xx_HAL_Driver/Src/stm32f1xx_hal_cortex.o
 .text.NVIC_EncodePriority
                0x00000000080018b0       0x64 Drivers/STM32F1xx_HAL_Driver/Src/stm32f1xx_hal_cortex.o
 .text.SysTick_Config
                0x0000000008001914       0x44 Drivers/STM32F1xx_HAL_Driver/Src/stm32f1xx_hal_cortex.o
 .text.HAL_NVIC_SetPriorityGrouping
                0x0000000008001958       0x16 Drivers/STM32F1xx_HAL_Driver/Src/stm32f1xx_hal_cortex.o
                0x0000000008001958                HAL_NVIC_SetPriorityGrouping
 .text.HAL_NVIC_SetPriority
                0x000000000800196e       0x38 Drivers/STM32F1xx_HAL_Driver/Src/stm32f1xx_hal_cortex.o
                0x000000000800196e                HAL_NVIC_SetPriority
 .text.HAL_NVIC_EnableIRQ
                0x00000000080019a6       0x1c Drivers/STM32F1xx_HAL_Driver/Src/stm32f1xx_hal_cortex.o
                0x00000000080019a6                HAL_NVIC_EnableIRQ
 .text.HAL_SYSTICK_Config
                0x00000000080019c2       0x18 Drivers/STM32F1xx_HAL_Driver/Src/stm32f1xx_hal_cortex.o
                0x00000000080019c2                HAL_SYSTICK_Config
 *fill*         0x00000000080019da        0x2 
 .text.HAL_DMA_Abort_IT
                0x00000000080019dc       0xec Drivers/STM32F1xx_HAL_Driver/Src/stm32f1xx_hal_dma.o
                0x00000000080019dc                HAL_DMA_Abort_IT
 .text.HAL_GPIO_Init
                0x0000000008001ac8      0x308 Drivers/STM32F1xx_HAL_Driver/Src/stm32f1xx_hal_gpio.o
                0x0000000008001ac8                HAL_GPIO_Init
 .text.HAL_GPIO_WritePin
                0x0000000008001dd0       0x30 Drivers/STM32F1xx_HAL_Driver/Src/stm32f1xx_hal_gpio.o
                0x0000000008001dd0                HAL_GPIO_WritePin
 .text.HAL_GPIO_EXTI_IRQHandler
                0x0000000008001e00       0x30 Drivers/STM32F1xx_HAL_Driver/Src/stm32f1xx_hal_gpio.o
                0x0000000008001e00                HAL_GPIO_EXTI_IRQHandler
 .text.HAL_I2C_Init
                0x0000000008001e30      0x288 Drivers/STM32F1xx_HAL_Driver/Src/stm32f1xx_hal_i2c.o
                0x0000000008001e30                HAL_I2C_Init
 .text.HAL_I2C_Master_Transmit
                0x00000000080020b8      0x1fc Drivers/STM32F1xx_HAL_Driver/Src/stm32f1xx_hal_i2c.o
                0x00000000080020b8                HAL_I2C_Master_Transmit
 .text.HAL_I2C_Master_Receive
                0x00000000080022b4      0x4c0 Drivers/STM32F1xx_HAL_Driver/Src/stm32f1xx_hal_i2c.o
                0x00000000080022b4                HAL_I2C_Master_Receive
 .text.I2C_MasterRequestWrite
                0x0000000008002774      0x104 Drivers/STM32F1xx_HAL_Driver/Src/stm32f1xx_hal_i2c.o
 .text.I2C_MasterRequestRead
                0x0000000008002878      0x19c Drivers/STM32F1xx_HAL_Driver/Src/stm32f1xx_hal_i2c.o
 .text.I2C_WaitOnFlagUntilTimeout
                0x0000000008002a14       0xae Drivers/STM32F1xx_HAL_Driver/Src/stm32f1xx_hal_i2c.o
 .text.I2C_WaitOnMasterAddressFlagUntilTimeout
                0x0000000008002ac2       0xfe Drivers/STM32F1xx_HAL_Driver/Src/stm32f1xx_hal_i2c.o
 .text.I2C_WaitOnTXEFlagUntilTimeout
                0x0000000008002bc0       0x82 Drivers/STM32F1xx_HAL_Driver/Src/stm32f1xx_hal_i2c.o
 .text.I2C_WaitOnBTFFlagUntilTimeout
                0x0000000008002c42       0x82 Drivers/STM32F1xx_HAL_Driver/Src/stm32f1xx_hal_i2c.o
 .text.I2C_WaitOnRXNEFlagUntilTimeout
                0x0000000008002cc4       0xac Drivers/STM32F1xx_HAL_Driver/Src/stm32f1xx_hal_i2c.o
 .text.I2C_IsAcknowledgeFailed
                0x0000000008002d70       0x5c Drivers/STM32F1xx_HAL_Driver/Src/stm32f1xx_hal_i2c.o
 .text.HAL_RCC_OscConfig
                0x0000000008002dcc      0x500 Drivers/STM32F1xx_HAL_Driver/Src/stm32f1xx_hal_rcc.o
                0x0000000008002dcc                HAL_RCC_OscConfig
 .text.HAL_RCC_ClockConfig
                0x00000000080032cc      0x1d4 Drivers/STM32F1xx_HAL_Driver/Src/stm32f1xx_hal_rcc.o
                0x00000000080032cc                HAL_RCC_ClockConfig
 .text.HAL_RCC_GetSysClockFreq
                0x00000000080034a0       0xc0 Drivers/STM32F1xx_HAL_Driver/Src/stm32f1xx_hal_rcc.o
                0x00000000080034a0                HAL_RCC_GetSysClockFreq
 .text.HAL_RCC_GetHCLKFreq
                0x0000000008003560       0x14 Drivers/STM32F1xx_HAL_Driver/Src/stm32f1xx_hal_rcc.o
                0x0000000008003560                HAL_RCC_GetHCLKFreq
 .text.HAL_RCC_GetPCLK1Freq
                0x0000000008003574       0x28 Drivers/STM32F1xx_HAL_Driver/Src/stm32f1xx_hal_rcc.o
                0x0000000008003574                HAL_RCC_GetPCLK1Freq
 .text.HAL_RCC_GetPCLK2Freq
                0x000000000800359c       0x28 Drivers/STM32F1xx_HAL_Driver/Src/stm32f1xx_hal_rcc.o
                0x000000000800359c                HAL_RCC_GetPCLK2Freq
 .text.RCC_Delay
                0x00000000080035c4       0x3c Drivers/STM32F1xx_HAL_Driver/Src/stm32f1xx_hal_rcc.o
 .text.HAL_SPI_Init
                0x0000000008003600      0x108 Drivers/STM32F1xx_HAL_Driver/Src/stm32f1xx_hal_spi.o
                0x0000000008003600                HAL_SPI_Init
 .text.HAL_SPI_Transmit
                0x0000000008003708      0x278 Drivers/STM32F1xx_HAL_Driver/Src/stm32f1xx_hal_spi.o
                0x0000000008003708                HAL_SPI_Transmit
 .text.HAL_SPI_GetState
                0x0000000008003980       0x1a Drivers/STM32F1xx_HAL_Driver/Src/stm32f1xx_hal_spi.o
                0x0000000008003980                HAL_SPI_GetState
 *fill*         0x000000000800399a        0x2 
 .text.SPI_WaitFlagStateUntilTimeout
                0x000000000800399c      0x110 Drivers/STM32F1xx_HAL_Driver/Src/stm32f1xx_hal_spi.o
 .text.SPI_EndRxTxTransaction
                0x0000000008003aac       0x3c Drivers/STM32F1xx_HAL_Driver/Src/stm32f1xx_hal_spi.o
 .text.HAL_TIM_Base_Init
                0x0000000008003ae8       0x9e Drivers/STM32F1xx_HAL_Driver/Src/stm32f1xx_hal_tim.o
                0x0000000008003ae8                HAL_TIM_Base_Init
 .text.HAL_TIM_OC_Init
                0x0000000008003b86       0x9e Drivers/STM32F1xx_HAL_Driver/Src/stm32f1xx_hal_tim.o
                0x0000000008003b86                HAL_TIM_OC_Init
 .text.HAL_TIM_OC_MspInit
                0x0000000008003c24       0x12 Drivers/STM32F1xx_HAL_Driver/Src/stm32f1xx_hal_tim.o
                0x0000000008003c24                HAL_TIM_OC_MspInit
 .text.HAL_TIM_IRQHandler
                0x0000000008003c36      0x210 Drivers/STM32F1xx_HAL_Driver/Src/stm32f1xx_hal_tim.o
                0x0000000008003c36                HAL_TIM_IRQHandler
 *fill*         0x0000000008003e46        0x2 
 .text.HAL_TIM_OC_ConfigChannel
                0x0000000008003e48       0xb0 Drivers/STM32F1xx_HAL_Driver/Src/stm32f1xx_hal_tim.o
                0x0000000008003e48                HAL_TIM_OC_ConfigChannel
 .text.HAL_TIM_ConfigClockSource
                0x0000000008003ef8      0x188 Drivers/STM32F1xx_HAL_Driver/Src/stm32f1xx_hal_tim.o
                0x0000000008003ef8                HAL_TIM_ConfigClockSource
 .text.HAL_TIM_OC_DelayElapsedCallback
                0x0000000008004080       0x12 Drivers/STM32F1xx_HAL_Driver/Src/stm32f1xx_hal_tim.o
                0x0000000008004080                HAL_TIM_OC_DelayElapsedCallback
 .text.HAL_TIM_IC_CaptureCallback
                0x0000000008004092       0x12 Drivers/STM32F1xx_HAL_Driver/Src/stm32f1xx_hal_tim.o
                0x0000000008004092                HAL_TIM_IC_CaptureCallback
 .text.HAL_TIM_PWM_PulseFinishedCallback
                0x00000000080040a4       0x12 Drivers/STM32F1xx_HAL_Driver/Src/stm32f1xx_hal_tim.o
                0x00000000080040a4                HAL_TIM_PWM_PulseFinishedCallback
 .text.HAL_TIM_TriggerCallback
                0x00000000080040b6       0x12 Drivers/STM32F1xx_HAL_Driver/Src/stm32f1xx_hal_tim.o
                0x00000000080040b6                HAL_TIM_TriggerCallback
 .text.TIM_Base_SetConfig
                0x00000000080040c8       0xc4 Drivers/STM32F1xx_HAL_Driver/Src/stm32f1xx_hal_tim.o
                0x00000000080040c8                TIM_Base_SetConfig
 .text.TIM_OC1_SetConfig
                0x000000000800418c       0xcc Drivers/STM32F1xx_HAL_Driver/Src/stm32f1xx_hal_tim.o
 .text.TIM_OC2_SetConfig
                0x0000000008004258       0xd4 Drivers/STM32F1xx_HAL_Driver/Src/stm32f1xx_hal_tim.o
                0x0000000008004258                TIM_OC2_SetConfig
 .text.TIM_OC3_SetConfig
                0x000000000800432c       0xd4 Drivers/STM32F1xx_HAL_Driver/Src/stm32f1xx_hal_tim.o
 .text.TIM_OC4_SetConfig
                0x0000000008004400       0x9c Drivers/STM32F1xx_HAL_Driver/Src/stm32f1xx_hal_tim.o
 .text.TIM_TI1_ConfigInputStage
                0x000000000800449c       0x5c Drivers/STM32F1xx_HAL_Driver/Src/stm32f1xx_hal_tim.o
 .text.TIM_TI2_ConfigInputStage
                0x00000000080044f8       0x5e Drivers/STM32F1xx_HAL_Driver/Src/stm32f1xx_hal_tim.o
 .text.TIM_ITRx_SetConfig
                0x0000000008004556       0x34 Drivers/STM32F1xx_HAL_Driver/Src/stm32f1xx_hal_tim.o
 .text.TIM_ETR_SetConfig
                0x000000000800458a       0x3e Drivers/STM32F1xx_HAL_Driver/Src/stm32f1xx_hal_tim.o
                0x000000000800458a                TIM_ETR_SetConfig
 .text.HAL_TIMEx_MasterConfigSynchronization
                0x00000000080045c8       0xbc Drivers/STM32F1xx_HAL_Driver/Src/stm32f1xx_hal_tim_ex.o
                0x00000000080045c8                HAL_TIMEx_MasterConfigSynchronization
 .text.HAL_TIMEx_CommutCallback
                0x0000000008004684       0x12 Drivers/STM32F1xx_HAL_Driver/Src/stm32f1xx_hal_tim_ex.o
                0x0000000008004684                HAL_TIMEx_CommutCallback
 .text.HAL_TIMEx_BreakCallback
                0x0000000008004696       0x12 Drivers/STM32F1xx_HAL_Driver/Src/stm32f1xx_hal_tim_ex.o
                0x0000000008004696                HAL_TIMEx_BreakCallback
 .text.HAL_UART_Init
                0x00000000080046a8       0x9a Drivers/STM32F1xx_HAL_Driver/Src/stm32f1xx_hal_uart.o
                0x00000000080046a8                HAL_UART_Init
 .text.HAL_UART_Transmit
                0x0000000008004742      0x124 Drivers/STM32F1xx_HAL_Driver/Src/stm32f1xx_hal_uart.o
                0x0000000008004742                HAL_UART_Transmit
 .text.HAL_UART_Receive
                0x0000000008004866      0x13e Drivers/STM32F1xx_HAL_Driver/Src/stm32f1xx_hal_uart.o
                0x0000000008004866                HAL_UART_Receive
 .text.HAL_UART_IRQHandler
                0x00000000080049a4      0x200 Drivers/STM32F1xx_HAL_Driver/Src/stm32f1xx_hal_uart.o
                0x00000000080049a4                HAL_UART_IRQHandler
 .text.HAL_UART_TxCpltCallback
                0x0000000008004ba4       0x12 Drivers/STM32F1xx_HAL_Driver/Src/stm32f1xx_hal_uart.o
                0x0000000008004ba4                HAL_UART_TxCpltCallback
 .text.HAL_UART_ErrorCallback
                0x0000000008004bb6       0x12 Drivers/STM32F1xx_HAL_Driver/Src/stm32f1xx_hal_uart.o
                0x0000000008004bb6                HAL_UART_ErrorCallback
 .text.HAL_UART_GetState
                0x0000000008004bc8       0x3a Drivers/STM32F1xx_HAL_Driver/Src/stm32f1xx_hal_uart.o
                0x0000000008004bc8                HAL_UART_GetState
 .text.UART_WaitOnFlagUntilTimeout
                0x0000000008004c02       0x94 Drivers/STM32F1xx_HAL_Driver/Src/stm32f1xx_hal_uart.o
 .text.UART_EndRxTransfer
                0x0000000008004c96       0x3a Drivers/STM32F1xx_HAL_Driver/Src/stm32f1xx_hal_uart.o
 .text.UART_DMAAbortOnError
                0x0000000008004cd0       0x28 Drivers/STM32F1xx_HAL_Driver/Src/stm32f1xx_hal_uart.o
 .text.UART_Transmit_IT
                0x0000000008004cf8       0x9e Drivers/STM32F1xx_HAL_Driver/Src/stm32f1xx_hal_uart.o
 .text.UART_EndTransmit_IT
                0x0000000008004d96       0x30 Drivers/STM32F1xx_HAL_Driver/Src/stm32f1xx_hal_uart.o
 .text.UART_Receive_IT
                0x0000000008004dc6      0x100 Drivers/STM32F1xx_HAL_Driver/Src/stm32f1xx_hal_uart.o
 *fill*         0x0000000008004ec6        0x2 
 .text.UART_SetConfig
                0x0000000008004ec8      0x11c Drivers/STM32F1xx_HAL_Driver/Src/stm32f1xx_hal_uart.o
 .text.CCS811_init
                0x0000000008004fe4       0x84 E_Clock_source_file/CCS811_air_quality_sensor.o
                0x0000000008004fe4                CCS811_init
 .text.CCS811_set_Measure_mode
                0x0000000008005068       0x20 E_Clock_source_file/CCS811_air_quality_sensor.o
                0x0000000008005068                CCS811_set_Measure_mode
 .text.CCS811_read_CO2_TVOC
                0x0000000008005088       0x88 E_Clock_source_file/CCS811_air_quality_sensor.o
                0x0000000008005088                CCS811_read_CO2_TVOC
 .text.CCS811_read_Status
                0x0000000008005110       0x44 E_Clock_source_file/CCS811_air_quality_sensor.o
                0x0000000008005110                CCS811_read_Status
 .text.CCS811_soft_reset
                0x0000000008005154       0x2c E_Clock_source_file/CCS811_air_quality_sensor.o
                0x0000000008005154                CCS811_soft_reset
 .text.CCS811_bootloader_start
                0x0000000008005180       0x1e E_Clock_source_file/CCS811_air_quality_sensor.o
                0x0000000008005180                CCS811_bootloader_start
 .text.CCS811_read_hardware_ID
                0x000000000800519e       0x32 E_Clock_source_file/CCS811_air_quality_sensor.o
                0x000000000800519e                CCS811_read_hardware_ID
 .text.ESP8266_init
                0x00000000080051d0       0xa8 E_Clock_source_file/ESP8266.o
                0x00000000080051d0                ESP8266_init
 .text.ESP8266_send_AT_command
                0x0000000008005278       0x42 E_Clock_source_file/ESP8266.o
                0x0000000008005278                ESP8266_send_AT_command
 *fill*         0x00000000080052ba        0x2 
 .text.ESP8266_receive_time
                0x00000000080052bc      0x270 E_Clock_source_file/ESP8266.o
                0x00000000080052bc                ESP8266_receive_time
 .text.ESP8266_check_receive_data
                0x000000000800552c       0x28 E_Clock_source_file/ESP8266.o
                0x000000000800552c                ESP8266_check_receive_data
 .text.ESP8266_get_time_init
                0x0000000008005554       0xcc E_Clock_source_file/ESP8266.o
                0x0000000008005554                ESP8266_get_time_init
 .text.ESP8266_enter_modem_sleep_mode
                0x0000000008005620       0xcc E_Clock_source_file/ESP8266.o
                0x0000000008005620                ESP8266_enter_modem_sleep_mode
 .text.ESP8266_leave_modem_sleep_mode
                0x00000000080056ec       0xc8 E_Clock_source_file/ESP8266.o
                0x00000000080056ec                ESP8266_leave_modem_sleep_mode
 .text.HAL_UART_RxCpltCallback
                0x00000000080057b4      0x134 E_Clock_source_file/ESP8266.o
                0x00000000080057b4                HAL_UART_RxCpltCallback
 .text.HAL_TIM_PeriodElapsedCallback
                0x00000000080058e8      0x130 E_Clock_source_file/ILI9341_LCD_input_data.o
                0x00000000080058e8                HAL_TIM_PeriodElapsedCallback
 .text.HAL_GPIO_EXTI_Callback
                0x0000000008005a18       0xe0 E_Clock_source_file/ILI9341_LCD_input_data.o
                0x0000000008005a18                HAL_GPIO_EXTI_Callback
 .text.ILI9341_LCD_input_data_init
                0x0000000008005af8       0x94 E_Clock_source_file/ILI9341_LCD_input_data.o
                0x0000000008005af8                ILI9341_LCD_input_data_init
 .text.ILI9341_current_time_data_init
                0x0000000008005b8c       0x66 E_Clock_source_file/ILI9341_LCD_input_data.o
                0x0000000008005b8c                ILI9341_current_time_data_init
 *fill*         0x0000000008005bf2        0x2 
 .text.ILI9341_convert_received_time_string
                0x0000000008005bf4      0x244 E_Clock_source_file/ILI9341_LCD_input_data.o
                0x0000000008005bf4                ILI9341_convert_received_time_string
 .text.ILI9341_check_0h_11h_or_12h_23h
                0x0000000008005e38       0xa4 E_Clock_source_file/ILI9341_LCD_input_data.o
                0x0000000008005e38                ILI9341_check_0h_11h_or_12h_23h
 .text.ILI9341_check_hour
                0x0000000008005edc      0x1d8 E_Clock_source_file/ILI9341_LCD_input_data.o
                0x0000000008005edc                ILI9341_check_hour
 .text.ILI9341_check_minutes
                0x00000000080060b4       0x70 E_Clock_source_file/ILI9341_LCD_input_data.o
                0x00000000080060b4                ILI9341_check_minutes
 .text.ILI9341_check_day_num
                0x0000000008006124      0x108 E_Clock_source_file/ILI9341_LCD_input_data.o
                0x0000000008006124                ILI9341_check_day_num
 .text.ILI9341_check_date
                0x000000000800622c      0x164 E_Clock_source_file/ILI9341_LCD_input_data.o
                0x000000000800622c                ILI9341_check_date
 .text.ILI9341_check_month
                0x0000000008006390      0x128 E_Clock_source_file/ILI9341_LCD_input_data.o
                0x0000000008006390                ILI9341_check_month
 .text.ILI9341_check_year
                0x00000000080064b8      0x104 E_Clock_source_file/ILI9341_LCD_input_data.o
                0x00000000080064b8                ILI9341_check_year
 .text.ILI9341_LCD_input_data_time
                0x00000000080065bc       0x70 E_Clock_source_file/ILI9341_LCD_input_data.o
                0x00000000080065bc                ILI9341_LCD_input_data_time
 .text.ILI9341_LCD_input_data_temperature_humidity
                0x000000000800662c      0x1c0 E_Clock_source_file/ILI9341_LCD_input_data.o
                0x000000000800662c                ILI9341_LCD_input_data_temperature_humidity
 .text.ILI9341_LCD_input_data_air_quality
                0x00000000080067ec      0x59c E_Clock_source_file/ILI9341_LCD_input_data.o
                0x00000000080067ec                ILI9341_LCD_input_data_air_quality
 .text.ILI9341_LCD_input_data_update
                0x0000000008006d88       0xfc E_Clock_source_file/ILI9341_LCD_input_data.o
                0x0000000008006d88                ILI9341_LCD_input_data_update
 .text.ILI9341_init
                0x0000000008006e84       0x26 E_Clock_source_file/ILI9341_TFT_LCD.o
                0x0000000008006e84                ILI9341_init
 .text.ILI9341_chip_select
                0x0000000008006eaa       0x12 E_Clock_source_file/ILI9341_TFT_LCD.o
                0x0000000008006eaa                ILI9341_chip_select
 .text.ILI9341_chip_deselect
                0x0000000008006ebc       0x12 E_Clock_source_file/ILI9341_TFT_LCD.o
                0x0000000008006ebc                ILI9341_chip_deselect
 *fill*         0x0000000008006ece        0x2 
 .text.ILI9341_select_send_command
                0x0000000008006ed0       0x18 E_Clock_source_file/ILI9341_TFT_LCD.o
                0x0000000008006ed0                ILI9341_select_send_command
 .text.ILI9341_select_send_data
                0x0000000008006ee8       0x18 E_Clock_source_file/ILI9341_TFT_LCD.o
                0x0000000008006ee8                ILI9341_select_send_data
 .text.ILI9341_write_data
                0x0000000008006f00       0x52 E_Clock_source_file/ILI9341_TFT_LCD.o
                0x0000000008006f00                ILI9341_write_data
 .text.ILI9341_write_pixel
                0x0000000008006f52       0x48 E_Clock_source_file/ILI9341_TFT_LCD.o
                0x0000000008006f52                ILI9341_write_pixel
 .text.ILI9341_software_reset
                0x0000000008006f9a       0x18 E_Clock_source_file/ILI9341_TFT_LCD.o
                0x0000000008006f9a                ILI9341_software_reset
 .text.ILI9341_after_reset_init
                0x0000000008006fb2        0xc E_Clock_source_file/ILI9341_TFT_LCD.o
                0x0000000008006fb2                ILI9341_after_reset_init
 .text.ILI9341_display_on
                0x0000000008006fbe       0x18 E_Clock_source_file/ILI9341_TFT_LCD.o
                0x0000000008006fbe                ILI9341_display_on
 .text.ILI9341_display_init
                0x0000000008006fd6        0xc E_Clock_source_file/ILI9341_TFT_LCD.o
                0x0000000008006fd6                ILI9341_display_init
 .text.ILI9341_normal_display_mode_on
                0x0000000008006fe2       0x12 E_Clock_source_file/ILI9341_TFT_LCD.o
                0x0000000008006fe2                ILI9341_normal_display_mode_on
 .text.ILI9341_set_column_address
                0x0000000008006ff4       0x46 E_Clock_source_file/ILI9341_TFT_LCD.o
                0x0000000008006ff4                ILI9341_set_column_address
 .text.ILI9341_set_page_address
                0x000000000800703a       0x46 E_Clock_source_file/ILI9341_TFT_LCD.o
                0x000000000800703a                ILI9341_set_page_address
 .text.ILI9341_vertical_scrolling_definition
                0x0000000008007080       0x58 E_Clock_source_file/ILI9341_TFT_LCD.o
                0x0000000008007080                ILI9341_vertical_scrolling_definition
 .text.ILI9341_vertical_scrolling_start_address
                0x00000000080070d8       0x30 E_Clock_source_file/ILI9341_TFT_LCD.o
                0x00000000080070d8                ILI9341_vertical_scrolling_start_address
 .text.ILI9341_enter_scroll_mode
                0x0000000008007108       0x3a E_Clock_source_file/ILI9341_TFT_LCD.o
                0x0000000008007108                ILI9341_enter_scroll_mode
 .text.ILI9341_sleep_out
                0x0000000008007142       0x18 E_Clock_source_file/ILI9341_TFT_LCD.o
                0x0000000008007142                ILI9341_sleep_out
 .text.ILI9341_fill_screen
                0x000000000800715a       0x5c E_Clock_source_file/ILI9341_TFT_LCD.o
                0x000000000800715a                ILI9341_fill_screen
 *fill*         0x00000000080071b6        0x2 
 .text.ILI9341_write_char_5x5
                0x00000000080071b8      0x14c E_Clock_source_file/ILI9341_TFT_LCD.o
                0x00000000080071b8                ILI9341_write_char_5x5
 .text.ILI9341_write_char_15x15
                0x0000000008007304      0x380 E_Clock_source_file/ILI9341_TFT_LCD.o
                0x0000000008007304                ILI9341_write_char_15x15
 .text.ILI9341_gamma_set
                0x0000000008007684       0x3e E_Clock_source_file/ILI9341_TFT_LCD_init.o
                0x0000000008007684                ILI9341_gamma_set
 .text.ILI9341_pixel_format_set
                0x00000000080076c2       0x3e E_Clock_source_file/ILI9341_TFT_LCD_init.o
                0x00000000080076c2                ILI9341_pixel_format_set
 .text.ILI9341_set_memory_data_access_control
                0x0000000008007700       0x3e E_Clock_source_file/ILI9341_TFT_LCD_init.o
                0x0000000008007700                ILI9341_set_memory_data_access_control
 .text.ILI9341_RGB_interface_signal_control
                0x000000000800773e       0x2a E_Clock_source_file/ILI9341_TFT_LCD_init.o
                0x000000000800773e                ILI9341_RGB_interface_signal_control
 .text.ILI9341_Frame_control_in_Normal_mode
                0x0000000008007768       0x42 E_Clock_source_file/ILI9341_TFT_LCD_init.o
                0x0000000008007768                ILI9341_Frame_control_in_Normal_mode
 .text.ILI9341_Frame_control_in_Idle_mode
                0x00000000080077aa       0x2c E_Clock_source_file/ILI9341_TFT_LCD_init.o
                0x00000000080077aa                ILI9341_Frame_control_in_Idle_mode
 .text.ILI9341_Frame_control_in_Partial_mode
                0x00000000080077d6       0x2c E_Clock_source_file/ILI9341_TFT_LCD_init.o
                0x00000000080077d6                ILI9341_Frame_control_in_Partial_mode
 *fill*         0x0000000008007802        0x2 
 .text.ILI9341_blanking_porch_control
                0x0000000008007804       0x30 E_Clock_source_file/ILI9341_TFT_LCD_init.o
                0x0000000008007804                ILI9341_blanking_porch_control
 .text.ILI9341_display_function_control
                0x0000000008007834       0x64 E_Clock_source_file/ILI9341_TFT_LCD_init.o
                0x0000000008007834                ILI9341_display_function_control
 .text.ILI9341_Enable_3G
                0x0000000008007898       0x3e E_Clock_source_file/ILI9341_TFT_LCD_init.o
                0x0000000008007898                ILI9341_Enable_3G
 *fill*         0x00000000080078d6        0x2 
 .text.ILI9341_positive_Gamma_correction
                0x00000000080078d8       0x30 E_Clock_source_file/ILI9341_TFT_LCD_init.o
                0x00000000080078d8                ILI9341_positive_Gamma_correction
 .text.ILI9341_negative_Gamma_correction
                0x0000000008007908       0x30 E_Clock_source_file/ILI9341_TFT_LCD_init.o
                0x0000000008007908                ILI9341_negative_Gamma_correction
 .text.ILI9341_interface_control
                0x0000000008007938       0x3c E_Clock_source_file/ILI9341_TFT_LCD_init.o
                0x0000000008007938                ILI9341_interface_control
 .text.ILI9341_Backlight_control_1
                0x0000000008007974       0x2a E_Clock_source_file/ILI9341_TFT_LCD_init.o
                0x0000000008007974                ILI9341_Backlight_control_1
 .text.ILI9341_Backlight_control_2
                0x000000000800799e       0x2a E_Clock_source_file/ILI9341_TFT_LCD_init.o
                0x000000000800799e                ILI9341_Backlight_control_2
 .text.ILI9341_Backlight_control_3
                0x00000000080079c8       0x2a E_Clock_source_file/ILI9341_TFT_LCD_init.o
                0x00000000080079c8                ILI9341_Backlight_control_3
 .text.ILI9341_Backlight_control_4
                0x00000000080079f2       0x2a E_Clock_source_file/ILI9341_TFT_LCD_init.o
                0x00000000080079f2                ILI9341_Backlight_control_4
 .text.ILI9341_Backlight_control_5
                0x0000000008007a1c       0x2a E_Clock_source_file/ILI9341_TFT_LCD_init.o
                0x0000000008007a1c                ILI9341_Backlight_control_5
 .text.ILI9341_Backlight_control_7
                0x0000000008007a46       0x2a E_Clock_source_file/ILI9341_TFT_LCD_init.o
                0x0000000008007a46                ILI9341_Backlight_control_7
 .text.ILI9341_Backlight_control_8
                0x0000000008007a70       0x2a E_Clock_source_file/ILI9341_TFT_LCD_init.o
                0x0000000008007a70                ILI9341_Backlight_control_8
 .text.ILI9341_entry_mode_set
                0x0000000008007a9a       0x2a E_Clock_source_file/ILI9341_TFT_LCD_init.o
                0x0000000008007a9a                ILI9341_entry_mode_set
 .text.ILI9341_power_control_1
                0x0000000008007ac4       0x3e E_Clock_source_file/ILI9341_TFT_LCD_init.o
                0x0000000008007ac4                ILI9341_power_control_1
 .text.ILI9341_power_control_2
                0x0000000008007b02       0x3e E_Clock_source_file/ILI9341_TFT_LCD_init.o
                0x0000000008007b02                ILI9341_power_control_2
 .text.ILI9341_VCOM_control_1
                0x0000000008007b40       0x42 E_Clock_source_file/ILI9341_TFT_LCD_init.o
                0x0000000008007b40                ILI9341_VCOM_control_1
 .text.ILI9341_VCOM_control_2
                0x0000000008007b82       0x3e E_Clock_source_file/ILI9341_TFT_LCD_init.o
                0x0000000008007b82                ILI9341_VCOM_control_2
 .text.ILI9341_power_control_A
                0x0000000008007bc0       0x5c E_Clock_source_file/ILI9341_TFT_LCD_init.o
                0x0000000008007bc0                ILI9341_power_control_A
 .text.ILI9341_power_control_B
                0x0000000008007c1c       0x64 E_Clock_source_file/ILI9341_TFT_LCD_init.o
                0x0000000008007c1c                ILI9341_power_control_B
 .text.ILI9341_driver_timming_control_A
                0x0000000008007c80       0x3c E_Clock_source_file/ILI9341_TFT_LCD_init.o
                0x0000000008007c80                ILI9341_driver_timming_control_A
 .text.ILI9341_driver_timming_control_A_
                0x0000000008007cbc       0x64 E_Clock_source_file/ILI9341_TFT_LCD_init.o
                0x0000000008007cbc                ILI9341_driver_timming_control_A_
 .text.ILI9341_driver_timming_control_B
                0x0000000008007d20       0x3e E_Clock_source_file/ILI9341_TFT_LCD_init.o
                0x0000000008007d20                ILI9341_driver_timming_control_B
 *fill*         0x0000000008007d5e        0x2 
 .text.ILI9341_power_sequence_control
                0x0000000008007d60       0x48 E_Clock_source_file/ILI9341_TFT_LCD_init.o
                0x0000000008007d60                ILI9341_power_sequence_control
 .text.ILI9341_pump_ratio_control
                0x0000000008007da8       0x3e E_Clock_source_file/ILI9341_TFT_LCD_init.o
                0x0000000008007da8                ILI9341_pump_ratio_control
 .text.setting_all
                0x0000000008007de6       0xc4 E_Clock_source_file/ILI9341_TFT_LCD_init.o
                0x0000000008007de6                setting_all
 .text.SHT31_init
                0x0000000008007eaa       0x16 E_Clock_source_file/SHT31_temp_humi_sensor.o
                0x0000000008007eaa                SHT31_init
 .text.SHT31_CRC8
                0x0000000008007ec0       0x78 E_Clock_source_file/SHT31_temp_humi_sensor.o
                0x0000000008007ec0                SHT31_CRC8
 .text.SHT31_Measure_period
                0x0000000008007f38       0x30 E_Clock_source_file/SHT31_temp_humi_sensor.o
                0x0000000008007f38                SHT31_Measure_period
 .text.SHT31_read_period
                0x0000000008007f68       0xe4 E_Clock_source_file/SHT31_temp_humi_sensor.o
                0x0000000008007f68                SHT31_read_period
 .text.SHT31_convert_temp_humi
                0x000000000800804c       0x54 E_Clock_source_file/SHT31_temp_humi_sensor.o
                0x000000000800804c                SHT31_convert_temp_humi
 .text.i2c_1_start_send_addr_send_data_stop
                0x00000000080080a0       0x3c E_Clock_source_file/i2c_init.o
                0x00000000080080a0                i2c_1_start_send_addr_send_data_stop
 .text.i2c_1_start_receive_addr_receive_data_stop
                0x00000000080080dc       0x40 E_Clock_source_file/i2c_init.o
                0x00000000080080dc                i2c_1_start_receive_addr_receive_data_stop
 .text.spi_1_chip_select
                0x000000000800811c       0x18 E_Clock_source_file/spi_init.o
                0x000000000800811c                spi_1_chip_select
 .text.spi_1_chip_deselect
                0x0000000008008134       0x18 E_Clock_source_file/spi_init.o
                0x0000000008008134                spi_1_chip_deselect
 .text.spi_1_write_data
                0x000000000800814c       0x30 E_Clock_source_file/spi_init.o
                0x000000000800814c                spi_1_write_data
 .text._delay_ms
                0x000000000800817c       0x42 E_Clock_source_file/stm32_delay_user_set.o
                0x000000000800817c                _delay_ms
 .text._delay_us
                0x00000000080081be       0x3c E_Clock_source_file/stm32_delay_user_set.o
                0x00000000080081be                _delay_us
 *fill*         0x00000000080081fa        0x2 
 .text.timer_3_init
                0x00000000080081fc       0x38 E_Clock_source_file/timer_init.o
                0x00000000080081fc                timer_3_init
 .text.uart_2_transmit
                0x0000000008008234       0x3c E_Clock_source_file/uart.o
                0x0000000008008234                uart_2_transmit
 .text.uart_2_receive
                0x0000000008008270       0x38 E_Clock_source_file/uart.o
                0x0000000008008270                uart_2_receive
 .text.uart_3_transmit
                0x00000000080082a8       0x3c E_Clock_source_file/uart.o
                0x00000000080082a8                uart_3_transmit
 .text.uart_3_receive
                0x00000000080082e4       0x38 E_Clock_source_file/uart.o
                0x00000000080082e4                uart_3_receive
 .text.__io_putchar
                0x000000000800831c       0x1c E_Clock_source_file/uart.o
                0x000000000800831c                __io_putchar
 .text.__io_getchar
                0x0000000008008338       0x18 E_Clock_source_file/uart.o
                0x0000000008008338                __io_getchar
 .text.__errno  0x0000000008008350        0xc c:/st/stm32cubeide_1.6.1/stm32cubeide/plugins/com.st.stm32cube.ide.mcu.externaltools.gnu-tools-for-stm32.9-2020-q2-update.win32_1.5.0.202011040924/tools/bin/../lib/gcc/arm-none-eabi/9.3.1/../../../../arm-none-eabi/lib/thumb/v7-m/nofp\libc.a(lib_a-errno.o)
                0x0000000008008350                __errno
 .text.__libc_init_array
                0x000000000800835c       0x48 c:/st/stm32cubeide_1.6.1/stm32cubeide/plugins/com.st.stm32cube.ide.mcu.externaltools.gnu-tools-for-stm32.9-2020-q2-update.win32_1.5.0.202011040924/tools/bin/../lib/gcc/arm-none-eabi/9.3.1/../../../../arm-none-eabi/lib/thumb/v7-m/nofp\libc.a(lib_a-init.o)
                0x000000000800835c                __libc_init_array
 .text.memset   0x00000000080083a4       0x10 c:/st/stm32cubeide_1.6.1/stm32cubeide/plugins/com.st.stm32cube.ide.mcu.externaltools.gnu-tools-for-stm32.9-2020-q2-update.win32_1.5.0.202011040924/tools/bin/../lib/gcc/arm-none-eabi/9.3.1/../../../../arm-none-eabi/lib/thumb/v7-m/nofp\libc.a(lib_a-memset.o)
                0x00000000080083a4                memset
 .text.printf   0x00000000080083b4       0x24 c:/st/stm32cubeide_1.6.1/stm32cubeide/plugins/com.st.stm32cube.ide.mcu.externaltools.gnu-tools-for-stm32.9-2020-q2-update.win32_1.5.0.202011040924/tools/bin/../lib/gcc/arm-none-eabi/9.3.1/../../../../arm-none-eabi/lib/thumb/v7-m/nofp\libc.a(lib_a-printf.o)
                0x00000000080083b4                printf
 .text.putchar  0x00000000080083d8       0x10 c:/st/stm32cubeide_1.6.1/stm32cubeide/plugins/com.st.stm32cube.ide.mcu.externaltools.gnu-tools-for-stm32.9-2020-q2-update.win32_1.5.0.202011040924/tools/bin/../lib/gcc/arm-none-eabi/9.3.1/../../../../arm-none-eabi/lib/thumb/v7-m/nofp\libc.a(lib_a-putchar.o)
                0x00000000080083d8                putchar
 .text._puts_r  0x00000000080083e8       0x8c c:/st/stm32cubeide_1.6.1/stm32cubeide/plugins/com.st.stm32cube.ide.mcu.externaltools.gnu-tools-for-stm32.9-2020-q2-update.win32_1.5.0.202011040924/tools/bin/../lib/gcc/arm-none-eabi/9.3.1/../../../../arm-none-eabi/lib/thumb/v7-m/nofp\libc.a(lib_a-puts.o)
                0x00000000080083e8                _puts_r
 .text.puts     0x0000000008008474       0x10 c:/st/stm32cubeide_1.6.1/stm32cubeide/plugins/com.st.stm32cube.ide.mcu.externaltools.gnu-tools-for-stm32.9-2020-q2-update.win32_1.5.0.202011040924/tools/bin/../lib/gcc/arm-none-eabi/9.3.1/../../../../arm-none-eabi/lib/thumb/v7-m/nofp\libc.a(lib_a-puts.o)
                0x0000000008008474                puts
 .text.setvbuf  0x0000000008008484      0x170 c:/st/stm32cubeide_1.6.1/stm32cubeide/plugins/com.st.stm32cube.ide.mcu.externaltools.gnu-tools-for-stm32.9-2020-q2-update.win32_1.5.0.202011040924/tools/bin/../lib/gcc/arm-none-eabi/9.3.1/../../../../arm-none-eabi/lib/thumb/v7-m/nofp\libc.a(lib_a-setvbuf.o)
                0x0000000008008484                setvbuf
 .text.strstr   0x00000000080085f4       0x2e c:/st/stm32cubeide_1.6.1/stm32cubeide/plugins/com.st.stm32cube.ide.mcu.externaltools.gnu-tools-for-stm32.9-2020-q2-update.win32_1.5.0.202011040924/tools/bin/../lib/gcc/arm-none-eabi/9.3.1/../../../../arm-none-eabi/lib/thumb/v7-m/nofp\libc.a(lib_a-strstr.o)
                0x00000000080085f4                strstr
 *fill*         0x0000000008008622        0x2 
 .text._vfprintf_r
                0x0000000008008624     0x1440 c:/st/stm32cubeide_1.6.1/stm32cubeide/plugins/com.st.stm32cube.ide.mcu.externaltools.gnu-tools-for-stm32.9-2020-q2-update.win32_1.5.0.202011040924/tools/bin/../lib/gcc/arm-none-eabi/9.3.1/../../../../arm-none-eabi/lib/thumb/v7-m/nofp\libc.a(lib_a-vfprintf.o)
                0x0000000008008624                _vfprintf_r
 .text.__sbprintf
                0x0000000008009a64       0x80 c:/st/stm32cubeide_1.6.1/stm32cubeide/plugins/com.st.stm32cube.ide.mcu.externaltools.gnu-tools-for-stm32.9-2020-q2-update.win32_1.5.0.202011040924/tools/bin/../lib/gcc/arm-none-eabi/9.3.1/../../../../arm-none-eabi/lib/thumb/v7-m/nofp\libc.a(lib_a-vfprintf.o)
 .text.__swsetup_r
                0x0000000008009ae4       0xb0 c:/st/stm32cubeide_1.6.1/stm32cubeide/plugins/com.st.stm32cube.ide.mcu.externaltools.gnu-tools-for-stm32.9-2020-q2-update.win32_1.5.0.202011040924/tools/bin/../lib/gcc/arm-none-eabi/9.3.1/../../../../arm-none-eabi/lib/thumb/v7-m/nofp\libc.a(lib_a-wsetup.o)
                0x0000000008009ae4                __swsetup_r
 .text.startup.register_fini
                0x0000000008009b94       0x14 c:/st/stm32cubeide_1.6.1/stm32cubeide/plugins/com.st.stm32cube.ide.mcu.externaltools.gnu-tools-for-stm32.9-2020-q2-update.win32_1.5.0.202011040924/tools/bin/../lib/gcc/arm-none-eabi/9.3.1/../../../../arm-none-eabi/lib/thumb/v7-m/nofp\libc.a(lib_a-__call_atexit.o)
 .text.atexit   0x0000000008009ba8        0xc c:/st/stm32cubeide_1.6.1/stm32cubeide/plugins/com.st.stm32cube.ide.mcu.externaltools.gnu-tools-for-stm32.9-2020-q2-update.win32_1.5.0.202011040924/tools/bin/../lib/gcc/arm-none-eabi/9.3.1/../../../../arm-none-eabi/lib/thumb/v7-m/nofp\libc.a(lib_a-atexit.o)
                0x0000000008009ba8                atexit
 .text.quorem   0x0000000008009bb4      0x11a c:/st/stm32cubeide_1.6.1/stm32cubeide/plugins/com.st.stm32cube.ide.mcu.externaltools.gnu-tools-for-stm32.9-2020-q2-update.win32_1.5.0.202011040924/tools/bin/../lib/gcc/arm-none-eabi/9.3.1/../../../../arm-none-eabi/lib/thumb/v7-m/nofp\libc.a(lib_a-dtoa.o)
 *fill*         0x0000000008009cce        0x2 
 .text._dtoa_r  0x0000000008009cd0      0xb7c c:/st/stm32cubeide_1.6.1/stm32cubeide/plugins/com.st.stm32cube.ide.mcu.externaltools.gnu-tools-for-stm32.9-2020-q2-update.win32_1.5.0.202011040924/tools/bin/../lib/gcc/arm-none-eabi/9.3.1/../../../../arm-none-eabi/lib/thumb/v7-m/nofp\libc.a(lib_a-dtoa.o)
                0x0000000008009cd0                _dtoa_r
 .text.__sflush_r
                0x000000000800a84c      0x11c c:/st/stm32cubeide_1.6.1/stm32cubeide/plugins/com.st.stm32cube.ide.mcu.externaltools.gnu-tools-for-stm32.9-2020-q2-update.win32_1.5.0.202011040924/tools/bin/../lib/gcc/arm-none-eabi/9.3.1/../../../../arm-none-eabi/lib/thumb/v7-m/nofp\libc.a(lib_a-fflush.o)
                0x000000000800a84c                __sflush_r
 .text._fflush_r
                0x000000000800a968       0x4a c:/st/stm32cubeide_1.6.1/stm32cubeide/plugins/com.st.stm32cube.ide.mcu.externaltools.gnu-tools-for-stm32.9-2020-q2-update.win32_1.5.0.202011040924/tools/bin/../lib/gcc/arm-none-eabi/9.3.1/../../../../arm-none-eabi/lib/thumb/v7-m/nofp\libc.a(lib_a-fflush.o)
                0x000000000800a968                _fflush_r
 *fill*         0x000000000800a9b2        0x2 
 .text.std      0x000000000800a9b4       0x50 c:/st/stm32cubeide_1.6.1/stm32cubeide/plugins/com.st.stm32cube.ide.mcu.externaltools.gnu-tools-for-stm32.9-2020-q2-update.win32_1.5.0.202011040924/tools/bin/../lib/gcc/arm-none-eabi/9.3.1/../../../../arm-none-eabi/lib/thumb/v7-m/nofp\libc.a(lib_a-findfp.o)
 .text._cleanup_r
                0x000000000800aa04        0xc c:/st/stm32cubeide_1.6.1/stm32cubeide/plugins/com.st.stm32cube.ide.mcu.externaltools.gnu-tools-for-stm32.9-2020-q2-update.win32_1.5.0.202011040924/tools/bin/../lib/gcc/arm-none-eabi/9.3.1/../../../../arm-none-eabi/lib/thumb/v7-m/nofp\libc.a(lib_a-findfp.o)
                0x000000000800aa04                _cleanup_r
 .text.__sfp_lock_acquire
                0x000000000800aa10        0xc c:/st/stm32cubeide_1.6.1/stm32cubeide/plugins/com.st.stm32cube.ide.mcu.externaltools.gnu-tools-for-stm32.9-2020-q2-update.win32_1.5.0.202011040924/tools/bin/../lib/gcc/arm-none-eabi/9.3.1/../../../../arm-none-eabi/lib/thumb/v7-m/nofp\libc.a(lib_a-findfp.o)
                0x000000000800aa10                __sfp_lock_acquire
 .text.__sfp_lock_release
                0x000000000800aa1c        0xc c:/st/stm32cubeide_1.6.1/stm32cubeide/plugins/com.st.stm32cube.ide.mcu.externaltools.gnu-tools-for-stm32.9-2020-q2-update.win32_1.5.0.202011040924/tools/bin/../lib/gcc/arm-none-eabi/9.3.1/../../../../arm-none-eabi/lib/thumb/v7-m/nofp\libc.a(lib_a-findfp.o)
                0x000000000800aa1c                __sfp_lock_release
 .text.__sinit_lock_acquire
                0x000000000800aa28        0xc c:/st/stm32cubeide_1.6.1/stm32cubeide/plugins/com.st.stm32cube.ide.mcu.externaltools.gnu-tools-for-stm32.9-2020-q2-update.win32_1.5.0.202011040924/tools/bin/../lib/gcc/arm-none-eabi/9.3.1/../../../../arm-none-eabi/lib/thumb/v7-m/nofp\libc.a(lib_a-findfp.o)
                0x000000000800aa28                __sinit_lock_acquire
 .text.__sinit_lock_release
                0x000000000800aa34        0xc c:/st/stm32cubeide_1.6.1/stm32cubeide/plugins/com.st.stm32cube.ide.mcu.externaltools.gnu-tools-for-stm32.9-2020-q2-update.win32_1.5.0.202011040924/tools/bin/../lib/gcc/arm-none-eabi/9.3.1/../../../../arm-none-eabi/lib/thumb/v7-m/nofp\libc.a(lib_a-findfp.o)
                0x000000000800aa34                __sinit_lock_release
 .text.__sinit  0x000000000800aa40       0x50 c:/st/stm32cubeide_1.6.1/stm32cubeide/plugins/com.st.stm32cube.ide.mcu.externaltools.gnu-tools-for-stm32.9-2020-q2-update.win32_1.5.0.202011040924/tools/bin/../lib/gcc/arm-none-eabi/9.3.1/../../../../arm-none-eabi/lib/thumb/v7-m/nofp\libc.a(lib_a-findfp.o)
                0x000000000800aa40                __sinit
 .text.__libc_fini_array
                0x000000000800aa90       0x28 c:/st/stm32cubeide_1.6.1/stm32cubeide/plugins/com.st.stm32cube.ide.mcu.externaltools.gnu-tools-for-stm32.9-2020-q2-update.win32_1.5.0.202011040924/tools/bin/../lib/gcc/arm-none-eabi/9.3.1/../../../../arm-none-eabi/lib/thumb/v7-m/nofp\libc.a(lib_a-fini.o)
                0x000000000800aa90                __libc_fini_array
 .text._malloc_trim_r
                0x000000000800aab8       0xa8 c:/st/stm32cubeide_1.6.1/stm32cubeide/plugins/com.st.stm32cube.ide.mcu.externaltools.gnu-tools-for-stm32.9-2020-q2-update.win32_1.5.0.202011040924/tools/bin/../lib/gcc/arm-none-eabi/9.3.1/../../../../arm-none-eabi/lib/thumb/v7-m/nofp\libc.a(lib_a-freer.o)
                0x000000000800aab8                _malloc_trim_r
 .text._free_r  0x000000000800ab60      0x180 c:/st/stm32cubeide_1.6.1/stm32cubeide/plugins/com.st.stm32cube.ide.mcu.externaltools.gnu-tools-for-stm32.9-2020-q2-update.win32_1.5.0.202011040924/tools/bin/../lib/gcc/arm-none-eabi/9.3.1/../../../../arm-none-eabi/lib/thumb/v7-m/nofp\libc.a(lib_a-freer.o)
                0x000000000800ab60                _free_r
 .text.__sfvwrite_r
                0x000000000800ace0      0x294 c:/st/stm32cubeide_1.6.1/stm32cubeide/plugins/com.st.stm32cube.ide.mcu.externaltools.gnu-tools-for-stm32.9-2020-q2-update.win32_1.5.0.202011040924/tools/bin/../lib/gcc/arm-none-eabi/9.3.1/../../../../arm-none-eabi/lib/thumb/v7-m/nofp\libc.a(lib_a-fvwrite.o)
                0x000000000800ace0                __sfvwrite_r
 .text._fwalk_reent
                0x000000000800af74       0x3e c:/st/stm32cubeide_1.6.1/stm32cubeide/plugins/com.st.stm32cube.ide.mcu.externaltools.gnu-tools-for-stm32.9-2020-q2-update.win32_1.5.0.202011040924/tools/bin/../lib/gcc/arm-none-eabi/9.3.1/../../../../arm-none-eabi/lib/thumb/v7-m/nofp\libc.a(lib_a-fwalk.o)
                0x000000000800af74                _fwalk_reent
 *fill*         0x000000000800afb2        0x2 
 .text._localeconv_r
                0x000000000800afb4        0x8 c:/st/stm32cubeide_1.6.1/stm32cubeide/plugins/com.st.stm32cube.ide.mcu.externaltools.gnu-tools-for-stm32.9-2020-q2-update.win32_1.5.0.202011040924/tools/bin/../lib/gcc/arm-none-eabi/9.3.1/../../../../arm-none-eabi/lib/thumb/v7-m/nofp\libc.a(lib_a-localeconv.o)
                0x000000000800afb4                _localeconv_r
 .text.__retarget_lock_init_recursive
                0x000000000800afbc        0x2 c:/st/stm32cubeide_1.6.1/stm32cubeide/plugins/com.st.stm32cube.ide.mcu.externaltools.gnu-tools-for-stm32.9-2020-q2-update.win32_1.5.0.202011040924/tools/bin/../lib/gcc/arm-none-eabi/9.3.1/../../../../arm-none-eabi/lib/thumb/v7-m/nofp\libc.a(lib_a-lock.o)
                0x000000000800afbc                __retarget_lock_init_recursive
 .text.__retarget_lock_close_recursive
                0x000000000800afbe        0x2 c:/st/stm32cubeide_1.6.1/stm32cubeide/plugins/com.st.stm32cube.ide.mcu.externaltools.gnu-tools-for-stm32.9-2020-q2-update.win32_1.5.0.202011040924/tools/bin/../lib/gcc/arm-none-eabi/9.3.1/../../../../arm-none-eabi/lib/thumb/v7-m/nofp\libc.a(lib_a-lock.o)
                0x000000000800afbe                __retarget_lock_close_recursive
 .text.__retarget_lock_acquire_recursive
                0x000000000800afc0        0x2 c:/st/stm32cubeide_1.6.1/stm32cubeide/plugins/com.st.stm32cube.ide.mcu.externaltools.gnu-tools-for-stm32.9-2020-q2-update.win32_1.5.0.202011040924/tools/bin/../lib/gcc/arm-none-eabi/9.3.1/../../../../arm-none-eabi/lib/thumb/v7-m/nofp\libc.a(lib_a-lock.o)
                0x000000000800afc0                __retarget_lock_acquire_recursive
 .text.__retarget_lock_release_recursive
                0x000000000800afc2        0x2 c:/st/stm32cubeide_1.6.1/stm32cubeide/plugins/com.st.stm32cube.ide.mcu.externaltools.gnu-tools-for-stm32.9-2020-q2-update.win32_1.5.0.202011040924/tools/bin/../lib/gcc/arm-none-eabi/9.3.1/../../../../arm-none-eabi/lib/thumb/v7-m/nofp\libc.a(lib_a-lock.o)
                0x000000000800afc2                __retarget_lock_release_recursive
 .text.__swhatbuf_r
                0x000000000800afc4       0x56 c:/st/stm32cubeide_1.6.1/stm32cubeide/plugins/com.st.stm32cube.ide.mcu.externaltools.gnu-tools-for-stm32.9-2020-q2-update.win32_1.5.0.202011040924/tools/bin/../lib/gcc/arm-none-eabi/9.3.1/../../../../arm-none-eabi/lib/thumb/v7-m/nofp\libc.a(lib_a-makebuf.o)
                0x000000000800afc4                __swhatbuf_r
 *fill*         0x000000000800b01a        0x2 
 .text.__smakebuf_r
                0x000000000800b01c       0x80 c:/st/stm32cubeide_1.6.1/stm32cubeide/plugins/com.st.stm32cube.ide.mcu.externaltools.gnu-tools-for-stm32.9-2020-q2-update.win32_1.5.0.202011040924/tools/bin/../lib/gcc/arm-none-eabi/9.3.1/../../../../arm-none-eabi/lib/thumb/v7-m/nofp\libc.a(lib_a-makebuf.o)
                0x000000000800b01c                __smakebuf_r
 .text.malloc   0x000000000800b09c       0x10 c:/st/stm32cubeide_1.6.1/stm32cubeide/plugins/com.st.stm32cube.ide.mcu.externaltools.gnu-tools-for-stm32.9-2020-q2-update.win32_1.5.0.202011040924/tools/bin/../lib/gcc/arm-none-eabi/9.3.1/../../../../arm-none-eabi/lib/thumb/v7-m/nofp\libc.a(lib_a-malloc.o)
                0x000000000800b09c                malloc
 .text._malloc_r
                0x000000000800b0ac      0x484 c:/st/stm32cubeide_1.6.1/stm32cubeide/plugins/com.st.stm32cube.ide.mcu.externaltools.gnu-tools-for-stm32.9-2020-q2-update.win32_1.5.0.202011040924/tools/bin/../lib/gcc/arm-none-eabi/9.3.1/../../../../arm-none-eabi/lib/thumb/v7-m/nofp\libc.a(lib_a-mallocr.o)
                0x000000000800b0ac                _malloc_r
 .text.memchr   0x000000000800b530       0x1c c:/st/stm32cubeide_1.6.1/stm32cubeide/plugins/com.st.stm32cube.ide.mcu.externaltools.gnu-tools-for-stm32.9-2020-q2-update.win32_1.5.0.202011040924/tools/bin/../lib/gcc/arm-none-eabi/9.3.1/../../../../arm-none-eabi/lib/thumb/v7-m/nofp\libc.a(lib_a-memchr-stub.o)
                0x000000000800b530                memchr
 .text.memcpy   0x000000000800b54c       0x1c c:/st/stm32cubeide_1.6.1/stm32cubeide/plugins/com.st.stm32cube.ide.mcu.externaltools.gnu-tools-for-stm32.9-2020-q2-update.win32_1.5.0.202011040924/tools/bin/../lib/gcc/arm-none-eabi/9.3.1/../../../../arm-none-eabi/lib/thumb/v7-m/nofp\libc.a(lib_a-memcpy-stub.o)
                0x000000000800b54c                memcpy
 .text.memmove  0x000000000800b568       0x34 c:/st/stm32cubeide_1.6.1/stm32cubeide/plugins/com.st.stm32cube.ide.mcu.externaltools.gnu-tools-for-stm32.9-2020-q2-update.win32_1.5.0.202011040924/tools/bin/../lib/gcc/arm-none-eabi/9.3.1/../../../../arm-none-eabi/lib/thumb/v7-m/nofp\libc.a(lib_a-memmove.o)
                0x000000000800b568                memmove
 .text.__malloc_lock
                0x000000000800b59c        0xc c:/st/stm32cubeide_1.6.1/stm32cubeide/plugins/com.st.stm32cube.ide.mcu.externaltools.gnu-tools-for-stm32.9-2020-q2-update.win32_1.5.0.202011040924/tools/bin/../lib/gcc/arm-none-eabi/9.3.1/../../../../arm-none-eabi/lib/thumb/v7-m/nofp\libc.a(lib_a-mlock.o)
                0x000000000800b59c                __malloc_lock
 .text.__malloc_unlock
                0x000000000800b5a8        0xc c:/st/stm32cubeide_1.6.1/stm32cubeide/plugins/com.st.stm32cube.ide.mcu.externaltools.gnu-tools-for-stm32.9-2020-q2-update.win32_1.5.0.202011040924/tools/bin/../lib/gcc/arm-none-eabi/9.3.1/../../../../arm-none-eabi/lib/thumb/v7-m/nofp\libc.a(lib_a-mlock.o)
                0x000000000800b5a8                __malloc_unlock
 .text._Balloc  0x000000000800b5b4       0x4a c:/st/stm32cubeide_1.6.1/stm32cubeide/plugins/com.st.stm32cube.ide.mcu.externaltools.gnu-tools-for-stm32.9-2020-q2-update.win32_1.5.0.202011040924/tools/bin/../lib/gcc/arm-none-eabi/9.3.1/../../../../arm-none-eabi/lib/thumb/v7-m/nofp\libc.a(lib_a-mprec.o)
                0x000000000800b5b4                _Balloc
 .text._Bfree   0x000000000800b5fe       0x12 c:/st/stm32cubeide_1.6.1/stm32cubeide/plugins/com.st.stm32cube.ide.mcu.externaltools.gnu-tools-for-stm32.9-2020-q2-update.win32_1.5.0.202011040924/tools/bin/../lib/gcc/arm-none-eabi/9.3.1/../../../../arm-none-eabi/lib/thumb/v7-m/nofp\libc.a(lib_a-mprec.o)
                0x000000000800b5fe                _Bfree
 .text.__multadd
                0x000000000800b610       0x94 c:/st/stm32cubeide_1.6.1/stm32cubeide/plugins/com.st.stm32cube.ide.mcu.externaltools.gnu-tools-for-stm32.9-2020-q2-update.win32_1.5.0.202011040924/tools/bin/../lib/gcc/arm-none-eabi/9.3.1/../../../../arm-none-eabi/lib/thumb/v7-m/nofp\libc.a(lib_a-mprec.o)
                0x000000000800b610                __multadd
 .text.__hi0bits
                0x000000000800b6a4       0x40 c:/st/stm32cubeide_1.6.1/stm32cubeide/plugins/com.st.stm32cube.ide.mcu.externaltools.gnu-tools-for-stm32.9-2020-q2-update.win32_1.5.0.202011040924/tools/bin/../lib/gcc/arm-none-eabi/9.3.1/../../../../arm-none-eabi/lib/thumb/v7-m/nofp\libc.a(lib_a-mprec.o)
                0x000000000800b6a4                __hi0bits
 .text.__lo0bits
                0x000000000800b6e4       0x5c c:/st/stm32cubeide_1.6.1/stm32cubeide/plugins/com.st.stm32cube.ide.mcu.externaltools.gnu-tools-for-stm32.9-2020-q2-update.win32_1.5.0.202011040924/tools/bin/../lib/gcc/arm-none-eabi/9.3.1/../../../../arm-none-eabi/lib/thumb/v7-m/nofp\libc.a(lib_a-mprec.o)
                0x000000000800b6e4                __lo0bits
 .text.__i2b    0x000000000800b740       0x2c c:/st/stm32cubeide_1.6.1/stm32cubeide/plugins/com.st.stm32cube.ide.mcu.externaltools.gnu-tools-for-stm32.9-2020-q2-update.win32_1.5.0.202011040924/tools/bin/../lib/gcc/arm-none-eabi/9.3.1/../../../../arm-none-eabi/lib/thumb/v7-m/nofp\libc.a(lib_a-mprec.o)
                0x000000000800b740                __i2b
 .text.__multiply
                0x000000000800b76c      0x148 c:/st/stm32cubeide_1.6.1/stm32cubeide/plugins/com.st.stm32cube.ide.mcu.externaltools.gnu-tools-for-stm32.9-2020-q2-update.win32_1.5.0.202011040924/tools/bin/../lib/gcc/arm-none-eabi/9.3.1/../../../../arm-none-eabi/lib/thumb/v7-m/nofp\libc.a(lib_a-mprec.o)
                0x000000000800b76c                __multiply
 .text.__pow5mult
                0x000000000800b8b4       0x80 c:/st/stm32cubeide_1.6.1/stm32cubeide/plugins/com.st.stm32cube.ide.mcu.externaltools.gnu-tools-for-stm32.9-2020-q2-update.win32_1.5.0.202011040924/tools/bin/../lib/gcc/arm-none-eabi/9.3.1/../../../../arm-none-eabi/lib/thumb/v7-m/nofp\libc.a(lib_a-mprec.o)
                0x000000000800b8b4                __pow5mult
 .text.__lshift
                0x000000000800b934       0xd8 c:/st/stm32cubeide_1.6.1/stm32cubeide/plugins/com.st.stm32cube.ide.mcu.externaltools.gnu-tools-for-stm32.9-2020-q2-update.win32_1.5.0.202011040924/tools/bin/../lib/gcc/arm-none-eabi/9.3.1/../../../../arm-none-eabi/lib/thumb/v7-m/nofp\libc.a(lib_a-mprec.o)
                0x000000000800b934                __lshift
 .text.__mcmp   0x000000000800ba0c       0x36 c:/st/stm32cubeide_1.6.1/stm32cubeide/plugins/com.st.stm32cube.ide.mcu.externaltools.gnu-tools-for-stm32.9-2020-q2-update.win32_1.5.0.202011040924/tools/bin/../lib/gcc/arm-none-eabi/9.3.1/../../../../arm-none-eabi/lib/thumb/v7-m/nofp\libc.a(lib_a-mprec.o)
                0x000000000800ba0c                __mcmp
 *fill*         0x000000000800ba42        0x2 
 .text.__mdiff  0x000000000800ba44      0x120 c:/st/stm32cubeide_1.6.1/stm32cubeide/plugins/com.st.stm32cube.ide.mcu.externaltools.gnu-tools-for-stm32.9-2020-q2-update.win32_1.5.0.202011040924/tools/bin/../lib/gcc/arm-none-eabi/9.3.1/../../../../arm-none-eabi/lib/thumb/v7-m/nofp\libc.a(lib_a-mprec.o)
                0x000000000800ba44                __mdiff
 .text.__d2b    0x000000000800bb64       0xb8 c:/st/stm32cubeide_1.6.1/stm32cubeide/plugins/com.st.stm32cube.ide.mcu.externaltools.gnu-tools-for-stm32.9-2020-q2-update.win32_1.5.0.202011040924/tools/bin/../lib/gcc/arm-none-eabi/9.3.1/../../../../arm-none-eabi/lib/thumb/v7-m/nofp\libc.a(lib_a-mprec.o)
                0x000000000800bb64                __d2b
 .text._putc_r  0x000000000800bc1c       0x68 c:/st/stm32cubeide_1.6.1/stm32cubeide/plugins/com.st.stm32cube.ide.mcu.externaltools.gnu-tools-for-stm32.9-2020-q2-update.win32_1.5.0.202011040924/tools/bin/../lib/gcc/arm-none-eabi/9.3.1/../../../../arm-none-eabi/lib/thumb/v7-m/nofp\libc.a(lib_a-putc.o)
                0x000000000800bc1c                _putc_r
 .text._realloc_r
                0x000000000800bc84      0x354 c:/st/stm32cubeide_1.6.1/stm32cubeide/plugins/com.st.stm32cube.ide.mcu.externaltools.gnu-tools-for-stm32.9-2020-q2-update.win32_1.5.0.202011040924/tools/bin/../lib/gcc/arm-none-eabi/9.3.1/../../../../arm-none-eabi/lib/thumb/v7-m/nofp\libc.a(lib_a-reallocr.o)
                0x000000000800bc84                _realloc_r
 .text.frexp    0x000000000800bfd8       0x68 c:/st/stm32cubeide_1.6.1/stm32cubeide/plugins/com.st.stm32cube.ide.mcu.externaltools.gnu-tools-for-stm32.9-2020-q2-update.win32_1.5.0.202011040924/tools/bin/../lib/gcc/arm-none-eabi/9.3.1/../../../../arm-none-eabi/lib/thumb/v7-m/nofp\libc.a(lib_a-s_frexp.o)
                0x000000000800bfd8                frexp
 .text._sbrk_r  0x000000000800c040       0x20 c:/st/stm32cubeide_1.6.1/stm32cubeide/plugins/com.st.stm32cube.ide.mcu.externaltools.gnu-tools-for-stm32.9-2020-q2-update.win32_1.5.0.202011040924/tools/bin/../lib/gcc/arm-none-eabi/9.3.1/../../../../arm-none-eabi/lib/thumb/v7-m/nofp\libc.a(lib_a-sbrkr.o)
                0x000000000800c040                _sbrk_r
 .text.__sread  0x000000000800c060       0x22 c:/st/stm32cubeide_1.6.1/stm32cubeide/plugins/com.st.stm32cube.ide.mcu.externaltools.gnu-tools-for-stm32.9-2020-q2-update.win32_1.5.0.202011040924/tools/bin/../lib/gcc/arm-none-eabi/9.3.1/../../../../arm-none-eabi/lib/thumb/v7-m/nofp\libc.a(lib_a-stdio.o)
                0x000000000800c060                __sread
 .text.__swrite
                0x000000000800c082       0x38 c:/st/stm32cubeide_1.6.1/stm32cubeide/plugins/com.st.stm32cube.ide.mcu.externaltools.gnu-tools-for-stm32.9-2020-q2-update.win32_1.5.0.202011040924/tools/bin/../lib/gcc/arm-none-eabi/9.3.1/../../../../arm-none-eabi/lib/thumb/v7-m/nofp\libc.a(lib_a-stdio.o)
                0x000000000800c082                __swrite
 .text.__sseek  0x000000000800c0ba       0x24 c:/st/stm32cubeide_1.6.1/stm32cubeide/plugins/com.st.stm32cube.ide.mcu.externaltools.gnu-tools-for-stm32.9-2020-q2-update.win32_1.5.0.202011040924/tools/bin/../lib/gcc/arm-none-eabi/9.3.1/../../../../arm-none-eabi/lib/thumb/v7-m/nofp\libc.a(lib_a-stdio.o)
                0x000000000800c0ba                __sseek
 .text.__sclose
                0x000000000800c0de        0x8 c:/st/stm32cubeide_1.6.1/stm32cubeide/plugins/com.st.stm32cube.ide.mcu.externaltools.gnu-tools-for-stm32.9-2020-q2-update.win32_1.5.0.202011040924/tools/bin/../lib/gcc/arm-none-eabi/9.3.1/../../../../arm-none-eabi/lib/thumb/v7-m/nofp\libc.a(lib_a-stdio.o)
                0x000000000800c0de                __sclose
 .text.strncpy  0x000000000800c0e6       0x26 c:/st/stm32cubeide_1.6.1/stm32cubeide/plugins/com.st.stm32cube.ide.mcu.externaltools.gnu-tools-for-stm32.9-2020-q2-update.win32_1.5.0.202011040924/tools/bin/../lib/gcc/arm-none-eabi/9.3.1/../../../../arm-none-eabi/lib/thumb/v7-m/nofp\libc.a(lib_a-strncpy.o)
                0x000000000800c0e6                strncpy
 .text.sysconf  0x000000000800c10c       0x1a c:/st/stm32cubeide_1.6.1/stm32cubeide/plugins/com.st.stm32cube.ide.mcu.externaltools.gnu-tools-for-stm32.9-2020-q2-update.win32_1.5.0.202011040924/tools/bin/../lib/gcc/arm-none-eabi/9.3.1/../../../../arm-none-eabi/lib/thumb/v7-m/nofp\libc.a(lib_a-sysconf.o)
                0x000000000800c10c                sysconf
 .text.__sprint_r
                0x000000000800c126       0x64 c:/st/stm32cubeide_1.6.1/stm32cubeide/plugins/com.st.stm32cube.ide.mcu.externaltools.gnu-tools-for-stm32.9-2020-q2-update.win32_1.5.0.202011040924/tools/bin/../lib/gcc/arm-none-eabi/9.3.1/../../../../arm-none-eabi/lib/thumb/v7-m/nofp\libc.a(lib_a-vfiprintf.o)
                0x000000000800c126                __sprint_r
 *fill*         0x000000000800c18a        0x2 
 .text._vfiprintf_r
                0x000000000800c18c      0x900 c:/st/stm32cubeide_1.6.1/stm32cubeide/plugins/com.st.stm32cube.ide.mcu.externaltools.gnu-tools-for-stm32.9-2020-q2-update.win32_1.5.0.202011040924/tools/bin/../lib/gcc/arm-none-eabi/9.3.1/../../../../arm-none-eabi/lib/thumb/v7-m/nofp\libc.a(lib_a-vfiprintf.o)
                0x000000000800c18c                _vfiprintf_r
 .text.__sbprintf
                0x000000000800ca8c       0x80 c:/st/stm32cubeide_1.6.1/stm32cubeide/plugins/com.st.stm32cube.ide.mcu.externaltools.gnu-tools-for-stm32.9-2020-q2-update.win32_1.5.0.202011040924/tools/bin/../lib/gcc/arm-none-eabi/9.3.1/../../../../arm-none-eabi/lib/thumb/v7-m/nofp\libc.a(lib_a-vfiprintf.o)
 .text.__swbuf_r
                0x000000000800cb0c       0x92 c:/st/stm32cubeide_1.6.1/stm32cubeide/plugins/com.st.stm32cube.ide.mcu.externaltools.gnu-tools-for-stm32.9-2020-q2-update.win32_1.5.0.202011040924/tools/bin/../lib/gcc/arm-none-eabi/9.3.1/../../../../arm-none-eabi/lib/thumb/v7-m/nofp\libc.a(lib_a-wbuf.o)
                0x000000000800cb0c                __swbuf_r
 *fill*         0x000000000800cb9e        0x2 
 .text._write_r
                0x000000000800cba0       0x24 c:/st/stm32cubeide_1.6.1/stm32cubeide/plugins/com.st.stm32cube.ide.mcu.externaltools.gnu-tools-for-stm32.9-2020-q2-update.win32_1.5.0.202011040924/tools/bin/../lib/gcc/arm-none-eabi/9.3.1/../../../../arm-none-eabi/lib/thumb/v7-m/nofp\libc.a(lib_a-writer.o)
                0x000000000800cba0                _write_r
 .text.__register_exitproc
                0x000000000800cbc4       0x80 c:/st/stm32cubeide_1.6.1/stm32cubeide/plugins/com.st.stm32cube.ide.mcu.externaltools.gnu-tools-for-stm32.9-2020-q2-update.win32_1.5.0.202011040924/tools/bin/../lib/gcc/arm-none-eabi/9.3.1/../../../../arm-none-eabi/lib/thumb/v7-m/nofp\libc.a(lib_a-__atexit.o)
                0x000000000800cbc4                __register_exitproc
 .text.__assert_func
                0x000000000800cc44       0x3c c:/st/stm32cubeide_1.6.1/stm32cubeide/plugins/com.st.stm32cube.ide.mcu.externaltools.gnu-tools-for-stm32.9-2020-q2-update.win32_1.5.0.202011040924/tools/bin/../lib/gcc/arm-none-eabi/9.3.1/../../../../arm-none-eabi/lib/thumb/v7-m/nofp\libc.a(lib_a-assert.o)
                0x000000000800cc44                __assert_func
 .text._calloc_r
                0x000000000800cc80       0x5a c:/st/stm32cubeide_1.6.1/stm32cubeide/plugins/com.st.stm32cube.ide.mcu.externaltools.gnu-tools-for-stm32.9-2020-q2-update.win32_1.5.0.202011040924/tools/bin/../lib/gcc/arm-none-eabi/9.3.1/../../../../arm-none-eabi/lib/thumb/v7-m/nofp\libc.a(lib_a-callocr.o)
                0x000000000800cc80                _calloc_r
 *fill*         0x000000000800ccda        0x2 
 .text._close_r
                0x000000000800ccdc       0x20 c:/st/stm32cubeide_1.6.1/stm32cubeide/plugins/com.st.stm32cube.ide.mcu.externaltools.gnu-tools-for-stm32.9-2020-q2-update.win32_1.5.0.202011040924/tools/bin/../lib/gcc/arm-none-eabi/9.3.1/../../../../arm-none-eabi/lib/thumb/v7-m/nofp\libc.a(lib_a-closer.o)
                0x000000000800ccdc                _close_r
 .text._fclose_r
                0x000000000800ccfc       0xae c:/st/stm32cubeide_1.6.1/stm32cubeide/plugins/com.st.stm32cube.ide.mcu.externaltools.gnu-tools-for-stm32.9-2020-q2-update.win32_1.5.0.202011040924/tools/bin/../lib/gcc/arm-none-eabi/9.3.1/../../../../arm-none-eabi/lib/thumb/v7-m/nofp\libc.a(lib_a-fclose.o)
                0x000000000800ccfc                _fclose_r
 *fill*         0x000000000800cdaa        0x2 
 .text.fiprintf
                0x000000000800cdac       0x24 c:/st/stm32cubeide_1.6.1/stm32cubeide/plugins/com.st.stm32cube.ide.mcu.externaltools.gnu-tools-for-stm32.9-2020-q2-update.win32_1.5.0.202011040924/tools/bin/../lib/gcc/arm-none-eabi/9.3.1/../../../../arm-none-eabi/lib/thumb/v7-m/nofp\libc.a(lib_a-fiprintf.o)
                0x000000000800cdac                fiprintf
 .text.__fputwc
                0x000000000800cdd0       0x82 c:/st/stm32cubeide_1.6.1/stm32cubeide/plugins/com.st.stm32cube.ide.mcu.externaltools.gnu-tools-for-stm32.9-2020-q2-update.win32_1.5.0.202011040924/tools/bin/../lib/gcc/arm-none-eabi/9.3.1/../../../../arm-none-eabi/lib/thumb/v7-m/nofp\libc.a(lib_a-fputwc.o)
                0x000000000800cdd0                __fputwc
 .text._fputwc_r
                0x000000000800ce52       0x52 c:/st/stm32cubeide_1.6.1/stm32cubeide/plugins/com.st.stm32cube.ide.mcu.externaltools.gnu-tools-for-stm32.9-2020-q2-update.win32_1.5.0.202011040924/tools/bin/../lib/gcc/arm-none-eabi/9.3.1/../../../../arm-none-eabi/lib/thumb/v7-m/nofp\libc.a(lib_a-fputwc.o)
                0x000000000800ce52                _fputwc_r
 .text._fstat_r
                0x000000000800cea4       0x24 c:/st/stm32cubeide_1.6.1/stm32cubeide/plugins/com.st.stm32cube.ide.mcu.externaltools.gnu-tools-for-stm32.9-2020-q2-update.win32_1.5.0.202011040924/tools/bin/../lib/gcc/arm-none-eabi/9.3.1/../../../../arm-none-eabi/lib/thumb/v7-m/nofp\libc.a(lib_a-fstatr.o)
                0x000000000800cea4                _fstat_r
 .text._isatty_r
                0x000000000800cec8       0x20 c:/st/stm32cubeide_1.6.1/stm32cubeide/plugins/com.st.stm32cube.ide.mcu.externaltools.gnu-tools-for-stm32.9-2020-q2-update.win32_1.5.0.202011040924/tools/bin/../lib/gcc/arm-none-eabi/9.3.1/../../../../arm-none-eabi/lib/thumb/v7-m/nofp\libc.a(lib_a-isattyr.o)
                0x000000000800cec8                _isatty_r
 .text.__locale_mb_cur_max
                0x000000000800cee8        0xc c:/st/stm32cubeide_1.6.1/stm32cubeide/plugins/com.st.stm32cube.ide.mcu.externaltools.gnu-tools-for-stm32.9-2020-q2-update.win32_1.5.0.202011040924/tools/bin/../lib/gcc/arm-none-eabi/9.3.1/../../../../arm-none-eabi/lib/thumb/v7-m/nofp\libc.a(lib_a-locale.o)
                0x000000000800cee8                __locale_mb_cur_max
 .text._lseek_r
                0x000000000800cef4       0x24 c:/st/stm32cubeide_1.6.1/stm32cubeide/plugins/com.st.stm32cube.ide.mcu.externaltools.gnu-tools-for-stm32.9-2020-q2-update.win32_1.5.0.202011040924/tools/bin/../lib/gcc/arm-none-eabi/9.3.1/../../../../arm-none-eabi/lib/thumb/v7-m/nofp\libc.a(lib_a-lseekr.o)
                0x000000000800cef4                _lseek_r
 .text.__ascii_mbtowc
                0x000000000800cf18       0x24 c:/st/stm32cubeide_1.6.1/stm32cubeide/plugins/com.st.stm32cube.ide.mcu.externaltools.gnu-tools-for-stm32.9-2020-q2-update.win32_1.5.0.202011040924/tools/bin/../lib/gcc/arm-none-eabi/9.3.1/../../../../arm-none-eabi/lib/thumb/v7-m/nofp\libc.a(lib_a-mbtowc_r.o)
                0x000000000800cf18                __ascii_mbtowc
 .text._read_r  0x000000000800cf3c       0x24 c:/st/stm32cubeide_1.6.1/stm32cubeide/plugins/com.st.stm32cube.ide.mcu.externaltools.gnu-tools-for-stm32.9-2020-q2-update.win32_1.5.0.202011040924/tools/bin/../lib/gcc/arm-none-eabi/9.3.1/../../../../arm-none-eabi/lib/thumb/v7-m/nofp\libc.a(lib_a-readr.o)
                0x000000000800cf3c                _read_r
 .text._wcrtomb_r
                0x000000000800cf60       0x2c c:/st/stm32cubeide_1.6.1/stm32cubeide/plugins/com.st.stm32cube.ide.mcu.externaltools.gnu-tools-for-stm32.9-2020-q2-update.win32_1.5.0.202011040924/tools/bin/../lib/gcc/arm-none-eabi/9.3.1/../../../../arm-none-eabi/lib/thumb/v7-m/nofp\libc.a(lib_a-wcrtomb.o)
                0x000000000800cf60                _wcrtomb_r
 .text.__ascii_wctomb
                0x000000000800cf8c       0x1a c:/st/stm32cubeide_1.6.1/stm32cubeide/plugins/com.st.stm32cube.ide.mcu.externaltools.gnu-tools-for-stm32.9-2020-q2-update.win32_1.5.0.202011040924/tools/bin/../lib/gcc/arm-none-eabi/9.3.1/../../../../arm-none-eabi/lib/thumb/v7-m/nofp\libc.a(lib_a-wctomb_r.o)
                0x000000000800cf8c                __ascii_wctomb
 .text.abort    0x000000000800cfa6        0xe c:/st/stm32cubeide_1.6.1/stm32cubeide/plugins/com.st.stm32cube.ide.mcu.externaltools.gnu-tools-for-stm32.9-2020-q2-update.win32_1.5.0.202011040924/tools/bin/../lib/gcc/arm-none-eabi/9.3.1/../../../../arm-none-eabi/lib/thumb/v7-m/nofp\libc.a(lib_a-abort.o)
                0x000000000800cfa6                abort
 .text._raise_r
                0x000000000800cfb4       0x52 c:/st/stm32cubeide_1.6.1/stm32cubeide/plugins/com.st.stm32cube.ide.mcu.externaltools.gnu-tools-for-stm32.9-2020-q2-update.win32_1.5.0.202011040924/tools/bin/../lib/gcc/arm-none-eabi/9.3.1/../../../../arm-none-eabi/lib/thumb/v7-m/nofp\libc.a(lib_a-signal.o)
                0x000000000800cfb4                _raise_r
 *fill*         0x000000000800d006        0x2 
 .text.raise    0x000000000800d008       0x10 c:/st/stm32cubeide_1.6.1/stm32cubeide/plugins/com.st.stm32cube.ide.mcu.externaltools.gnu-tools-for-stm32.9-2020-q2-update.win32_1.5.0.202011040924/tools/bin/../lib/gcc/arm-none-eabi/9.3.1/../../../../arm-none-eabi/lib/thumb/v7-m/nofp\libc.a(lib_a-signal.o)
                0x000000000800d008                raise
 .text._kill_r  0x000000000800d018       0x24 c:/st/stm32cubeide_1.6.1/stm32cubeide/plugins/com.st.stm32cube.ide.mcu.externaltools.gnu-tools-for-stm32.9-2020-q2-update.win32_1.5.0.202011040924/tools/bin/../lib/gcc/arm-none-eabi/9.3.1/../../../../arm-none-eabi/lib/thumb/v7-m/nofp\libc.a(lib_a-signalr.o)
                0x000000000800d018                _kill_r
 .text._getpid_r
                0x000000000800d03c        0x4 c:/st/stm32cubeide_1.6.1/stm32cubeide/plugins/com.st.stm32cube.ide.mcu.externaltools.gnu-tools-for-stm32.9-2020-q2-update.win32_1.5.0.202011040924/tools/bin/../lib/gcc/arm-none-eabi/9.3.1/../../../../arm-none-eabi/lib/thumb/v7-m/nofp\libc.a(lib_a-signalr.o)
                0x000000000800d03c                _getpid_r
 *(.glue_7)
 .glue_7        0x000000000800d040        0x0 linker stubs
 *(.glue_7t)
 .glue_7t       0x000000000800d040        0x0 linker stubs
 *(.eh_frame)
 .eh_frame      0x000000000800d040        0x0 c:/st/stm32cubeide_1.6.1/stm32cubeide/plugins/com.st.stm32cube.ide.mcu.externaltools.gnu-tools-for-stm32.9-2020-q2-update.win32_1.5.0.202011040924/tools/bin/../lib/gcc/arm-none-eabi/9.3.1/thumb/v7-m/nofp/crtbegin.o
 *(.init)
 .init          0x000000000800d040        0x4 c:/st/stm32cubeide_1.6.1/stm32cubeide/plugins/com.st.stm32cube.ide.mcu.externaltools.gnu-tools-for-stm32.9-2020-q2-update.win32_1.5.0.202011040924/tools/bin/../lib/gcc/arm-none-eabi/9.3.1/thumb/v7-m/nofp/crti.o
                0x000000000800d040                _init
 .init          0x000000000800d044        0x8 c:/st/stm32cubeide_1.6.1/stm32cubeide/plugins/com.st.stm32cube.ide.mcu.externaltools.gnu-tools-for-stm32.9-2020-q2-update.win32_1.5.0.202011040924/tools/bin/../lib/gcc/arm-none-eabi/9.3.1/thumb/v7-m/nofp/crtn.o
 *(.fini)
 .fini          0x000000000800d04c        0x4 c:/st/stm32cubeide_1.6.1/stm32cubeide/plugins/com.st.stm32cube.ide.mcu.externaltools.gnu-tools-for-stm32.9-2020-q2-update.win32_1.5.0.202011040924/tools/bin/../lib/gcc/arm-none-eabi/9.3.1/thumb/v7-m/nofp/crti.o
                0x000000000800d04c                _fini
 .fini          0x000000000800d050        0x8 c:/st/stm32cubeide_1.6.1/stm32cubeide/plugins/com.st.stm32cube.ide.mcu.externaltools.gnu-tools-for-stm32.9-2020-q2-update.win32_1.5.0.202011040924/tools/bin/../lib/gcc/arm-none-eabi/9.3.1/thumb/v7-m/nofp/crtn.o
                0x000000000800d058                . = ALIGN (0x4)
                0x000000000800d058                _etext = .

.vfp11_veneer   0x000000000800d058        0x0
 .vfp11_veneer  0x000000000800d058        0x0 linker stubs

.v4_bx          0x000000000800d058        0x0
 .v4_bx         0x000000000800d058        0x0 linker stubs

.iplt           0x000000000800d058        0x0
 .iplt          0x000000000800d058        0x0 c:/st/stm32cubeide_1.6.1/stm32cubeide/plugins/com.st.stm32cube.ide.mcu.externaltools.gnu-tools-for-stm32.9-2020-q2-update.win32_1.5.0.202011040924/tools/bin/../lib/gcc/arm-none-eabi/9.3.1/thumb/v7-m/nofp/crtbegin.o

.rodata         0x000000000800d058      0x6d4
                0x000000000800d058                . = ALIGN (0x4)
 *(.rodata)
 .rodata        0x000000000800d058        0x8 Core/Src/main.o
 .rodata        0x000000000800d060       0x26 Core/Src/stm32f1xx_it.o
 *fill*         0x000000000800d086        0x2 
 .rodata        0x000000000800d088       0x10 Drivers/STM32F1xx_HAL_Driver/Src/stm32f1xx_hal_rcc.o
 .rodata        0x000000000800d098       0x91 E_Clock_source_file/CCS811_air_quality_sensor.o
 *fill*         0x000000000800d129        0x3 
 .rodata        0x000000000800d12c       0x7f E_Clock_source_file/ESP8266.o
 *fill*         0x000000000800d1ab        0x1 
 .rodata        0x000000000800d1ac       0x3f E_Clock_source_file/ILI9341_LCD_input_data.o
 *fill*         0x000000000800d1eb        0x1 
 .rodata        0x000000000800d1ec       0xcb E_Clock_source_file/ILI9341_TFT_LCD.o
 *fill*         0x000000000800d2b7        0x1 
 .rodata        0x000000000800d2b8       0x43 E_Clock_source_file/ILI9341_TFT_LCD_init.o
 *fill*         0x000000000800d2fb        0x1 
 .rodata        0x000000000800d2fc       0x73 E_Clock_source_file/SHT31_temp_humi_sensor.o
 *(.rodata*)
 *fill*         0x000000000800d36f        0x1 
 .rodata.AHBPrescTable
                0x000000000800d370       0x10 Core/Src/system_stm32f1xx.o
                0x000000000800d370                AHBPrescTable
 .rodata.APBPrescTable
                0x000000000800d380        0x8 Core/Src/system_stm32f1xx.o
                0x000000000800d380                APBPrescTable
 .rodata._ctype_
                0x000000000800d388      0x101 c:/st/stm32cubeide_1.6.1/stm32cubeide/plugins/com.st.stm32cube.ide.mcu.externaltools.gnu-tools-for-stm32.9-2020-q2-update.win32_1.5.0.202011040924/tools/bin/../lib/gcc/arm-none-eabi/9.3.1/../../../../arm-none-eabi/lib/thumb/v7-m/nofp\libc.a(lib_a-ctype_.o)
                0x000000000800d388                _ctype_
 *fill*         0x000000000800d489        0x3 
 .rodata._global_impure_ptr
                0x000000000800d48c        0x4 c:/st/stm32cubeide_1.6.1/stm32cubeide/plugins/com.st.stm32cube.ide.mcu.externaltools.gnu-tools-for-stm32.9-2020-q2-update.win32_1.5.0.202011040924/tools/bin/../lib/gcc/arm-none-eabi/9.3.1/../../../../arm-none-eabi/lib/thumb/v7-m/nofp\libc.a(lib_a-impure.o)
                0x000000000800d48c                _global_impure_ptr
 .rodata._puts_r.str1.1
                0x000000000800d490        0x0 c:/st/stm32cubeide_1.6.1/stm32cubeide/plugins/com.st.stm32cube.ide.mcu.externaltools.gnu-tools-for-stm32.9-2020-q2-update.win32_1.5.0.202011040924/tools/bin/../lib/gcc/arm-none-eabi/9.3.1/../../../../arm-none-eabi/lib/thumb/v7-m/nofp\libc.a(lib_a-puts.o)
                                          0x2 (size before relaxing)
 .rodata._vfprintf_r.str1.1
                0x000000000800d490       0x34 c:/st/stm32cubeide_1.6.1/stm32cubeide/plugins/com.st.stm32cube.ide.mcu.externaltools.gnu-tools-for-stm32.9-2020-q2-update.win32_1.5.0.202011040924/tools/bin/../lib/gcc/arm-none-eabi/9.3.1/../../../../arm-none-eabi/lib/thumb/v7-m/nofp\libc.a(lib_a-vfprintf.o)
 .rodata.blanks.7350
                0x000000000800d4c4       0x10 c:/st/stm32cubeide_1.6.1/stm32cubeide/plugins/com.st.stm32cube.ide.mcu.externaltools.gnu-tools-for-stm32.9-2020-q2-update.win32_1.5.0.202011040924/tools/bin/../lib/gcc/arm-none-eabi/9.3.1/../../../../arm-none-eabi/lib/thumb/v7-m/nofp\libc.a(lib_a-vfprintf.o)
 .rodata.zeroes.7351
                0x000000000800d4d4       0x10 c:/st/stm32cubeide_1.6.1/stm32cubeide/plugins/com.st.stm32cube.ide.mcu.externaltools.gnu-tools-for-stm32.9-2020-q2-update.win32_1.5.0.202011040924/tools/bin/../lib/gcc/arm-none-eabi/9.3.1/../../../../arm-none-eabi/lib/thumb/v7-m/nofp\libc.a(lib_a-vfprintf.o)
 .rodata._dtoa_r.str1.1
                0x000000000800d4e4       0x7d c:/st/stm32cubeide_1.6.1/stm32cubeide/plugins/com.st.stm32cube.ide.mcu.externaltools.gnu-tools-for-stm32.9-2020-q2-update.win32_1.5.0.202011040924/tools/bin/../lib/gcc/arm-none-eabi/9.3.1/../../../../arm-none-eabi/lib/thumb/v7-m/nofp\libc.a(lib_a-dtoa.o)
                                         0x7f (size before relaxing)
 .rodata.__multadd.str1.1